Archive member included to satisfy reference by file (symbol)

/home/alocin-local/tdx-pq-attestation/tdx_tests/sgxsdk/lib64/libsgx_trts_sim.a(init_enclave.o)
                              (--whole-archive)
/home/alocin-local/tdx-pq-attestation/tdx_tests/sgxsdk/lib64/libsgx_trts_sim.a(trts.o)
                              (--whole-archive)
/home/alocin-local/tdx-pq-attestation/tdx_tests/sgxsdk/lib64/libsgx_trts_sim.a(trts_ecall.o)
                              (--whole-archive)
/home/alocin-local/tdx-pq-attestation/tdx_tests/sgxsdk/lib64/libsgx_trts_sim.a(trts_ocall.o)
                              (--whole-archive)
/home/alocin-local/tdx-pq-attestation/tdx_tests/sgxsdk/lib64/libsgx_trts_sim.a(trts_util.o)
                              (--whole-archive)
/home/alocin-local/tdx-pq-attestation/tdx_tests/sgxsdk/lib64/libsgx_trts_sim.a(trts_veh.o)
                              (--whole-archive)
/home/alocin-local/tdx-pq-attestation/tdx_tests/sgxsdk/lib64/libsgx_trts_sim.a(trts_xsave.o)
                              (--whole-archive)
/home/alocin-local/tdx-pq-attestation/tdx_tests/sgxsdk/lib64/libsgx_trts_sim.a(init_optimized_lib.o)
                              (--whole-archive)
/home/alocin-local/tdx-pq-attestation/tdx_tests/sgxsdk/lib64/libsgx_trts_sim.a(trts_add_trim.o)
                              (--whole-archive)
/home/alocin-local/tdx-pq-attestation/tdx_tests/sgxsdk/lib64/libsgx_trts_sim.a(trts_emm_sim.o)
                              (--whole-archive)
/home/alocin-local/tdx-pq-attestation/tdx_tests/sgxsdk/lib64/libsgx_trts_sim.a(trts_nsp.o)
                              (--whole-archive)
/home/alocin-local/tdx-pq-attestation/tdx_tests/sgxsdk/lib64/libsgx_trts_sim.a(t_instructions.o)
                              (--whole-archive)
/home/alocin-local/tdx-pq-attestation/tdx_tests/sgxsdk/lib64/libsgx_trts_sim.a(deriv.o)
                              (--whole-archive)
/home/alocin-local/tdx-pq-attestation/tdx_tests/sgxsdk/lib64/libsgx_trts_sim.a(lowlib.o)
                              (--whole-archive)
/home/alocin-local/tdx-pq-attestation/tdx_tests/sgxsdk/lib64/libsgx_trts_sim.a(get_tcs.o)
                              (--whole-archive)
/home/alocin-local/tdx-pq-attestation/tdx_tests/sgxsdk/lib64/libsgx_trts_sim.a(restore_tls.o)
                              (--whole-archive)
/home/alocin-local/tdx-pq-attestation/tdx_tests/sgxsdk/lib64/libsgx_trts_sim.a(trts_pic.o)
                              (--whole-archive)
/home/alocin-local/tdx-pq-attestation/tdx_tests/sgxsdk/lib64/libsgx_trts_sim.a(metadata_sec.o)
                              (--whole-archive)
/home/alocin-local/tdx-pq-attestation/tdx_tests/sgxsdk/lib64/libsgx_trts_sim.a(xsave_gnu.o)
                              (--whole-archive)
/home/alocin-local/tdx-pq-attestation/tdx_tests/sgxsdk/lib64/libsgx_trts_sim.a(thunk.o)
                              (--whole-archive)
/home/alocin-local/tdx-pq-attestation/tdx_tests/sgxsdk/lib64/libsgx_trts_sim.a(elf_parser.o)
                              (--whole-archive)
/home/alocin-local/tdx-pq-attestation/tdx_tests/sgxsdk/lib64/libsgx_trts_sim.a(global_init.o)
                              (--whole-archive)
/home/alocin-local/tdx-pq-attestation/tdx_tests/sgxsdk/lib64/libsgx_trts_sim.a(tls_support.o)
                              (--whole-archive)
/home/alocin-local/tdx-pq-attestation/tdx_tests/sgxsdk/lib64/libsgx_tstdc.a(alloca.o)
                              /home/alocin-local/tdx-pq-attestation/tdx_tests/sgxsdk/lib64/libsgx_trts_sim.a(trts_veh.o) (alloca)
/home/alocin-local/tdx-pq-attestation/tdx_tests/sgxsdk/lib64/libsgx_tstdc.a(sbrk.o)
                              /home/alocin-local/tdx-pq-attestation/tdx_tests/sgxsdk/lib64/libsgx_trts_sim.a(init_enclave.o) (heap_init)
/home/alocin-local/tdx-pq-attestation/tdx_tests/sgxsdk/lib64/libsgx_tstdc.a(spinlock.o)
                              /home/alocin-local/tdx-pq-attestation/tdx_tests/sgxsdk/lib64/libsgx_trts_sim.a(trts.o) (sgx_spin_lock)
/home/alocin-local/tdx-pq-attestation/tdx_tests/sgxsdk/lib64/libsgx_tstdc.a(malloc.o)
                              id_enclave.o (malloc)
/home/alocin-local/tdx-pq-attestation/tdx_tests/sgxsdk/lib64/libsgx_tstdc.a(memcmp.o)
                              /home/alocin-local/tdx-pq-attestation/tdx_tests/sgxsdk/lib64/libsgx_trts_sim.a(t_instructions.o) (memcmp)
/home/alocin-local/tdx-pq-attestation/tdx_tests/sgxsdk/lib64/libsgx_tstdc.a(memcpy.o)
                              id_enclave.o (memcpy)
/home/alocin-local/tdx-pq-attestation/tdx_tests/sgxsdk/lib64/libsgx_tstdc.a(memset.o)
                              id_enclave.o (memset)
/home/alocin-local/tdx-pq-attestation/tdx_tests/sgxsdk/lib64/libsgx_tstdc.a(memset_s.o)
                              id_enclave.o (memset_s)
/home/alocin-local/tdx-pq-attestation/tdx_tests/sgxsdk/lib64/libsgx_tstdc.a(se_string_init.o)
                              /home/alocin-local/tdx-pq-attestation/tdx_tests/sgxsdk/lib64/libsgx_trts_sim.a(init_optimized_lib.o) (sgx_init_string_lib)
[...]
Memory Configuration

Name             Origin             Length             Attributes
*default*        0x0000000000000000 0xffffffffffffffff

Linker script and memory map

LOAD id_enclave.o
LOAD version.o
LOAD /home/alocin-local/tdx-pq-attestation/tdx_tests/sgxsdk/lib64/libsgx_trts_sim.a
START GROUP
LOAD /home/alocin-local/tdx-pq-attestation/tdx_tests/sgxsdk/lib64/libsgx_tstdc.a
LOAD /home/alocin-local/tdx-pq-attestation/tdx_tests/sgxsdk/lib64/libsgx_tservice_sim.a
LOAD /home/alocin-local/tdx-pq-attestation/tdx_tests/sgxsdk/lib64/libsgx_tcxx.a
LOAD /home/alocin-local/tdx-pq-attestation/tdx_tests/sgxsdk/lib64/libsgx_tcrypto.a
END GROUP
                0x0000000000000000                __ImageBase = 0x0
                [!provide]                        PROVIDE (__executable_start = SEGMENT_START ("text-segment", 0x0))
                0x00000000000002a8                . = (SEGMENT_START ("text-segment", 0x0) + SIZEOF_HEADERS)

.interp         0x00000000000002a8       0x1c
 *(.interp)
 .interp        0x00000000000002a8       0x1c id_enclave.o

.note.gnu.build-id
                0x00000000000002c4       0x24
 *(.note.gnu.build-id)
 .note.gnu.build-id
                0x00000000000002c4       0x24 id_enclave.o

.hash
 *(.hash)

.gnu.hash       0x00000000000002e8       0x34
 *(.gnu.hash)
 .gnu.hash      0x00000000000002e8       0x34 id_enclave.o

.dynsym         0x0000000000000320       0x90
 *(.dynsym)
 .dynsym        0x0000000000000320       0x90 id_enclave.o

.dynstr         0x00000000000003b0       0x6f
 *(.dynstr)
 .dynstr        0x00000000000003b0       0x6f id_enclave.o

.gnu.version    0x0000000000000420        0x0
 *(.gnu.version)
 .gnu.version   0x0000000000000420        0x0 id_enclave.o

.gnu.version_d  0x0000000000000420        0x0
 *(.gnu.version_d)
 .gnu.version_d
                0x0000000000000420        0x0 id_enclave.o

.gnu.version_r  0x0000000000000420        0x0
 *(.gnu.version_r)
 .gnu.version_r
                0x0000000000000420        0x0 id_enclave.o

.rela.dyn       0x0000000000000420      0x708
 *(.rela.init)
 *(.rela.text .rela.text.* .rela.gnu.linkonce.t.*)
 .rela.text._ZL10trts_ecalljPv
                0x0000000000000420        0x0 id_enclave.o
 *(.rela.fini)
 *(.rela.rodata .rela.rodata.* .rela.gnu.linkonce.r.*)
 *(.rela.data .rela.data.* .rela.gnu.linkonce.d.*)
 .rela.data.rel.ro
                0x0000000000000420        0x0 id_enclave.o
 .rela.data.rel.ro.local.g_ecall_table
                0x0000000000000420       0x30 id_enclave.o
 .rela.data.rel.ro.__memset_vp
                0x0000000000000450       0x18 id_enclave.o
 .rela.data.rel.ro.local
                0x0000000000000468      0x408 id_enclave.o
 .rela.data.rel.local
                0x0000000000000870      0x1c8 id_enclave.o
 *(.rela.tdata .rela.tdata.* .rela.gnu.linkonce.td.*)
 *(.rela.tbss .rela.tbss.* .rela.gnu.linkonce.tb.*)
 *(.rela.ctors)
 *(.rela.dtors)
 *(.rela.got)
 .rela.got      0x0000000000000a38       0x90 id_enclave.o
 *(.rela.bss .rela.bss.* .rela.gnu.linkonce.b.*)
 .rela.bss      0x0000000000000ac8        0x0 id_enclave.o
 *(.rela.ldata .rela.ldata.* .rela.gnu.linkonce.l.*)
 *(.rela.lbss .rela.lbss.* .rela.gnu.linkonce.lb.*)
 *(.rela.lrodata .rela.lrodata.* .rela.gnu.linkonce.lr.*)
 *(.rela.ifunc)
 .rela.ifunc    0x0000000000000ac8        0x0 id_enclave.o
 .rela.nipx     0x0000000000000ac8        0x0 id_enclave.o
 .rela.fini_array
                0x0000000000000ac8       0x60 id_enclave.o

.rela.plt       0x0000000000000b28        0x0
 *(.rela.plt)
 .rela.plt      0x0000000000000b28        0x0 id_enclave.o
 *(.rela.iplt)

.relr.dyn
 *(.relr.dyn)
                0x0000000000001000                . = ALIGN (CONSTANT (MAXPAGESIZE))

.init
 *(SORT_NONE(.init))

.plt            0x0000000000001000       0x10
 *(.plt)
 .plt           0x0000000000001000       0x10 id_enclave.o
 *(.iplt)

.plt.got        0x0000000000001010        0x8
 *(.plt.got)
 .plt.got       0x0000000000001010        0x8 id_enclave.o

.plt.sec
 *(.plt.sec)

.text           0x0000000000001040    0x2afac
 *(.text.unlikely .text.*_unlikely .text.unlikely.*)
 *(.text.exit .text.exit.*)
 .text.exit.tstdc_access_version_dummy1
                0x0000000000001040       0x13 /home/alocin-local/tdx-pq-attestation/tdx_tests/sgxsdk/lib64/libsgx_tstdc.a(se_string_init.o)
                0x0000000000001040                tstdc_access_version_dummy1
 *fill*         0x0000000000001053        0xd 
 .text.exit.tservice_access_version_dummy1
                0x0000000000001060       0x13 /home/alocin-local/tdx-pq-attestation/tdx_tests/sgxsdk/lib64/libsgx_tservice_sim.a(sgx_create_report.o)
                0x0000000000001060                tservice_access_version_dummy1
 *fill*         0x0000000000001073        0xd 
 .text.exit.tservice_access_version_dummy2
                0x0000000000001080       0x13 /home/alocin-local/tdx-pq-attestation/tdx_tests/sgxsdk/lib64/libsgx_tservice_sim.a(sgx_get_key.o)
                0x0000000000001080                tservice_access_version_dummy2
 *fill*         0x0000000000001093        0xd 
 .text.exit.tcrypto_access_version_dummy1
                0x00000000000010a0       0x13 /home/alocin-local/tdx-pq-attestation/tdx_tests/sgxsdk/lib64/libsgx_tcrypto.a(init_tcrypto_lib.o)
                0x00000000000010a0                tcrypto_access_version_dummy1
 *(.text.startup .text.startup.*)
 *(.text.hot .text.hot.*)
 *(SORT_BY_NAME(.text.sorted.*))
 *(.text .stub .text.* .gnu.linkonce.t.*)
 *fill*         0x00000000000010b3        0xd 
 .text.ide_get_id.part.0
                0x00000000000010c0      0x124 id_enclave.o
 *fill*         0x00000000000011e4        0xc 
 .text._ZL14sgx_ide_get_idPv
                0x00000000000011f0      0x1bf id_enclave.o
 *fill*         0x00000000000013af        0x1 
 .text.ide_get_pce_encrypt_key
                0x00000000000013b0      0x20f id_enclave.o
                0x00000000000013b0                ide_get_pce_encrypt_key
 *fill*         0x00000000000015bf        0x1 
 .text._ZL27sgx_ide_get_pce_encrypt_keyPv
                0x00000000000015c0      0x515 id_enclave.o
 *fill*         0x0000000000001ad5        0xb 
 .text.sgx_is_within_enclave
                0x0000000000001ae0       0x4a /home/alocin-local/tdx-pq-attestation/tdx_tests/sgxsdk/lib64/libsgx_trts_sim.a(trts.o)
                0x0000000000001ae0                sgx_is_within_enclave
 *fill*         0x0000000000001b2a        0x6 
 .text.sgx_is_outside_enclave
                0x0000000000001b30       0x4a /home/alocin-local/tdx-pq-attestation/tdx_tests/sgxsdk/lib64/libsgx_trts_sim.a(trts.o)
                0x0000000000001b30                sgx_is_outside_enclave
 *fill*         0x0000000000001b7a        0x6 
 .text.sgx_read_rand
                0x0000000000001b80      0x18f /home/alocin-local/tdx-pq-attestation/tdx_tests/sgxsdk/lib64/libsgx_trts_sim.a(trts.o)
                0x0000000000001b80                sgx_read_rand
 *fill*         0x0000000000001d0f        0x1 
 .text.check_static_stack_canary
                0x0000000000001d10       0x1b /home/alocin-local/tdx-pq-attestation/tdx_tests/sgxsdk/lib64/libsgx_trts_sim.a(trts.o)
                0x0000000000001d10                check_static_stack_canary
 *fill*         0x0000000000001d2b        0x5 
 .text.sgx_wrpkru
                0x0000000000001d30       0x22 /home/alocin-local/tdx-pq-attestation/tdx_tests/sgxsdk/lib64/libsgx_trts_sim.a(trts.o)
                0x0000000000001d30                sgx_wrpkru
 *fill*         0x0000000000001d52        0xe 
 .text._pthread_thread_run
                0x0000000000001d60        0x7 /home/alocin-local/tdx-pq-attestation/tdx_tests/sgxsdk/lib64/libsgx_trts_sim.a(trts_ecall.o)
                0x0000000000001d60                _pthread_thread_run
 *fill*         0x0000000000001d67        0x9 
 .text._ZL10trts_ecalljPv
                0x0000000000001d70      0x153 /home/alocin-local/tdx-pq-attestation/tdx_tests/sgxsdk/lib64/libsgx_trts_sim.a(trts_ecall.o)
 *fill*         0x0000000000001ec3        0xd 
 .text._Z30_random_stack_noinline_wrapperI9_status_tJjPvEJRiRS1_EET_PFS4_DpT0_EDpOT1_.constprop.0.isra.0
                0x0000000000001ed0        0x5 /home/alocin-local/tdx-pq-attestation/tdx_tests/sgxsdk/lib64/libsgx_trts_sim.a(trts_ecall.o)
 *fill*         0x0000000000001ed5        0xb 
 .text._Z16_pthread_enabledv
                0x0000000000001ee0        0x7 /home/alocin-local/tdx-pq-attestation/tdx_tests/sgxsdk/lib64/libsgx_trts_sim.a(trts_ecall.o)
                0x0000000000001ee0                _pthread_enabled()
 *fill*         0x0000000000001ee7        0x9 
 .text._Z24_pthread_tls_store_state9_status_t
                0x0000000000001ef0        0x5 /home/alocin-local/tdx-pq-attestation/tdx_tests/sgxsdk/lib64/libsgx_trts_sim.a(trts_ecall.o)
                0x0000000000001ef0                _pthread_tls_store_state(_status_t)
 *fill*         0x0000000000001ef5        0xb 
 .text._Z22_pthread_tls_get_statev
                0x0000000000001f00        0x7 /home/alocin-local/tdx-pq-attestation/tdx_tests/sgxsdk/lib64/libsgx_trts_sim.a(trts_ecall.o)
                0x0000000000001f00                _pthread_tls_get_state()
 *fill*         0x0000000000001f07        0x9 
 .text._Z26_pthread_tls_store_contextPv
                0x0000000000001f10        0x5 /home/alocin-local/tdx-pq-attestation/tdx_tests/sgxsdk/lib64/libsgx_trts_sim.a(trts_ecall.o)
                0x0000000000001f10                _pthread_tls_store_context(void*)
 *fill*         0x0000000000001f15        0xb 
 .text._Z20_pthread_wakeup_joinPv
                0x0000000000001f20        0x5 /home/alocin-local/tdx-pq-attestation/tdx_tests/sgxsdk/lib64/libsgx_trts_sim.a(trts_ecall.o)
                0x0000000000001f20                _pthread_wakeup_join(void*)
 *fill*         0x0000000000001f25        0xb 
 .text._Z24_pthread_tls_destructorsv
                0x0000000000001f30        0x5 /home/alocin-local/tdx-pq-attestation/tdx_tests/sgxsdk/lib64/libsgx_trts_sim.a(trts_ecall.o)
                0x0000000000001f30                _pthread_tls_destructors()
 *fill*         0x0000000000001f35        0xb 
 .text.tc_set_idle
                0x0000000000001f40        0x5 /home/alocin-local/tdx-pq-attestation/tdx_tests/sgxsdk/lib64/libsgx_trts_sim.a(trts_ecall.o)
                0x0000000000001f40                tc_set_idle
 *fill*         0x0000000000001f45        0xb 
 .text.do_init_thread
                0x0000000000001f50      0x19d /home/alocin-local/tdx-pq-attestation/tdx_tests/sgxsdk/lib64/libsgx_trts_sim.a(trts_ecall.o)
                0x0000000000001f50                do_init_thread
 *fill*         0x00000000000020ed        0x3 
 .text.do_ecall
                0x00000000000020f0      0x20b /home/alocin-local/tdx-pq-attestation/tdx_tests/sgxsdk/lib64/libsgx_trts_sim.a(trts_ecall.o)
                0x00000000000020f0                do_ecall
 *fill*         0x00000000000022fb        0x5 
 .text.do_ecall_add_thread
                0x0000000000002300      0x1a0 /home/alocin-local/tdx-pq-attestation/tdx_tests/sgxsdk/lib64/libsgx_trts_sim.a(trts_ecall.o)
                0x0000000000002300                do_ecall_add_thread
 .text.do_uninit_enclave
                0x00000000000024a0       0x19 /home/alocin-local/tdx-pq-attestation/tdx_tests/sgxsdk/lib64/libsgx_trts_sim.a(trts_ecall.o)
                0x00000000000024a0                do_uninit_enclave
 *fill*         0x00000000000024b9        0x7 
 .text.update_ocall_lastsp
                0x00000000000024c0       0x3b /home/alocin-local/tdx-pq-attestation/tdx_tests/sgxsdk/lib64/libsgx_trts_sim.a(trts_ocall.o)
                0x00000000000024c0                update_ocall_lastsp
 *fill*         0x00000000000024fb        0x5 
 .text.do_oret  0x0000000000002500       0x8b /home/alocin-local/tdx-pq-attestation/tdx_tests/sgxsdk/lib64/libsgx_trts_sim.a(trts_ocall.o)
                0x0000000000002500                do_oret
 *fill*         0x000000000000258b        0x5 
 .text.get_heap_base
                0x0000000000002590       0x1c /home/alocin-local/tdx-pq-attestation/tdx_tests/sgxsdk/lib64/libsgx_trts_sim.a(trts_util.o)
                0x0000000000002590                get_heap_base
 *fill*         0x00000000000025ac        0x4 
 .text.get_heap_size
                0x00000000000025b0       0x61 /home/alocin-local/tdx-pq-attestation/tdx_tests/sgxsdk/lib64/libsgx_trts_sim.a(trts_util.o)
                0x00000000000025b0                get_heap_size
 *fill*         0x0000000000002611        0xf 
 .text.get_heap_min_size
                0x0000000000002620       0x53 /home/alocin-local/tdx-pq-attestation/tdx_tests/sgxsdk/lib64/libsgx_trts_sim.a(trts_util.o)
                0x0000000000002620                get_heap_min_size
 *fill*         0x0000000000002673        0xd 
 .text.get_rsrv_base
                0x0000000000002680       0x1c /home/alocin-local/tdx-pq-attestation/tdx_tests/sgxsdk/lib64/libsgx_trts_sim.a(trts_util.o)
                0x0000000000002680                get_rsrv_base
 *fill*         0x000000000000269c        0x4 
 .text.get_rsrv_size
                0x00000000000026a0       0x61 /home/alocin-local/tdx-pq-attestation/tdx_tests/sgxsdk/lib64/libsgx_trts_sim.a(trts_util.o)
                0x00000000000026a0                get_rsrv_size
 *fill*         0x0000000000002701        0xf 
 .text.get_rsrv_min_size
                0x0000000000002710       0x53 /home/alocin-local/tdx-pq-attestation/tdx_tests/sgxsdk/lib64/libsgx_trts_sim.a(trts_util.o)
                0x0000000000002710                get_rsrv_min_size
 *fill*         0x0000000000002763        0xd 
 .text.get_errno_addr
                0x0000000000002770       0x16 /home/alocin-local/tdx-pq-attestation/tdx_tests/sgxsdk/lib64/libsgx_trts_sim.a(trts_util.o)
                0x0000000000002770                get_errno_addr
 *fill*         0x0000000000002786        0xa 
 .text.feature_supported
                0x0000000000002790       0x43 /home/alocin-local/tdx-pq-attestation/tdx_tests/sgxsdk/lib64/libsgx_trts_sim.a(trts_util.o)
                0x0000000000002790                feature_supported
 *fill*         0x00000000000027d3        0xd 
 .text.is_stack_addr
                0x00000000000027e0       0x3f /home/alocin-local/tdx-pq-attestation/tdx_tests/sgxsdk/lib64/libsgx_trts_sim.a(trts_util.o)
                0x00000000000027e0                is_stack_addr
 *fill*         0x000000000000281f        0x1 
 .text.is_valid_sp
                0x0000000000002820       0x2e /home/alocin-local/tdx-pq-attestation/tdx_tests/sgxsdk/lib64/libsgx_trts_sim.a(trts_util.o)
                0x0000000000002820                is_valid_sp
 *fill*         0x000000000000284e        0x2 
 .text.is_utility_thread
                0x0000000000002850       0x22 /home/alocin-local/tdx-pq-attestation/tdx_tests/sgxsdk/lib64/libsgx_trts_sim.a(trts_util.o)
                0x0000000000002850                is_utility_thread
 *fill*         0x0000000000002872        0xe 
 .text.is_pkru_enabled
                0x0000000000002880       0x19 /home/alocin-local/tdx-pq-attestation/tdx_tests/sgxsdk/lib64/libsgx_trts_sim.a(trts_util.o)
                0x0000000000002880                is_pkru_enabled
 *fill*         0x0000000000002899        0x7 
 .text.get_xsave_size
                0x00000000000028a0        0xc /home/alocin-local/tdx-pq-attestation/tdx_tests/sgxsdk/lib64/libsgx_trts_sim.a(trts_util.o)
                0x00000000000028a0                get_xsave_size
 *fill*         0x00000000000028ac        0x4 
 .text.internal_handle_exception
                0x00000000000028b0      0x1e8 /home/alocin-local/tdx-pq-attestation/tdx_tests/sgxsdk/lib64/libsgx_trts_sim.a(trts_veh.o)
                0x00000000000028b0                internal_handle_exception
 *fill*         0x0000000000002a98        0x8 
 .text.trts_handle_exception
                0x0000000000002aa0      0x36a /home/alocin-local/tdx-pq-attestation/tdx_tests/sgxsdk/lib64/libsgx_trts_sim.a(trts_veh.o)
                0x0000000000002aa0                trts_handle_exception
 *fill*         0x0000000000002e0a        0x6 
 .text.get_xfeature_state
                0x0000000000002e10       0x32 /home/alocin-local/tdx-pq-attestation/tdx_tests/sgxsdk/lib64/libsgx_trts_sim.a(trts_xsave.o)
                0x0000000000002e10                get_xfeature_state
 *fill*         0x0000000000002e42        0xe 
 .text.init_optimized_libs
                0x0000000000002e50      0x119 /home/alocin-local/tdx-pq-attestation/tdx_tests/sgxsdk/lib64/libsgx_trts_sim.a(init_optimized_lib.o)
                0x0000000000002e50                init_optimized_libs
 *fill*         0x0000000000002f69        0x7 
 .text.do_add_thread
                0x0000000000002f70        0x7 /home/alocin-local/tdx-pq-attestation/tdx_tests/sgxsdk/lib64/libsgx_trts_sim.a(trts_add_trim.o)
                0x0000000000002f70                do_add_thread
 *fill*         0x0000000000002f77        0x9 
 .text.mm_commit
                0x0000000000002f80        0x7 /home/alocin-local/tdx-pq-attestation/tdx_tests/sgxsdk/lib64/libsgx_trts_sim.a(trts_emm_sim.o)
                0x0000000000002f80                mm_commit
 *fill*         0x0000000000002f87        0x9 
 .text.mm_uncommit
                0x0000000000002f90        0x7 /home/alocin-local/tdx-pq-attestation/tdx_tests/sgxsdk/lib64/libsgx_trts_sim.a(trts_emm_sim.o)
                0x0000000000002f90                mm_uncommit
 .text._ZL8_EGETKEYP14_key_request_tPh
                0x0000000000002f97     0x1105 /home/alocin-local/tdx-pq-attestation/tdx_tests/sgxsdk/lib64/libsgx_trts_sim.a(t_instructions.o)
 .text._ZL8_EREPORTPK14_target_info_tPK18_sgx_report_data_tP9_report_t
                0x000000000000409c      0x52a /home/alocin-local/tdx-pq-attestation/tdx_tests/sgxsdk/lib64/libsgx_trts_sim.a(t_instructions.o)
 .text.get_base_key
                0x00000000000045c6       0x6e /home/alocin-local/tdx-pq-attestation/tdx_tests/sgxsdk/lib64/libsgx_trts_sim.a(deriv.o)
                0x00000000000045c6                get_base_key
 .text.derive_key
                0x0000000000004634       0x58 /home/alocin-local/tdx-pq-attestation/tdx_tests/sgxsdk/lib64/libsgx_trts_sim.a(deriv.o)
                0x0000000000004634                derive_key
 .text.cmac     0x000000000000468c       0x34 /home/alocin-local/tdx-pq-attestation/tdx_tests/sgxsdk/lib64/libsgx_trts_sim.a(deriv.o)
                0x000000000000468c                cmac
 .text.do_relocs
                0x00000000000046c0      0x1d8 /home/alocin-local/tdx-pq-attestation/tdx_tests/sgxsdk/lib64/libsgx_trts_sim.a(elf_parser.o)
 *fill*         0x0000000000004898        0x8 
 .text.relocate_enclave
                0x00000000000048a0      0x221 /home/alocin-local/tdx-pq-attestation/tdx_tests/sgxsdk/lib64/libsgx_trts_sim.a(elf_parser.o)
                0x00000000000048a0                relocate_enclave
 *fill*         0x0000000000004ac1        0xf 
 .text.get_aligned_enclave_segments_size
                0x0000000000004ad0       0xa4 /home/alocin-local/tdx-pq-attestation/tdx_tests/sgxsdk/lib64/libsgx_trts_sim.a(elf_parser.o)
                0x0000000000004ad0                get_aligned_enclave_segments_size
 *fill*         0x0000000000004b74        0xc 
 .text.elf_tls_info
                0x0000000000004b80       0x96 /home/alocin-local/tdx-pq-attestation/tdx_tests/sgxsdk/lib64/libsgx_trts_sim.a(elf_parser.o)
                0x0000000000004b80                elf_tls_info
 *fill*         0x0000000000004c16        0xa 
 .text.elf_get_init_array
                0x0000000000004c20       0xe4 /home/alocin-local/tdx-pq-attestation/tdx_tests/sgxsdk/lib64/libsgx_trts_sim.a(elf_parser.o)
                0x0000000000004c20                elf_get_init_array
 *fill*         0x0000000000004d04        0xc 
 .text.is_shared_object
                0x0000000000004d10       0x29 /home/alocin-local/tdx-pq-attestation/tdx_tests/sgxsdk/lib64/libsgx_trts_sim.a(elf_parser.o)
                0x0000000000004d10                is_shared_object
 *fill*         0x0000000000004d39        0x7 
 .text.__relocate_fips_module
                0x0000000000004d40        0x7 /home/alocin-local/tdx-pq-attestation/tdx_tests/sgxsdk/lib64/libsgx_trts_sim.a(elf_parser.o)
                0x0000000000004d40                relocate_fips_module
                0x0000000000004d40                __relocate_fips_module
 *fill*         0x0000000000004d47        0x9 
 .text.do_ctors_aux
                0x0000000000004d50       0x8f /home/alocin-local/tdx-pq-attestation/tdx_tests/sgxsdk/lib64/libsgx_trts_sim.a(global_init.o)
 *fill*         0x0000000000004ddf        0x1 
 .text.init_global_object
                0x0000000000004de0       0x39 /home/alocin-local/tdx-pq-attestation/tdx_tests/sgxsdk/lib64/libsgx_trts_sim.a(global_init.o)
                0x0000000000004de0                init_global_object
 *fill*         0x0000000000004e19        0x7 
 .text          0x0000000000004e20       0x19 /home/alocin-local/tdx-pq-attestation/tdx_tests/sgxsdk/lib64/libsgx_tstdc.a(alloca.o)
                0x0000000000004e20                alloca
 *fill*         0x0000000000004e39        0x7 
 .text.heap_init
                0x0000000000004e40       0x64 /home/alocin-local/tdx-pq-attestation/tdx_tests/sgxsdk/lib64/libsgx_tstdc.a(sbrk.o)
                0x0000000000004e40                heap_init
 *fill*         0x0000000000004ea4        0xc 
 .text.sbrk     0x0000000000004eb0      0x11c /home/alocin-local/tdx-pq-attestation/tdx_tests/sgxsdk/lib64/libsgx_tstdc.a(sbrk.o)
                0x0000000000004eb0                sbrk
 *fill*         0x0000000000004fcc        0x4 
 .text.sgx_spin_lock
                0x0000000000004fd0       0x8e /home/alocin-local/tdx-pq-attestation/tdx_tests/sgxsdk/lib64/libsgx_tstdc.a(spinlock.o)
                0x0000000000004fd0                sgx_spin_lock
 *fill*         0x000000000000505e        0x2 
 .text.sgx_spin_unlock
                0x0000000000005060        0xd /home/alocin-local/tdx-pq-attestation/tdx_tests/sgxsdk/lib64/libsgx_tstdc.a(spinlock.o)
                0x0000000000005060                sgx_spin_unlock
 *fill*         0x000000000000506d        0x3 
 .text.init_mparams.isra.0
                0x0000000000005070       0xe1 /home/alocin-local/tdx-pq-attestation/tdx_tests/sgxsdk/lib64/libsgx_tstdc.a(malloc.o)
 *fill*         0x0000000000005151        0xf 
 .text.dlmalloc
                0x0000000000005160     0x1b4e /home/alocin-local/tdx-pq-attestation/tdx_tests/sgxsdk/lib64/libsgx_tstdc.a(malloc.o)
                0x0000000000005160                malloc
                0x0000000000005160                dlmalloc
 *fill*         0x0000000000006cae        0x2 
 .text.dlfree   0x0000000000006cb0      0xb00 /home/alocin-local/tdx-pq-attestation/tdx_tests/sgxsdk/lib64/libsgx_tstdc.a(malloc.o)
                0x0000000000006cb0                dlfree
                0x0000000000006cb0                free
 .text.memcmp   0x00000000000077b0       0x33 /home/alocin-local/tdx-pq-attestation/tdx_tests/sgxsdk/lib64/libsgx_tstdc.a(memcmp.o)
                0x00000000000077b0                memcmp
 *fill*         0x00000000000077e3        0xd 
 .text.__memcpy.part.0
                0x00000000000077f0       0xce /home/alocin-local/tdx-pq-attestation/tdx_tests/sgxsdk/lib64/libsgx_tstdc.a(memcpy.o)
 *fill*         0x00000000000078be        0x2 
 .text.memcpy_verw
                0x00000000000078c0       0xb3 /home/alocin-local/tdx-pq-attestation/tdx_tests/sgxsdk/lib64/libsgx_tstdc.a(memcpy.o)
                0x00000000000078c0                memcpy_verw
 *fill*         0x0000000000007973        0xd 
 .text.copy_external_memory
                0x0000000000007980       0xed /home/alocin-local/tdx-pq-attestation/tdx_tests/sgxsdk/lib64/libsgx_tstdc.a(memcpy.o)
 *fill*         0x0000000000007a6d        0x3 
 .text.memcpy   0x0000000000007a70      0x137 /home/alocin-local/tdx-pq-attestation/tdx_tests/sgxsdk/lib64/libsgx_tstdc.a(memcpy.o)
                0x0000000000007a70                memcpy
 *fill*         0x0000000000007ba7        0x9 
 .text.memset_verw
                0x0000000000007bb0       0xf1 /home/alocin-local/tdx-pq-attestation/tdx_tests/sgxsdk/lib64/libsgx_tstdc.a(memset.o)
                0x0000000000007bb0                memset_verw
 *fill*         0x0000000000007ca1        0xf 
 .text.memset   0x0000000000007cb0        0x9 /home/alocin-local/tdx-pq-attestation/tdx_tests/sgxsdk/lib64/libsgx_tstdc.a(memset.o)
                0x0000000000007cb0                memset
 *fill*         0x0000000000007cb9        0x7 
 .text.memset_s
                0x0000000000007cc0       0x4f /home/alocin-local/tdx-pq-attestation/tdx_tests/sgxsdk/lib64/libsgx_tstdc.a(memset_s.o)
                0x0000000000007cc0                memset_s
 *fill*         0x0000000000007d0f        0x1 
 .text.sgx_init_string_lib
                0x0000000000007d10        0x7 /home/alocin-local/tdx-pq-attestation/tdx_tests/sgxsdk/lib64/libsgx_tstdc.a(se_string_init.o)
                0x0000000000007d10                sgx_init_string_lib
 *fill*         0x0000000000007d17        0x9 
 .text.__stack_chk_fail
                0x0000000000007d20        0xf /home/alocin-local/tdx-pq-attestation/tdx_tests/sgxsdk/lib64/libsgx_tstdc.a(stack_chk.o)
                0x0000000000007d20                __stack_chk_fail
 *fill*         0x0000000000007d2f        0x1 
 .text.memcpy_s
                0x0000000000007d30       0x72 /home/alocin-local/tdx-pq-attestation/tdx_tests/sgxsdk/lib64/libsgx_tstdc.a(memcpy_s.o)
                0x0000000000007d30                memcpy_s
 *fill*         0x0000000000007da2        0xe 
 .text.memcpy_verw_s
                0x0000000000007db0       0x72 /home/alocin-local/tdx-pq-attestation/tdx_tests/sgxsdk/lib64/libsgx_tstdc.a(memcpy_s.o)
                0x0000000000007db0                memcpy_verw_s
 .text          0x0000000000007e22      0x138 /home/alocin-local/tdx-pq-attestation/tdx_tests/sgxsdk/lib64/libsgx_tstdc.a(_setjmp.o)
                0x0000000000007e22                setjmp
                0x0000000000007e22                _setjmp
                0x0000000000007eaf                longjmp
                0x0000000000007eaf                _longjmp
 *fill*         0x0000000000007f5a        0x6 
 .text.rsrv_mem_init
                0x0000000000007f60       0x58 /home/alocin-local/tdx-pq-attestation/tdx_tests/sgxsdk/lib64/libsgx_tstdc.a(sgx_rsrv_mem_init.o)
                0x0000000000007f60                rsrv_mem_init
 *fill*         0x0000000000007fb8        0x8 
 .text.__errno  0x0000000000007fc0        0x9 /home/alocin-local/tdx-pq-attestation/tdx_tests/sgxsdk/lib64/libsgx_tstdc.a(errno.o)
                0x0000000000007fc0                __errno
                0x0000000000007fc0                __errno_location
 *fill*         0x0000000000007fc9        0x7 
 .text          0x0000000000007fd0       0x2a /home/alocin-local/tdx-pq-attestation/tdx_tests/sgxsdk/lib64/libsgx_tstdc.a(memcpy_verw.o)
                0x0000000000007fd0                _libc___memcpy_verw
                0x0000000000007fd0                __memcpy_verw
                0x0000000000007ff0                __memcpy_8a
                0x0000000000007ff0                _libc___memcpy_8a
 *fill*         0x0000000000007ffa        0x6 
 .text          0x0000000000008000       0x54 /home/alocin-local/tdx-pq-attestation/tdx_tests/sgxsdk/lib64/libsgx_tstdc.a(memset.o)
                0x0000000000008000                _libc___memset
                0x0000000000008000                __memset
 *fill*         0x0000000000008054        0xc 
 .text.sgx_create_report
                0x0000000000008060      0x18c /home/alocin-local/tdx-pq-attestation/tdx_tests/sgxsdk/lib64/libsgx_tservice_sim.a(sgx_create_report.o)
                0x0000000000008060                sgx_create_report
 *fill*         0x00000000000081ec        0x4 
 .text.sgx_self_report
                0x00000000000081f0       0x66 /home/alocin-local/tdx-pq-attestation/tdx_tests/sgxsdk/lib64/libsgx_tservice_sim.a(sgx_create_report.o)
                0x00000000000081f0                sgx_self_report
 *fill*         0x0000000000008256        0xa 
 .text.sgx_get_key
                0x0000000000008260      0x1aa /home/alocin-local/tdx-pq-attestation/tdx_tests/sgxsdk/lib64/libsgx_tservice_sim.a(sgx_get_key.o)
                0x0000000000008260                sgx_get_key
 *fill*         0x000000000000840a        0x6 
 .text.sgx_init_crypto_lib
                0x0000000000008410        0x9 /home/alocin-local/tdx-pq-attestation/tdx_tests/sgxsdk/lib64/libsgx_tcrypto.a(init_tcrypto_lib.o)
                0x0000000000008410                sgx_init_crypto_lib
 *fill*         0x0000000000008419        0x7 
 .text._ZL22fips_self_test_cmac128v.part.0
                0x0000000000008420       0x96 /home/alocin-local/tdx-pq-attestation/tdx_tests/sgxsdk/lib64/libsgx_tcrypto.a(sgx_cmac128.o)
 *fill*         0x00000000000084b6        0xa 
 .text.sgx_rijndael128_cmac_msg
                0x00000000000084c0      0x1ff /home/alocin-local/tdx-pq-attestation/tdx_tests/sgxsdk/lib64/libsgx_tcrypto.a(sgx_cmac128.o)
                0x00000000000084c0                sgx_rijndael128_cmac_msg
 *fill*         0x00000000000086bf        0x1 
 .text._Z22fips_self_test_hash256v.part.0
                0x00000000000086c0       0xad /home/alocin-local/tdx-pq-attestation/tdx_tests/sgxsdk/lib64/libsgx_tcrypto.a(sgx_sha256.o)
 *fill*         0x000000000000876d        0x3 
 .text.sgx_sha256_init
                0x0000000000008770       0xfc /home/alocin-local/tdx-pq-attestation/tdx_tests/sgxsdk/lib64/libsgx_tcrypto.a(sgx_sha256.o)
                0x0000000000008770                sgx_sha256_init
 *fill*         0x000000000000886c        0x4 
 .text.sgx_sha256_update
                0x0000000000008870       0x86 /home/alocin-local/tdx-pq-attestation/tdx_tests/sgxsdk/lib64/libsgx_tcrypto.a(sgx_sha256.o)
                0x0000000000008870                sgx_sha256_update
 *fill*         0x00000000000088f6        0xa 
 .text.sgx_sha256_get_hash
                0x0000000000008900       0x96 /home/alocin-local/tdx-pq-attestation/tdx_tests/sgxsdk/lib64/libsgx_tcrypto.a(sgx_sha256.o)
                0x0000000000008900                sgx_sha256_get_hash
 *fill*         0x0000000000008996        0xa 
 .text.sgx_sha256_close
                0x00000000000089a0       0x26 /home/alocin-local/tdx-pq-attestation/tdx_tests/sgxsdk/lib64/libsgx_tcrypto.a(sgx_sha256.o)
                0x00000000000089a0                sgx_sha256_close
 *fill*         0x00000000000089c6        0xa 
 .text.init_ipp_cpuid
                0x00000000000089d0      0x245 /home/alocin-local/tdx-pq-attestation/tdx_tests/sgxsdk/lib64/libsgx_tcrypto.a(sgx_common_init_ipp.o)
                0x00000000000089d0                init_ipp_cpuid
 *fill*         0x0000000000008c15        0xb 
 .text.sgx_disp_ippsAES_CMACFinal
                0x0000000000008c20       0x82 /home/alocin-local/tdx-pq-attestation/tdx_tests/sgxsdk/lib64/libsgx_tcrypto.a(ippsAES_CMACFinal.o)
                0x0000000000008c20                sgx_disp_ippsAES_CMACFinal
 *fill*         0x0000000000008ca2        0xe 
 .text.sgx_disp_ippsAES_CMACGetSize
                0x0000000000008cb0       0x5f /home/alocin-local/tdx-pq-attestation/tdx_tests/sgxsdk/lib64/libsgx_tcrypto.a(ippsAES_CMACGetSize.o)
                0x0000000000008cb0                sgx_disp_ippsAES_CMACGetSize
 *fill*         0x0000000000008d0f        0x1 
 .text.sgx_disp_ippsAES_CMACInit
                0x0000000000008d10       0xb0 /home/alocin-local/tdx-pq-attestation/tdx_tests/sgxsdk/lib64/libsgx_tcrypto.a(ippsAES_CMACInit.o)
                0x0000000000008d10                sgx_disp_ippsAES_CMACInit
 .text.sgx_disp_ippsAES_CMACSetupNoise
                0x0000000000008dc0       0x7c /home/alocin-local/tdx-pq-attestation/tdx_tests/sgxsdk/lib64/libsgx_tcrypto.a(ippsAES_CMACSetupNoise.o)
                0x0000000000008dc0                sgx_disp_ippsAES_CMACSetupNoise
 *fill*         0x0000000000008e3c        0x4 
 .text.sgx_disp_ippsAES_CMACUpdate
                0x0000000000008e40       0x82 /home/alocin-local/tdx-pq-attestation/tdx_tests/sgxsdk/lib64/libsgx_tcrypto.a(ippsAES_CMACUpdate.o)
                0x0000000000008e40                sgx_disp_ippsAES_CMACUpdate
 *fill*         0x0000000000008ec2        0xe 
 .text.sgx_disp_ippsHashGetSize_rmf
                0x0000000000008ed0       0x5f /home/alocin-local/tdx-pq-attestation/tdx_tests/sgxsdk/lib64/libsgx_tcrypto.a(ippsHashGetSize_rmf.o)
                0x0000000000008ed0                sgx_disp_ippsHashGetSize_rmf
 *fill*         0x0000000000008f2f        0x1 
 .text.sgx_disp_ippsHashGetTag_rmf
                0x0000000000008f30       0x82 /home/alocin-local/tdx-pq-attestation/tdx_tests/sgxsdk/lib64/libsgx_tcrypto.a(ippsHashGetTag_rmf.o)
                0x0000000000008f30                sgx_disp_ippsHashGetTag_rmf
 *fill*         0x0000000000008fb2        0xe 
 .text.sgx_disp_ippsHashInit_rmf
                0x0000000000008fc0       0x84 /home/alocin-local/tdx-pq-attestation/tdx_tests/sgxsdk/lib64/libsgx_tcrypto.a(ippsHashInit_rmf.o)
                0x0000000000008fc0                sgx_disp_ippsHashInit_rmf
 *fill*         0x0000000000009044        0xc 
 .text.sgx_disp_ippsHashMethod_SHA256_TT
                0x0000000000009050       0x59 /home/alocin-local/tdx-pq-attestation/tdx_tests/sgxsdk/lib64/libsgx_tcrypto.a(ippsHashMethod_SHA256_TT.o)
                0x0000000000009050                sgx_disp_ippsHashMethod_SHA256_TT
 *fill*         0x00000000000090a9        0x7 
 .text.sgx_disp_ippsHashUpdate_rmf
                0x00000000000090b0       0x82 /home/alocin-local/tdx-pq-attestation/tdx_tests/sgxsdk/lib64/libsgx_tcrypto.a(ippsHashUpdate_rmf.o)
                0x00000000000090b0                sgx_disp_ippsHashUpdate_rmf
 *fill*         0x0000000000009132        0xe 
 .text          0x0000000000009140      0xfc9 /home/alocin-local/tdx-pq-attestation/tdx_tests/sgxsdk/lib64/libsgx_tcrypto.a(m7_cpinit.c.o)
                0x00000000000094c0                ippcpGetEnabledCpuFeatures
                0x00000000000094e0                ippcpGetCpuFeatures
                0x0000000000009520                cpGetFeature
                0x0000000000009580                ippcpGetEnabledNumThreads
                0x00000000000095a0                owncpFeaturesToIdx
                0x0000000000009860                ippcpSetNumThreads
                0x0000000000009880                ippcpGetNumThreads
                0x00000000000098a0                ippcpInit
                0x0000000000009b40                ippcpSetCpuFeatures
                0x0000000000009dc0                owncpSetCpuFeaturesAndIdx
                0x000000000000a0c0                ippcpGetStatusString
                0x000000000000a100                ippcpGetCpuClocks
 *fill*         0x000000000000a109       0x17 
 .text          0x000000000000a120      0x1be /home/alocin-local/tdx-pq-attestation/tdx_tests/sgxsdk/lib64/libsgx_tcrypto.a(selftest_aes_upd_cmac.c.o)
                0x000000000000a120                fips_selftest_ippsAES_CMAC_get_size
                0x000000000000a180                fips_selftest_ippsAES_CMACUpdate
 *fill*         0x000000000000a2de        0x2 
 .text          0x000000000000a2e0      0x2d0 /home/alocin-local/tdx-pq-attestation/tdx_tests/sgxsdk/lib64/libsgx_tcrypto.a(selftest_hash_msg_upd_sha.c.o)
                0x000000000000a2e0                fips_selftest_ippsHash_rmf_get_size
                0x000000000000a340                fips_selftest_ippsHashUpdate_rmf
                0x000000000000a4e0                fips_selftest_ippsHashMessage_rmf
 *fill*         0x000000000000a5b0       0x10 
 .text          0x000000000000a5c0      0x19e /home/alocin-local/tdx-pq-attestation/tdx_tests/sgxsdk/lib64/libsgx_tcrypto.a(y8_pcpaes_cmacfinal.c.o)
                0x000000000000a5c0                y8_ippsAES_CMACFinal
 *fill*         0x000000000000a75e        0x2 
 .text          0x000000000000a760       0x18 /home/alocin-local/tdx-pq-attestation/tdx_tests/sgxsdk/lib64/libsgx_tcrypto.a(y8_pcpaes_cmacgetsize.c.o)
                0x000000000000a760                y8_ippsAES_CMACGetSize
 *fill*         0x000000000000a778        0x8 
 .text          0x000000000000a780      0x3a6 /home/alocin-local/tdx-pq-attestation/tdx_tests/sgxsdk/lib64/libsgx_tcrypto.a(y8_pcpaes_cmacgettag.c.o)
                0x000000000000a780                y8_ippsAES_CMACGetTag
 *fill*         0x000000000000ab26       0x1a 
 .text          0x000000000000ab40      0x2ac /home/alocin-local/tdx-pq-attestation/tdx_tests/sgxsdk/lib64/libsgx_tcrypto.a(y8_pcpaes_cmacinit.c.o)
                0x000000000000ab40                y8_ippsAES_CMACInit
 *fill*         0x000000000000adec       0x14 
 .text          0x000000000000ae00      0x5d6 /home/alocin-local/tdx-pq-attestation/tdx_tests/sgxsdk/lib64/libsgx_tcrypto.a(y8_pcpaes_cmacupdate.c.o)
                0x000000000000aea0                y8_ippsAES_CMACUpdate
 *fill*         0x000000000000b3d6        0xa 
 .text          0x000000000000b3e0      0x176 /home/alocin-local/tdx-pq-attestation/tdx_tests/sgxsdk/lib64/libsgx_tcrypto.a(y8_pcpaes_randomnoise.c.o)
                0x000000000000b3e0                y8_cpAESRandomNoise
 *fill*         0x000000000000b556        0xa 
 .text          0x000000000000b560       0x4c /home/alocin-local/tdx-pq-attestation/tdx_tests/sgxsdk/lib64/libsgx_tcrypto.a(y8_pcpaescmac_setupnoise.c.o)
                0x000000000000b560                y8_ippsAES_CMACSetupNoise
 *fill*         0x000000000000b5ac       0x14 
 .text          0x000000000000b5c0      0x1f3 /home/alocin-local/tdx-pq-attestation/tdx_tests/sgxsdk/lib64/libsgx_tcrypto.a(y8_pcpaesminitca.c.o)
                0x000000000000b5c0                y8_ippsAESInit
 *fill*         0x000000000000b7b3        0xd 
 .text          0x000000000000b7c0       0x18 /home/alocin-local/tdx-pq-attestation/tdx_tests/sgxsdk/lib64/libsgx_tcrypto.a(y8_pcphashgetsize_rmf.c.o)
                0x000000000000b7c0                y8_ippsHashGetSize_rmf
 *fill*         0x000000000000b7d8        0x8 
 .text          0x000000000000b7e0       0xc5 /home/alocin-local/tdx-pq-attestation/tdx_tests/sgxsdk/lib64/libsgx_tcrypto.a(y8_pcphashgettag_rmf.c.o)
                0x000000000000b7e0                y8_ippsHashGetTag_rmf
 *fill*         0x000000000000b8a5       0x1b 
 .text          0x000000000000b8c0       0x89 /home/alocin-local/tdx-pq-attestation/tdx_tests/sgxsdk/lib64/libsgx_tcrypto.a(y8_pcphashinit_rmf.c.o)
                0x000000000000b8c0                y8_ippsHashInit_rmf
 *fill*         0x000000000000b949       0x17 
 .text          0x000000000000b960      0x192 /home/alocin-local/tdx-pq-attestation/tdx_tests/sgxsdk/lib64/libsgx_tcrypto.a(y8_pcphashmethod_sha256_tt.c.o)
                0x000000000000ba80                y8_ippsHashMethod_SHA256_TT
 *fill*         0x000000000000baf2        0xe 
 .text          0x000000000000bb00      0x595 /home/alocin-local/tdx-pq-attestation/tdx_tests/sgxsdk/lib64/libsgx_tcrypto.a(y8_pcphashupdate_rmf.c.o)
                0x000000000000bb00                y8_ippsHashUpdate_rmf
 *fill*         0x000000000000c095        0xb 
 .text          0x000000000000c0a0       0x6d /home/alocin-local/tdx-pq-attestation/tdx_tests/sgxsdk/lib64/libsgx_tcrypto.a(y8_pcpprngenca.c.o)
                0x000000000000c0a0                y8_ippsPRNGen
 *fill*         0x000000000000c10d       0x13 
 .text          0x000000000000c120       0x1e /home/alocin-local/tdx-pq-attestation/tdx_tests/sgxsdk/lib64/libsgx_tcrypto.a(y8_pcpprngenhwca.c.o)
                0x000000000000c120                y8_ippsPRNGenRDRAND
 *fill*         0x000000000000c13e        0x2 
 .text          0x000000000000c140      0x145 /home/alocin-local/tdx-pq-attestation/tdx_tests/sgxsdk/lib64/libsgx_tcrypto.a(y8_pcpprnginitca.c.o)
                0x000000000000c140                y8_ippsPRNGInit
 *fill*         0x000000000000c285       0x1b 
 .text          0x000000000000c2a0      0xd92 /home/alocin-local/tdx-pq-attestation/tdx_tests/sgxsdk/lib64/libsgx_tcrypto.a(y8_pcprijkeysca.c.o)
                0x000000000000c2a0                y8_ExpandRijndaelKey
 *fill*         0x000000000000d032        0xe 
 .text          0x000000000000d040       0x33 /home/alocin-local/tdx-pq-attestation/tdx_tests/sgxsdk/lib64/libsgx_tcrypto.a(y8_pcptool.c.o)
                0x000000000000d040                y8_XorBlock16
                0x000000000000d060                y8_CopyBlock16
 *fill*         0x000000000000d073        0xd 
 .text          0x000000000000d080        0xf /home/alocin-local/tdx-pq-attestation/tdx_tests/sgxsdk/lib64/libsgx_tcrypto.a(y8_pcpdelay.asm.o)
                0x000000000000d080                y8__ippcpDelay
 *fill*         0x000000000000d08f        0x1 
 .text          0x000000000000d090       0x6c /home/alocin-local/tdx-pq-attestation/tdx_tests/sgxsdk/lib64/libsgx_tcrypto.a(y8_pcprij128cmace9as.asm.o)
                0x000000000000d090                y8_cpAESCMAC_Update_AES_NI
 *fill*         0x000000000000d0fc        0x4 
 .text          0x000000000000d100      0x320 /home/alocin-local/tdx-pq-attestation/tdx_tests/sgxsdk/lib64/libsgx_tcrypto.a(y8_pcprij128safeencu8as.asm.o)
                0x000000000000d100                y8_TransformNative2Composite
                0x000000000000d150                y8_SafeEncrypt_RIJ128
 .text          0x000000000000d420      0x334 /home/alocin-local/tdx-pq-attestation/tdx_tests/sgxsdk/lib64/libsgx_tcrypto.a(y8_pcpsha256nias.asm.o)
                0x000000000000d420                y8_UpdateSHA256ni
 *fill*         0x000000000000d754        0xc 
 .text          0x000000000000d760     0x238f /home/alocin-local/tdx-pq-attestation/tdx_tests/sgxsdk/lib64/libsgx_tcrypto.a(y8_pcpsha256u8as.asm.o)
                0x000000000000d760                y8_UpdateSHA256
 *fill*         0x000000000000faef       0x11 
 .text          0x000000000000fb00      0x24d /home/alocin-local/tdx-pq-attestation/tdx_tests/sgxsdk/lib64/libsgx_tcrypto.a(e9_cpinitas.asm.o)
                0x000000000000fb00                cpGetReg
                0x000000000000fb40                cp_is_avx_extension
                0x000000000000fb80                cp_is_avx512_extension
                0x000000000000fbc0                cp_issue_avx512_instruction
                0x000000000000fbe0                ippcpSafeInit
                0x000000000000fc00                cp_get_pentium_counter
                0x000000000000fc20                cpStartTscp
                0x000000000000fc40                cpStopTscp
                0x000000000000fc60                cpStartTsc
                0x000000000000fc80                cpStopTsc
                0x000000000000fca0                cpGetCacheSize
 *fill*         0x000000000000fd4d       0x13 
 .text          0x000000000000fd60       0xb3 /home/alocin-local/tdx-pq-attestation/tdx_tests/sgxsdk/lib64/libsgx_tcrypto.a(l9_pcpaes_cmacfinal.c.o)
                0x000000000000fd60                l9_ippsAES_CMACFinal
 *fill*         0x000000000000fe13        0xd 
 .text          0x000000000000fe20       0x18 /home/alocin-local/tdx-pq-attestation/tdx_tests/sgxsdk/lib64/libsgx_tcrypto.a(l9_pcpaes_cmacgetsize.c.o)
                0x000000000000fe20                l9_ippsAES_CMACGetSize
 *fill*         0x000000000000fe38        0x8 
 .text          0x000000000000fe40      0x1f6 /home/alocin-local/tdx-pq-attestation/tdx_tests/sgxsdk/lib64/libsgx_tcrypto.a(l9_pcpaes_cmacgettag.c.o)
                0x000000000000fe40                l9_ippsAES_CMACGetTag
 *fill*         0x0000000000010036        0xa 
 .text          0x0000000000010040      0x2ad /home/alocin-local/tdx-pq-attestation/tdx_tests/sgxsdk/lib64/libsgx_tcrypto.a(l9_pcpaes_cmacinit.c.o)
                0x0000000000010040                l9_ippsAES_CMACInit
 *fill*         0x00000000000102ed       0x13 
 .text          0x0000000000010300      0x4d6 /home/alocin-local/tdx-pq-attestation/tdx_tests/sgxsdk/lib64/libsgx_tcrypto.a(l9_pcpaes_cmacupdate.c.o)
                0x00000000000103a0                l9_ippsAES_CMACUpdate
 *fill*         0x00000000000107d6        0xa 
 .text          0x00000000000107e0      0x176 /home/alocin-local/tdx-pq-attestation/tdx_tests/sgxsdk/lib64/libsgx_tcrypto.a(l9_pcpaes_randomnoise.c.o)
                0x00000000000107e0                l9_cpAESRandomNoise
 *fill*         0x0000000000010956        0xa 
 .text          0x0000000000010960       0x4c /home/alocin-local/tdx-pq-attestation/tdx_tests/sgxsdk/lib64/libsgx_tcrypto.a(l9_pcpaescmac_setupnoise.c.o)
                0x0000000000010960                l9_ippsAES_CMACSetupNoise
 *fill*         0x00000000000109ac       0x14 
 .text          0x00000000000109c0      0x1f3 /home/alocin-local/tdx-pq-attestation/tdx_tests/sgxsdk/lib64/libsgx_tcrypto.a(l9_pcpaesminitca.c.o)
                0x00000000000109c0                l9_ippsAESInit
 *fill*         0x0000000000010bb3        0xd 
 .text          0x0000000000010bc0       0x18 /home/alocin-local/tdx-pq-attestation/tdx_tests/sgxsdk/lib64/libsgx_tcrypto.a(l9_pcphashgetsize_rmf.c.o)
                0x0000000000010bc0                l9_ippsHashGetSize_rmf
 *fill*         0x0000000000010bd8        0x8 
 .text          0x0000000000010be0       0xc2 /home/alocin-local/tdx-pq-attestation/tdx_tests/sgxsdk/lib64/libsgx_tcrypto.a(l9_pcphashgettag_rmf.c.o)
                0x0000000000010be0                l9_ippsHashGetTag_rmf
 *fill*         0x0000000000010ca2       0x1e 
 .text          0x0000000000010cc0       0x72 /home/alocin-local/tdx-pq-attestation/tdx_tests/sgxsdk/lib64/libsgx_tcrypto.a(l9_pcphashinit_rmf.c.o)
                0x0000000000010cc0                l9_ippsHashInit_rmf
 *fill*         0x0000000000010d32        0xe 
 .text          0x0000000000010d40      0x194 /home/alocin-local/tdx-pq-attestation/tdx_tests/sgxsdk/lib64/libsgx_tcrypto.a(l9_pcphashmethod_sha256_tt.c.o)
                0x0000000000010e60                l9_ippsHashMethod_SHA256_TT
 *fill*         0x0000000000010ed4        0xc 
 .text          0x0000000000010ee0      0x353 /home/alocin-local/tdx-pq-attestation/tdx_tests/sgxsdk/lib64/libsgx_tcrypto.a(l9_pcphashupdate_rmf.c.o)
                0x0000000000010ee0                l9_ippsHashUpdate_rmf
 *fill*         0x0000000000011233        0xd 
 .text          0x0000000000011240       0x6d /home/alocin-local/tdx-pq-attestation/tdx_tests/sgxsdk/lib64/libsgx_tcrypto.a(l9_pcpprngenca.c.o)
                0x0000000000011240                l9_ippsPRNGen
 *fill*         0x00000000000112ad       0x13 
 .text          0x00000000000112c0      0x12d /home/alocin-local/tdx-pq-attestation/tdx_tests/sgxsdk/lib64/libsgx_tcrypto.a(l9_pcpprngenhwca.c.o)
                0x00000000000112c0                l9_ippsPRNGenRDRAND
 *fill*         0x00000000000113ed       0x13 
 .text          0x0000000000011400      0x148 /home/alocin-local/tdx-pq-attestation/tdx_tests/sgxsdk/lib64/libsgx_tcrypto.a(l9_pcpprnginitca.c.o)
                0x0000000000011400                l9_ippsPRNGInit
 *fill*         0x0000000000011548       0x18 
 .text          0x0000000000011560      0xe4e /home/alocin-local/tdx-pq-attestation/tdx_tests/sgxsdk/lib64/libsgx_tcrypto.a(l9_pcprijkeysca.c.o)
                0x0000000000011560                l9_ExpandRijndaelKey
 *fill*         0x00000000000123ae       0x12 
 .text          0x00000000000123c0       0x33 /home/alocin-local/tdx-pq-attestation/tdx_tests/sgxsdk/lib64/libsgx_tcrypto.a(l9_pcptool.c.o)
                0x00000000000123c0                l9_XorBlock16
                0x00000000000123e0                l9_CopyBlock16
 *fill*         0x00000000000123f3        0xd 
 .text          0x0000000000012400        0xf /home/alocin-local/tdx-pq-attestation/tdx_tests/sgxsdk/lib64/libsgx_tcrypto.a(l9_pcpdelay.asm.o)
                0x0000000000012400                l9__ippcpDelay
 *fill*         0x000000000001240f       0x11 
 .text          0x0000000000012420       0x8f /home/alocin-local/tdx-pq-attestation/tdx_tests/sgxsdk/lib64/libsgx_tcrypto.a(l9_pcprij128cmace9as.asm.o)
                0x0000000000012420                l9_cpAESCMAC_Update_AES_NI
 *fill*         0x00000000000124af       0x11 
 .text          0x00000000000124c0      0x333 /home/alocin-local/tdx-pq-attestation/tdx_tests/sgxsdk/lib64/libsgx_tcrypto.a(l9_pcprij128safeencu8as.asm.o)
                0x00000000000124c0                l9_TransformNative2Composite
                0x0000000000012520                l9_SafeEncrypt_RIJ128
 *fill*         0x00000000000127f3        0xd 
 .text          0x0000000000012800     0x1303 /home/alocin-local/tdx-pq-attestation/tdx_tests/sgxsdk/lib64/libsgx_tcrypto.a(l9_pcpsha256l9as.asm.o)
                0x0000000000012800                l9_UpdateSHA256
 *fill*         0x0000000000013b03       0x1d 
 .text          0x0000000000013b20      0x337 /home/alocin-local/tdx-pq-attestation/tdx_tests/sgxsdk/lib64/libsgx_tcrypto.a(l9_pcpsha256nias.asm.o)
                0x0000000000013b20                l9_UpdateSHA256ni
 *fill*         0x0000000000013e57        0x9 
 .text          0x0000000000013e60       0xb3 /home/alocin-local/tdx-pq-attestation/tdx_tests/sgxsdk/lib64/libsgx_tcrypto.a(k1_pcpaes_cmacfinal.c.o)
                0x0000000000013e60                k1_ippsAES_CMACFinal
 *fill*         0x0000000000013f13        0xd 
 .text          0x0000000000013f20       0x18 /home/alocin-local/tdx-pq-attestation/tdx_tests/sgxsdk/lib64/libsgx_tcrypto.a(k1_pcpaes_cmacgetsize.c.o)
                0x0000000000013f20                k1_ippsAES_CMACGetSize
 *fill*         0x0000000000013f38        0x8 
 .text          0x0000000000013f40      0x1f6 /home/alocin-local/tdx-pq-attestation/tdx_tests/sgxsdk/lib64/libsgx_tcrypto.a(k1_pcpaes_cmacgettag.c.o)
                0x0000000000013f40                k1_ippsAES_CMACGetTag
 *fill*         0x0000000000014136        0xa 
 .text          0x0000000000014140      0x2b4 /home/alocin-local/tdx-pq-attestation/tdx_tests/sgxsdk/lib64/libsgx_tcrypto.a(k1_pcpaes_cmacinit.c.o)
                0x0000000000014140                k1_ippsAES_CMACInit
 *fill*         0x00000000000143f4        0xc 
 .text          0x0000000000014400      0x52e /home/alocin-local/tdx-pq-attestation/tdx_tests/sgxsdk/lib64/libsgx_tcrypto.a(k1_pcpaes_cmacupdate.c.o)
                0x00000000000144a0                k1_ippsAES_CMACUpdate
 *fill*         0x000000000001492e       0x12 
 .text          0x0000000000014940      0x166 /home/alocin-local/tdx-pq-attestation/tdx_tests/sgxsdk/lib64/libsgx_tcrypto.a(k1_pcpaes_randomnoise.c.o)
                0x0000000000014940                k1_cpAESRandomNoise
 *fill*         0x0000000000014aa6       0x1a 
 .text          0x0000000000014ac0       0x4c /home/alocin-local/tdx-pq-attestation/tdx_tests/sgxsdk/lib64/libsgx_tcrypto.a(k1_pcpaescmac_setupnoise.c.o)
                0x0000000000014ac0                k1_ippsAES_CMACSetupNoise
 *fill*         0x0000000000014b0c       0x14 
 .text          0x0000000000014b20      0x1f3 /home/alocin-local/tdx-pq-attestation/tdx_tests/sgxsdk/lib64/libsgx_tcrypto.a(k1_pcpaesminitca.c.o)
                0x0000000000014b20                k1_ippsAESInit
 *fill*         0x0000000000014d13        0xd 
 .text          0x0000000000014d20       0x18 /home/alocin-local/tdx-pq-attestation/tdx_tests/sgxsdk/lib64/libsgx_tcrypto.a(k1_pcphashgetsize_rmf.c.o)
                0x0000000000014d20                k1_ippsHashGetSize_rmf
 *fill*         0x0000000000014d38        0x8 
 .text          0x0000000000014d40      0x167 /home/alocin-local/tdx-pq-attestation/tdx_tests/sgxsdk/lib64/libsgx_tcrypto.a(k1_pcphashgettag_rmf.c.o)
                0x0000000000014d40                k1_ippsHashGetTag_rmf
 *fill*         0x0000000000014ea7       0x19 
 .text          0x0000000000014ec0       0x75 /home/alocin-local/tdx-pq-attestation/tdx_tests/sgxsdk/lib64/libsgx_tcrypto.a(k1_pcphashinit_rmf.c.o)
                0x0000000000014ec0                k1_ippsHashInit_rmf
 *fill*         0x0000000000014f35        0xb 
 .text          0x0000000000014f40      0x188 /home/alocin-local/tdx-pq-attestation/tdx_tests/sgxsdk/lib64/libsgx_tcrypto.a(k1_pcphashmethod_sha256_tt.c.o)
                0x0000000000015060                k1_ippsHashMethod_SHA256_TT
 *fill*         0x00000000000150c8       0x18 
 .text          0x00000000000150e0      0x354 /home/alocin-local/tdx-pq-attestation/tdx_tests/sgxsdk/lib64/libsgx_tcrypto.a(k1_pcphashupdate_rmf.c.o)
                0x00000000000150e0                k1_ippsHashUpdate_rmf
 *fill*         0x0000000000015434        0xc 
 .text          0x0000000000015440       0x6d /home/alocin-local/tdx-pq-attestation/tdx_tests/sgxsdk/lib64/libsgx_tcrypto.a(k1_pcpprngenca.c.o)
                0x0000000000015440                k1_ippsPRNGen
 *fill*         0x00000000000154ad       0x13 
 .text          0x00000000000154c0      0x12d /home/alocin-local/tdx-pq-attestation/tdx_tests/sgxsdk/lib64/libsgx_tcrypto.a(k1_pcpprngenhwca.c.o)
                0x00000000000154c0                k1_ippsPRNGenRDRAND
 *fill*         0x00000000000155ed       0x13 
 .text          0x0000000000015600      0x168 /home/alocin-local/tdx-pq-attestation/tdx_tests/sgxsdk/lib64/libsgx_tcrypto.a(k1_pcpprnginitca.c.o)
                0x0000000000015600                k1_ippsPRNGInit
 *fill*         0x0000000000015768       0x18 
 .text          0x0000000000015780     0x2dac /home/alocin-local/tdx-pq-attestation/tdx_tests/sgxsdk/lib64/libsgx_tcrypto.a(k1_pcprijkeysca.c.o)
                0x0000000000015780                k1_ExpandRijndaelKey
 *fill*         0x000000000001852c       0x14 
 .text          0x0000000000018540       0x33 /home/alocin-local/tdx-pq-attestation/tdx_tests/sgxsdk/lib64/libsgx_tcrypto.a(k1_pcptool.c.o)
                0x0000000000018540                k1_XorBlock16
                0x0000000000018560                k1_CopyBlock16
 *fill*         0x0000000000018573        0xd 
 .text          0x0000000000018580        0xf /home/alocin-local/tdx-pq-attestation/tdx_tests/sgxsdk/lib64/libsgx_tcrypto.a(k1_pcpdelay.asm.o)
                0x0000000000018580                k1__ippcpDelay
 *fill*         0x000000000001858f       0x31 
 .text          0x00000000000185c0       0xaf /home/alocin-local/tdx-pq-attestation/tdx_tests/sgxsdk/lib64/libsgx_tcrypto.a(k1_pcprij128cmace9as.asm.o)
                0x00000000000185c0                k1_cpAESCMAC_Update_AES_NI
 *fill*         0x000000000001866f       0x11 
 .text          0x0000000000018680      0x353 /home/alocin-local/tdx-pq-attestation/tdx_tests/sgxsdk/lib64/libsgx_tcrypto.a(k1_pcprij128safeencu8as.asm.o)
                0x0000000000018680                k1_TransformNative2Composite
                0x0000000000018700                k1_SafeEncrypt_RIJ128
 *fill*         0x00000000000189d3       0x2d 
 .text          0x0000000000018a00     0x1323 /home/alocin-local/tdx-pq-attestation/tdx_tests/sgxsdk/lib64/libsgx_tcrypto.a(k1_pcpsha256l9as.asm.o)
                0x0000000000018a00                k1_UpdateSHA256
 *fill*         0x0000000000019d23       0x1d 
 .text          0x0000000000019d40      0x337 /home/alocin-local/tdx-pq-attestation/tdx_tests/sgxsdk/lib64/libsgx_tcrypto.a(k1_pcpsha256nias.asm.o)
                0x0000000000019d40                k1_UpdateSHA256ni
 *fill*         0x000000000001a077        0x9 
 .text.sgx_disp_ippsAES_CMACGetTag
                0x000000000001a080       0x82 /home/alocin-local/tdx-pq-attestation/tdx_tests/sgxsdk/lib64/libsgx_tcrypto.a(ippsAES_CMACGetTag.o)
                0x000000000001a080                sgx_disp_ippsAES_CMACGetTag
 *fill*         0x000000000001a102        0xe 
 .text.sgx_disp_ippsHashFinal_rmf
                0x000000000001a110       0x84 /home/alocin-local/tdx-pq-attestation/tdx_tests/sgxsdk/lib64/libsgx_tcrypto.a(ippsHashFinal_rmf.o)
                0x000000000001a110                sgx_disp_ippsHashFinal_rmf
 *fill*         0x000000000001a194        0xc 
 .text.sgx_disp_ippsHashMessage_rmf
                0x000000000001a1a0       0xb0 /home/alocin-local/tdx-pq-attestation/tdx_tests/sgxsdk/lib64/libsgx_tcrypto.a(ippsHashMessage_rmf.o)
                0x000000000001a1a0                sgx_disp_ippsHashMessage_rmf
 .text.sgx_disp_ippsHashMethod_SHA256
                0x000000000001a250       0x59 /home/alocin-local/tdx-pq-attestation/tdx_tests/sgxsdk/lib64/libsgx_tcrypto.a(ippsHashMethod_SHA256.o)
                0x000000000001a250                sgx_disp_ippsHashMethod_SHA256
 *fill*         0x000000000001a2a9        0x7 
 .text.sgx_disp_ippsHashMethod_SHA512
                0x000000000001a2b0       0x59 /home/alocin-local/tdx-pq-attestation/tdx_tests/sgxsdk/lib64/libsgx_tcrypto.a(ippsHashMethod_SHA512.o)
                0x000000000001a2b0                sgx_disp_ippsHashMethod_SHA512
 *fill*         0x000000000001a309       0x17 
 .text          0x000000000001a320       0x51 /home/alocin-local/tdx-pq-attestation/tdx_tests/sgxsdk/lib64/libsgx_tcrypto.a(common.c.o)
                0x000000000001a320                ippcp_is_fips_approved_func
                0x000000000001a340                m7_ippcp_is_mem_eq
 *fill*         0x000000000001a371        0xf 
 .text          0x000000000001a380       0x5d /home/alocin-local/tdx-pq-attestation/tdx_tests/sgxsdk/lib64/libsgx_tcrypto.a(y8_pcpaes_expandkey_ni.c.o)
                0x000000000001a380                y8_cpExpandAesKey_NI
 *fill*         0x000000000001a3dd        0x3 
 .text          0x000000000001a3e0       0x9f /home/alocin-local/tdx-pq-attestation/tdx_tests/sgxsdk/lib64/libsgx_tcrypto.a(y8_pcpaes_internal_func.c.o)
                0x000000000001a3e0                y8_cpAes_setup_ptrs_and_methods
 *fill*         0x000000000001a47f        0x1 
 .text          0x000000000001a480      0x3d5 /home/alocin-local/tdx-pq-attestation/tdx_tests/sgxsdk/lib64/libsgx_tcrypto.a(y8_pcphashca_rmf.c.o)
                0x000000000001a480                y8_cpFinalize_rmf
 *fill*         0x000000000001a855        0xb 
 .text          0x000000000001a860       0xa4 /home/alocin-local/tdx-pq-attestation/tdx_tests/sgxsdk/lib64/libsgx_tcrypto.a(y8_pcphashfinal_rmf.c.o)
                0x000000000001a860                y8_ippsHashFinal_rmf
 *fill*         0x000000000001a904       0x1c 
 .text          0x000000000001a920       0xc4 /home/alocin-local/tdx-pq-attestation/tdx_tests/sgxsdk/lib64/libsgx_tcrypto.a(y8_pcphashmessage_rmf.c.o)
                0x000000000001a920                y8_ippsHashMessage_rmf
 *fill*         0x000000000001a9e4       0x1c 
 .text          0x000000000001aa00      0x14e /home/alocin-local/tdx-pq-attestation/tdx_tests/sgxsdk/lib64/libsgx_tcrypto.a(y8_pcphashmethod_sha256.c.o)
                0x000000000001ab00                y8_ippsHashMethod_SHA256
 *fill*         0x000000000001ab4e       0x12 
 .text          0x000000000001ab60      0x14e /home/alocin-local/tdx-pq-attestation/tdx_tests/sgxsdk/lib64/libsgx_tcrypto.a(y8_pcphashmethod_sha512.c.o)
                0x000000000001ac60                y8_ippsHashMethod_SHA512
 *fill*         0x000000000001acae       0x12 
 .text          0x000000000001acc0      0x600 /home/alocin-local/tdx-pq-attestation/tdx_tests/sgxsdk/lib64/libsgx_tcrypto.a(y8_pcpprng_gen.c.o)
                0x000000000001acc0                y8_cpPRNGen
 .text          0x000000000001b2c0      0x2d7 /home/alocin-local/tdx-pq-attestation/tdx_tests/sgxsdk/lib64/libsgx_tcrypto.a(y8_pcpbnuaddm7as.asm.o)
                0x000000000001b2c0                y8_cpAdd_BNU
 *fill*         0x000000000001b597        0x9 
 .text          0x000000000001b5a0      0x34a /home/alocin-local/tdx-pq-attestation/tdx_tests/sgxsdk/lib64/libsgx_tcrypto.a(y8_pcpbnudivm7as.asm.o)
                0x000000000001b5a0                y8_cpDiv_BNU32
 *fill*         0x000000000001b8ea        0x6 
 .text          0x000000000001b8f0       0xf2 /home/alocin-local/tdx-pq-attestation/tdx_tests/sgxsdk/lib64/libsgx_tcrypto.a(y8_pcpbnuincm7as.asm.o)
                0x000000000001b8f0                y8_cpInc_BNU
                0x000000000001b970                y8_cpDec_BNU
 *fill*         0x000000000001b9e2        0xe 
 .text          0x000000000001b9f0       0x8f /home/alocin-local/tdx-pq-attestation/tdx_tests/sgxsdk/lib64/libsgx_tcrypto.a(y8_pcprij128decrypte9as.asm.o)
                0x000000000001b9f0                y8_Decrypt_RIJ128_AES_NI
 *fill*         0x000000000001ba7f        0x1 
 .text          0x000000000001ba80       0x82 /home/alocin-local/tdx-pq-attestation/tdx_tests/sgxsdk/lib64/libsgx_tcrypto.a(y8_pcprij128encrypte9as.asm.o)
                0x000000000001ba80                y8_Encrypt_RIJ128_AES_NI
 *fill*         0x000000000001bb02        0xe 
 .text          0x000000000001bb10      0x34f /home/alocin-local/tdx-pq-attestation/tdx_tests/sgxsdk/lib64/libsgx_tcrypto.a(y8_pcprij128safedecu8as.asm.o)
                0x000000000001bb10                y8_SafeDecrypt_RIJ128
 *fill*         0x000000000001be5f        0x1 
 .text          0x000000000001be60      0x258 /home/alocin-local/tdx-pq-attestation/tdx_tests/sgxsdk/lib64/libsgx_tcrypto.a(y8_pcpsha1nias.asm.o)
                0x000000000001be60                y8_UpdateSHA1ni
 *fill*         0x000000000001c0b8        0x8 
 .text          0x000000000001c0c0      0xfa1 /home/alocin-local/tdx-pq-attestation/tdx_tests/sgxsdk/lib64/libsgx_tcrypto.a(y8_pcpsha1u8as.asm.o)
                0x000000000001c0c0                y8_UpdateSHA1
 *fill*         0x000000000001d061        0xf 
 .text          0x000000000001d070     0x36fe /home/alocin-local/tdx-pq-attestation/tdx_tests/sgxsdk/lib64/libsgx_tcrypto.a(y8_pcpsha512m7as.asm.o)
                0x000000000001d070                y8_UpdateSHA512
 *fill*         0x000000000002076e       0x12 
 .text          0x0000000000020780       0x5d /home/alocin-local/tdx-pq-attestation/tdx_tests/sgxsdk/lib64/libsgx_tcrypto.a(l9_pcpaes_expandkey_ni.c.o)
                0x0000000000020780                l9_cpExpandAesKey_NI
 *fill*         0x00000000000207dd        0x3 
 .text          0x00000000000207e0       0x9f /home/alocin-local/tdx-pq-attestation/tdx_tests/sgxsdk/lib64/libsgx_tcrypto.a(l9_pcpaes_internal_func.c.o)
                0x00000000000207e0                l9_cpAes_setup_ptrs_and_methods
 *fill*         0x000000000002087f        0x1 
 .text          0x0000000000020880      0x183 /home/alocin-local/tdx-pq-attestation/tdx_tests/sgxsdk/lib64/libsgx_tcrypto.a(l9_pcphashca_rmf.c.o)
                0x0000000000020880                l9_cpFinalize_rmf
 *fill*         0x0000000000020a03       0x1d 
 .text          0x0000000000020a20       0xa4 /home/alocin-local/tdx-pq-attestation/tdx_tests/sgxsdk/lib64/libsgx_tcrypto.a(l9_pcphashfinal_rmf.c.o)
                0x0000000000020a20                l9_ippsHashFinal_rmf
 *fill*         0x0000000000020ac4       0x1c 
 .text          0x0000000000020ae0       0xcb /home/alocin-local/tdx-pq-attestation/tdx_tests/sgxsdk/lib64/libsgx_tcrypto.a(l9_pcphashmessage_rmf.c.o)
                0x0000000000020ae0                l9_ippsHashMessage_rmf
 *fill*         0x0000000000020bab       0x15 
 .text          0x0000000000020bc0      0x14f /home/alocin-local/tdx-pq-attestation/tdx_tests/sgxsdk/lib64/libsgx_tcrypto.a(l9_pcphashmethod_sha256.c.o)
                0x0000000000020cc0                l9_ippsHashMethod_SHA256
 *fill*         0x0000000000020d0f       0x11 
 .text          0x0000000000020d20      0x14f /home/alocin-local/tdx-pq-attestation/tdx_tests/sgxsdk/lib64/libsgx_tcrypto.a(l9_pcphashmethod_sha512.c.o)
                0x0000000000020e20                l9_ippsHashMethod_SHA512
 *fill*         0x0000000000020e6f       0x11 
 .text          0x0000000000020e80      0x589 /home/alocin-local/tdx-pq-attestation/tdx_tests/sgxsdk/lib64/libsgx_tcrypto.a(l9_pcpprng_gen.c.o)
                0x0000000000020e80                l9_cpPRNGen
 *fill*         0x0000000000021409       0x17 
 .text          0x0000000000021420      0x2da /home/alocin-local/tdx-pq-attestation/tdx_tests/sgxsdk/lib64/libsgx_tcrypto.a(l9_pcpbnuaddm7as.asm.o)
                0x0000000000021420                l9_cpAdd_BNU
 *fill*         0x00000000000216fa        0x6 
 .text          0x0000000000021700      0x353 /home/alocin-local/tdx-pq-attestation/tdx_tests/sgxsdk/lib64/libsgx_tcrypto.a(l9_pcpbnudivm7as.asm.o)
                0x0000000000021700                l9_cpDiv_BNU32
 *fill*         0x0000000000021a53        0xd 
 .text          0x0000000000021a60       0xf5 /home/alocin-local/tdx-pq-attestation/tdx_tests/sgxsdk/lib64/libsgx_tcrypto.a(l9_pcpbnuincm7as.asm.o)
                0x0000000000021a60                l9_cpInc_BNU
                0x0000000000021ae0                l9_cpDec_BNU
 *fill*         0x0000000000021b55        0xb 
 .text          0x0000000000021b60       0x92 /home/alocin-local/tdx-pq-attestation/tdx_tests/sgxsdk/lib64/libsgx_tcrypto.a(l9_pcprij128decrypte9as.asm.o)
                0x0000000000021b60                l9_Decrypt_RIJ128_AES_NI
 *fill*         0x0000000000021bf2        0xe 
 .text          0x0000000000021c00       0x85 /home/alocin-local/tdx-pq-attestation/tdx_tests/sgxsdk/lib64/libsgx_tcrypto.a(l9_pcprij128encrypte9as.asm.o)
                0x0000000000021c00                l9_Encrypt_RIJ128_AES_NI
 *fill*         0x0000000000021c85       0x1b 
 .text          0x0000000000021ca0      0x352 /home/alocin-local/tdx-pq-attestation/tdx_tests/sgxsdk/lib64/libsgx_tcrypto.a(l9_pcprij128safedecu8as.asm.o)
                0x0000000000021ca0                l9_SafeDecrypt_RIJ128
 *fill*         0x0000000000021ff2        0xe 
 .text          0x0000000000022000     0x179d /home/alocin-local/tdx-pq-attestation/tdx_tests/sgxsdk/lib64/libsgx_tcrypto.a(l9_pcpsha1l9as.asm.o)
                0x0000000000022000                l9_UpdateSHA1
 *fill*         0x000000000002379d        0x3 
 .text          0x00000000000237a0      0x25b /home/alocin-local/tdx-pq-attestation/tdx_tests/sgxsdk/lib64/libsgx_tcrypto.a(l9_pcpsha1nias.asm.o)
                0x00000000000237a0                l9_UpdateSHA1ni
 *fill*         0x00000000000239fb        0x5 
 .text          0x0000000000023a00     0x15da /home/alocin-local/tdx-pq-attestation/tdx_tests/sgxsdk/lib64/libsgx_tcrypto.a(l9_pcpsha512l9as.asm.o)
                0x0000000000023a00                l9_UpdateSHA512
 *fill*         0x0000000000024fda        0x6 
 .text          0x0000000000024fe0       0x5d /home/alocin-local/tdx-pq-attestation/tdx_tests/sgxsdk/lib64/libsgx_tcrypto.a(k1_pcpaes_expandkey_ni.c.o)
                0x0000000000024fe0                k1_cpExpandAesKey_NI
 *fill*         0x000000000002503d        0x3 
 .text          0x0000000000025040       0x9b /home/alocin-local/tdx-pq-attestation/tdx_tests/sgxsdk/lib64/libsgx_tcrypto.a(k1_pcpaes_internal_func.c.o)
                0x0000000000025040                k1_cpAes_setup_ptrs_and_methods
 *fill*         0x00000000000250db        0x5 
 .text          0x00000000000250e0      0x233 /home/alocin-local/tdx-pq-attestation/tdx_tests/sgxsdk/lib64/libsgx_tcrypto.a(k1_pcphashca_rmf.c.o)
                0x00000000000250e0                k1_cpFinalize_rmf
 *fill*         0x0000000000025313        0xd 
 .text          0x0000000000025320       0xb4 /home/alocin-local/tdx-pq-attestation/tdx_tests/sgxsdk/lib64/libsgx_tcrypto.a(k1_pcphashfinal_rmf.c.o)
                0x0000000000025320                k1_ippsHashFinal_rmf
 *fill*         0x00000000000253d4        0xc 
 .text          0x00000000000253e0       0xcb /home/alocin-local/tdx-pq-attestation/tdx_tests/sgxsdk/lib64/libsgx_tcrypto.a(k1_pcphashmessage_rmf.c.o)
                0x00000000000253e0                k1_ippsHashMessage_rmf
 *fill*         0x00000000000254ab       0x15 
 .text          0x00000000000254c0      0x144 /home/alocin-local/tdx-pq-attestation/tdx_tests/sgxsdk/lib64/libsgx_tcrypto.a(k1_pcphashmethod_sha256.c.o)
                0x00000000000255c0                k1_ippsHashMethod_SHA256
 *fill*         0x0000000000025604       0x1c 
 .text          0x0000000000025620      0x184 /home/alocin-local/tdx-pq-attestation/tdx_tests/sgxsdk/lib64/libsgx_tcrypto.a(k1_pcphashmethod_sha512.c.o)
                0x0000000000025760                k1_ippsHashMethod_SHA512
 *fill*         0x00000000000257a4       0x1c 
 .text          0x00000000000257c0      0x5cb /home/alocin-local/tdx-pq-attestation/tdx_tests/sgxsdk/lib64/libsgx_tcrypto.a(k1_pcpprng_gen.c.o)
                0x00000000000257c0                k1_cpPRNGen
 *fill*         0x0000000000025d8b       0x35 
 .text          0x0000000000025dc0      0x2da /home/alocin-local/tdx-pq-attestation/tdx_tests/sgxsdk/lib64/libsgx_tcrypto.a(k1_pcpbnuaddm7as.asm.o)
                0x0000000000025dc0                k1_cpAdd_BNU
 *fill*         0x000000000002609a       0x26 
 .text          0x00000000000260c0      0x353 /home/alocin-local/tdx-pq-attestation/tdx_tests/sgxsdk/lib64/libsgx_tcrypto.a(k1_pcpbnudivm7as.asm.o)
                0x00000000000260c0                k1_cpDiv_BNU32
 *fill*         0x0000000000026413       0x2d 
 .text          0x0000000000026440       0xf5 /home/alocin-local/tdx-pq-attestation/tdx_tests/sgxsdk/lib64/libsgx_tcrypto.a(k1_pcpbnuincm7as.asm.o)
                0x0000000000026440                k1_cpInc_BNU
                0x00000000000264c0                k1_cpDec_BNU
 *fill*         0x0000000000026535        0xb 
 .text          0x0000000000026540       0x92 /home/alocin-local/tdx-pq-attestation/tdx_tests/sgxsdk/lib64/libsgx_tcrypto.a(k1_pcprij128decrypte9as.asm.o)
                0x0000000000026540                k1_Decrypt_RIJ128_AES_NI
 *fill*         0x00000000000265d2       0x2e 
 .text          0x0000000000026600       0x85 /home/alocin-local/tdx-pq-attestation/tdx_tests/sgxsdk/lib64/libsgx_tcrypto.a(k1_pcprij128encrypte9as.asm.o)
                0x0000000000026600                k1_Encrypt_RIJ128_AES_NI
 *fill*         0x0000000000026685       0x3b 
 .text          0x00000000000266c0      0x352 /home/alocin-local/tdx-pq-attestation/tdx_tests/sgxsdk/lib64/libsgx_tcrypto.a(k1_pcprij128safedecu8as.asm.o)
                0x00000000000266c0                k1_SafeDecrypt_RIJ128
 *fill*         0x0000000000026a12       0x2e 
 .text          0x0000000000026a40     0x179d /home/alocin-local/tdx-pq-attestation/tdx_tests/sgxsdk/lib64/libsgx_tcrypto.a(k1_pcpsha1l9as.asm.o)
                0x0000000000026a40                k1_UpdateSHA1
 *fill*         0x00000000000281dd       0x23 
 .text          0x0000000000028200      0x25b /home/alocin-local/tdx-pq-attestation/tdx_tests/sgxsdk/lib64/libsgx_tcrypto.a(k1_pcpsha1nias.asm.o)
                0x0000000000028200                k1_UpdateSHA1ni
 *fill*         0x000000000002845b       0x25 
 .text          0x0000000000028480     0x15fa /home/alocin-local/tdx-pq-attestation/tdx_tests/sgxsdk/lib64/libsgx_tcrypto.a(k1_pcpsha512l9as.asm.o)
                0x0000000000028480                k1_UpdateSHA512
 *fill*         0x0000000000029a7a        0x6 
 .text          0x0000000000029a80      0x259 /home/alocin-local/tdx-pq-attestation/tdx_tests/sgxsdk/lib64/libsgx_tcrypto.a(y8_pcpaes_128keyexpansion_ni.c.o)
                0x0000000000029a80                y8_aes128_KeyExpansion_NI
 *fill*         0x0000000000029cd9        0x7 
 .text          0x0000000000029ce0      0x2ea /home/alocin-local/tdx-pq-attestation/tdx_tests/sgxsdk/lib64/libsgx_tcrypto.a(y8_pcpaes_192keyexpansion_ni.c.o)
                0x0000000000029ce0                y8_aes192_KeyExpansion_NI
 *fill*         0x0000000000029fca       0x16 
 .text          0x0000000000029fe0      0x36c /home/alocin-local/tdx-pq-attestation/tdx_tests/sgxsdk/lib64/libsgx_tcrypto.a(y8_pcpaes_256keyexpansion_ni.c.o)
                0x0000000000029fe0                y8_aes256_KeyExpansion_NI
 *fill*         0x000000000002a34c       0x14 
 .text          0x000000000002a360       0x5e /home/alocin-local/tdx-pq-attestation/tdx_tests/sgxsdk/lib64/libsgx_tcrypto.a(y8_pcpaes_deckeyexpansion_ni.c.o)
                0x000000000002a360                y8_aes_DecKeyExpansion_NI
 *fill*         0x000000000002a3be        0x2 
 .text          0x000000000002a3c0      0x333 /home/alocin-local/tdx-pq-attestation/tdx_tests/sgxsdk/lib64/libsgx_tcrypto.a(y8_pcpbnu_getoctstr.c.o)
                0x000000000002a3c0                y8_cpToOctStr_BNU
 *fill*         0x000000000002a6f3        0xd 
 .text          0x000000000002a700      0x160 /home/alocin-local/tdx-pq-attestation/tdx_tests/sgxsdk/lib64/libsgx_tcrypto.a(y8_pcpbnu_nlz.c.o)
                0x000000000002a700                y8_cpNLZ_BNU
 .text          0x000000000002a860      0x1ec /home/alocin-local/tdx-pq-attestation/tdx_tests/sgxsdk/lib64/libsgx_tcrypto.a(l9_pcpaes_128keyexpansion_ni.c.o)
                0x000000000002a860                l9_aes128_KeyExpansion_NI
 *fill*         0x000000000002aa4c       0x14 
 .text          0x000000000002aa60      0x253 /home/alocin-local/tdx-pq-attestation/tdx_tests/sgxsdk/lib64/libsgx_tcrypto.a(l9_pcpaes_192keyexpansion_ni.c.o)
                0x000000000002aa60                l9_aes192_KeyExpansion_NI
 *fill*         0x000000000002acb3        0xd 
 .text          0x000000000002acc0      0x299 /home/alocin-local/tdx-pq-attestation/tdx_tests/sgxsdk/lib64/libsgx_tcrypto.a(l9_pcpaes_256keyexpansion_ni.c.o)
                0x000000000002acc0                l9_aes256_KeyExpansion_NI
 *fill*         0x000000000002af59        0x7 
 .text          0x000000000002af60       0x60 /home/alocin-local/tdx-pq-attestation/tdx_tests/sgxsdk/lib64/libsgx_tcrypto.a(l9_pcpaes_deckeyexpansion_ni.c.o)
                0x000000000002af60                l9_aes_DecKeyExpansion_NI
 .text          0x000000000002afc0      0x46c /home/alocin-local/tdx-pq-attestation/tdx_tests/sgxsdk/lib64/libsgx_tcrypto.a(l9_pcpbnu_getoctstr.c.o)
                0x000000000002afc0                l9_cpToOctStr_BNU
 *fill*         0x000000000002b42c       0x14 
 .text          0x000000000002b440      0x1ee /home/alocin-local/tdx-pq-attestation/tdx_tests/sgxsdk/lib64/libsgx_tcrypto.a(k1_pcpaes_128keyexpansion_ni.c.o)
                0x000000000002b440                k1_aes128_KeyExpansion_NI
 *fill*         0x000000000002b62e       0x12 
 .text          0x000000000002b640      0x255 /home/alocin-local/tdx-pq-attestation/tdx_tests/sgxsdk/lib64/libsgx_tcrypto.a(k1_pcpaes_192keyexpansion_ni.c.o)
                0x000000000002b640                k1_aes192_KeyExpansion_NI
 *fill*         0x000000000002b895        0xb 
 .text          0x000000000002b8a0      0x293 /home/alocin-local/tdx-pq-attestation/tdx_tests/sgxsdk/lib64/libsgx_tcrypto.a(k1_pcpaes_256keyexpansion_ni.c.o)
                0x000000000002b8a0                k1_aes256_KeyExpansion_NI
 *fill*         0x000000000002bb33        0xd 
 .text          0x000000000002bb40       0x62 /home/alocin-local/tdx-pq-attestation/tdx_tests/sgxsdk/lib64/libsgx_tcrypto.a(k1_pcpaes_deckeyexpansion_ni.c.o)
                0x000000000002bb40                k1_aes_DecKeyExpansion_NI
 *fill*         0x000000000002bba2       0x1e 
 .text          0x000000000002bbc0      0x42c /home/alocin-local/tdx-pq-attestation/tdx_tests/sgxsdk/lib64/libsgx_tcrypto.a(k1_pcpbnu_getoctstr.c.o)
                0x000000000002bbc0                k1_cpToOctStr_BNU
 *(.gnu.warning)

.nipx           0x000000000002bff0      0xe40
 .nipx          0x000000000002bff0      0x422 /home/alocin-local/tdx-pq-attestation/tdx_tests/sgxsdk/lib64/libsgx_trts_sim.a(init_enclave.o)
                0x000000000002bff0                init_enclave
                0x000000000002c3c0                do_init_enclave
 *fill*         0x000000000002c412        0xe 
 .nipx          0x000000000002c420       0x1b /home/alocin-local/tdx-pq-attestation/tdx_tests/sgxsdk/lib64/libsgx_trts_sim.a(trts.o)
                0x000000000002c420                sgx_is_enclave_crashed
 *fill*         0x000000000002c43b        0x5 
 .nipx          0x000000000002c440      0x194 /home/alocin-local/tdx-pq-attestation/tdx_tests/sgxsdk/lib64/libsgx_trts_sim.a(trts_nsp.o)
                0x000000000002c440                enter_enclave
 .nipx          0x000000000002c5d4      0x1df /home/alocin-local/tdx-pq-attestation/tdx_tests/sgxsdk/lib64/libsgx_trts_sim.a(t_instructions.o)
                0x000000000002c5d4                _SE3
 .nipx          0x000000000002c7b3       0x32 /home/alocin-local/tdx-pq-attestation/tdx_tests/sgxsdk/lib64/libsgx_trts_sim.a(lowlib.o)
                0x000000000002c7b3                get_bp
                0x000000000002c7bb                load_regs
 *fill*         0x000000000002c7e5        0xb 
 .nipx          0x000000000002c7f0       0x33 /home/alocin-local/tdx-pq-attestation/tdx_tests/sgxsdk/lib64/libsgx_trts_sim.a(restore_tls.o)
                0x000000000002c7f0                td_mngr_restore_td
 .nipx          0x000000000002c823      0x5a8 /home/alocin-local/tdx-pq-attestation/tdx_tests/sgxsdk/lib64/libsgx_trts_sim.a(trts_pic.o)
                0x000000000002c823                get_enclave_base
                0x000000000002c82f                get_enclave_state
                0x000000000002c840                set_enclave_state
                0x000000000002c84e                lock_enclave
                0x000000000002c86e                get_thread_data
                0x000000000002c882                get_stack_guard
                0x000000000002c897                enclave_entry
                0x000000000002c9cb                do_ocall
                0x000000000002cb1b                __morestack
                0x000000000002cb2e                asm_oret
                0x000000000002cb9c                do_egetkey
                0x000000000002cbdc                do_ereport
                0x000000000002cbf1                Lereport_inst
                0x000000000002cc17                do_everifyreport2
                0x000000000002cc2b                Leverifyreport2_inst
                0x000000000002cc53                do_eaccept
                0x000000000002cc91                do_eacceptcopy
                0x000000000002cccb                do_emodpe
                0x000000000002cd00                do_rdrand
                0x000000000002cd23                abort
                0x000000000002cd36                continue_execution
                0x000000000002cd9c                second_phase
 .nipx          0x000000000002cdcb       0x65 /home/alocin-local/tdx-pq-attestation/tdx_tests/sgxsdk/lib64/libsgx_trts_sim.a(xsave_gnu.o)
                0x000000000002cdcb                restore_xregs
                0x000000000002cdfd                save_xregs

.fini
 *(SORT_NONE(.fini))
                [!provide]                        PROVIDE (__etext = .)
                [!provide]                        PROVIDE (_etext = .)
                [!provide]                        PROVIDE (etext = .)
                0x000000000002d000                . = ALIGN (CONSTANT (MAXPAGESIZE))
                0x000000000002d000                . = SEGMENT_START ("rodata-segment", (ALIGN (CONSTANT (MAXPAGESIZE)) + (. & (CONSTANT (MAXPAGESIZE) - 0x1))))

.rodata         0x000000000002d000     0x29f0
 *(.rodata .rodata.* .gnu.linkonce.r.*)
 .rodata._ZL12QE_ID_STRING
                0x000000000002d000        0xa id_enclave.o
 *fill*         0x000000000002d00a       0x16 
 .rodata._ZL17g_ref_pubkey_n_be
                0x000000000002d020      0x180 id_enclave.o
 .rodata._ZL17g_ref_pubkey_e_be
                0x000000000002d1a0        0x4 id_enclave.o
 *fill*         0x000000000002d1a4        0x4 
 .rodata.g_dyn_entry_table
                0x000000000002d1a8        0x8 id_enclave.o
                0x000000000002d1a8                g_dyn_entry_table
 .rodata.cst16  0x000000000002d1b0       0xc0 id_enclave.o
                                         0x10 (size before relaxing)
 .rodata._ZL14DEFAULT_CPUSVN
                0x000000000002d270       0x10 /home/alocin-local/tdx-pq-attestation/tdx_tests/sgxsdk/lib64/libsgx_trts_sim.a(t_instructions.o)
 .rodata._ZL15UPGRADED_CPUSVN
                0x000000000002d280       0x10 /home/alocin-local/tdx-pq-attestation/tdx_tests/sgxsdk/lib64/libsgx_trts_sim.a(t_instructions.o)
 .rodata._ZL17DOWNGRADED_CPUSVN
                0x000000000002d290       0x10 /home/alocin-local/tdx-pq-attestation/tdx_tests/sgxsdk/lib64/libsgx_trts_sim.a(t_instructions.o)
 .rodata._ZL20SIMU_OWNER_EPOCH_MSR
                0x000000000002d2a0       0x10 /home/alocin-local/tdx-pq-attestation/tdx_tests/sgxsdk/lib64/libsgx_trts_sim.a(t_instructions.o)
 .rodata._ZL8_EGETKEYP14_key_request_tPh
                0x000000000002d2b0       0x14 /home/alocin-local/tdx-pq-attestation/tdx_tests/sgxsdk/lib64/libsgx_trts_sim.a(t_instructions.o)
 *fill*         0x000000000002d2c4        0xc 
 .rodata._ZL13BASE_SEAL_KEY
                0x000000000002d2d0       0x10 /home/alocin-local/tdx-pq-attestation/tdx_tests/sgxsdk/lib64/libsgx_trts_sim.a(deriv.o)
 .rodata._ZL15BASE_REPORT_KEY
                0x000000000002d2e0       0x10 /home/alocin-local/tdx-pq-attestation/tdx_tests/sgxsdk/lib64/libsgx_trts_sim.a(deriv.o)
 .rodata._ZL19BASE_EINITTOKEN_KEY
                0x000000000002d2f0       0x10 /home/alocin-local/tdx-pq-attestation/tdx_tests/sgxsdk/lib64/libsgx_trts_sim.a(deriv.o)
 .rodata._ZL18BASE_PROVISION_KEY
                0x000000000002d300       0x10 /home/alocin-local/tdx-pq-attestation/tdx_tests/sgxsdk/lib64/libsgx_trts_sim.a(deriv.o)
 .rodata._ZL18BASE_PROV_SEAL_KEY
                0x000000000002d310       0x10 /home/alocin-local/tdx-pq-attestation/tdx_tests/sgxsdk/lib64/libsgx_trts_sim.a(deriv.o)
 .rodata.get_base_key
                0x000000000002d320       0x14 /home/alocin-local/tdx-pq-attestation/tdx_tests/sgxsdk/lib64/libsgx_trts_sim.a(deriv.o)
 .rodata.do_relocs
                0x000000000002d334       0x4c /home/alocin-local/tdx-pq-attestation/tdx_tests/sgxsdk/lib64/libsgx_trts_sim.a(elf_parser.o)
 .rodata.relocate_enclave
                0x000000000002d380       0x60 /home/alocin-local/tdx-pq-attestation/tdx_tests/sgxsdk/lib64/libsgx_trts_sim.a(elf_parser.o)
 .rodata.cst16  0x000000000002d3e0       0x20 /home/alocin-local/tdx-pq-attestation/tdx_tests/sgxsdk/lib64/libsgx_tstdc.a(malloc.o)
 .rodata.str1.8
                0x000000000002d3e0      0x98c /home/alocin-local/tdx-pq-attestation/tdx_tests/sgxsdk/lib64/libsgx_tcrypto.a(m7_cpinit.c.o)
 .rodata.str1.1
                0x000000000002dd6c       0x4e /home/alocin-local/tdx-pq-attestation/tdx_tests/sgxsdk/lib64/libsgx_tcrypto.a(m7_cpinit.c.o)
 *fill*         0x000000000002ddba        0x6 
 .rodata        0x000000000002ddc0       0x26 /home/alocin-local/tdx-pq-attestation/tdx_tests/sgxsdk/lib64/libsgx_tcrypto.a(selftest_aes_upd_cmac.c.o)
 *fill*         0x000000000002dde6       0x1a 
 .rodata        0x000000000002de00       0x85 /home/alocin-local/tdx-pq-attestation/tdx_tests/sgxsdk/lib64/libsgx_tcrypto.a(selftest_hash_msg_upd_sha.c.o)
 *fill*         0x000000000002de85        0x3 
 .rodata.cst8   0x000000000002de88       0x18 /home/alocin-local/tdx-pq-attestation/tdx_tests/sgxsdk/lib64/libsgx_tcrypto.a(y8_pcpaes_cmacupdate.c.o)
                                          0x8 (size before relaxing)
 .rodata.cst8   0x000000000002dea0       0x10 /home/alocin-local/tdx-pq-attestation/tdx_tests/sgxsdk/lib64/libsgx_tcrypto.a(y8_pcpaes_randomnoise.c.o)
 .rodata        0x000000000002dea0       0x1c /home/alocin-local/tdx-pq-attestation/tdx_tests/sgxsdk/lib64/libsgx_tcrypto.a(y8_pcpaesminitca.c.o)
 *fill*         0x000000000002debc        0x4 
 .rodata        0x000000000002dec0      0x100 /home/alocin-local/tdx-pq-attestation/tdx_tests/sgxsdk/lib64/libsgx_tcrypto.a(y8_pcphashmethod_sha256_tt.c.o)
 .rodata.cst16  0x000000000002dfc0       0x20 /home/alocin-local/tdx-pq-attestation/tdx_tests/sgxsdk/lib64/libsgx_tcrypto.a(y8_pcphashmethod_sha256_tt.c.o)
 .rodata        0x000000000002dfc0       0x74 /home/alocin-local/tdx-pq-attestation/tdx_tests/sgxsdk/lib64/libsgx_tcrypto.a(y8_pcprijkeysca.c.o)
 .rodata.cst16  0x000000000002e034       0x30 /home/alocin-local/tdx-pq-attestation/tdx_tests/sgxsdk/lib64/libsgx_tcrypto.a(y8_pcprijkeysca.c.o)
 .rodata.cst8   0x000000000002e034        0x8 /home/alocin-local/tdx-pq-attestation/tdx_tests/sgxsdk/lib64/libsgx_tcrypto.a(l9_pcpaes_cmacupdate.c.o)
 .rodata.cst8   0x000000000002e034       0x10 /home/alocin-local/tdx-pq-attestation/tdx_tests/sgxsdk/lib64/libsgx_tcrypto.a(l9_pcpaes_randomnoise.c.o)
 *fill*         0x000000000002e034        0x4 
 .rodata        0x000000000002e038       0x1c /home/alocin-local/tdx-pq-attestation/tdx_tests/sgxsdk/lib64/libsgx_tcrypto.a(l9_pcpaesminitca.c.o)
 *fill*         0x000000000002e054        0xc 
 .rodata        0x000000000002e060      0x100 /home/alocin-local/tdx-pq-attestation/tdx_tests/sgxsdk/lib64/libsgx_tcrypto.a(l9_pcphashmethod_sha256_tt.c.o)
 .rodata.cst32  0x000000000002e160      0x200 /home/alocin-local/tdx-pq-attestation/tdx_tests/sgxsdk/lib64/libsgx_tcrypto.a(l9_pcphashmethod_sha256_tt.c.o)
                                         0x20 (size before relaxing)
 .rodata        0x000000000002e360       0x74 /home/alocin-local/tdx-pq-attestation/tdx_tests/sgxsdk/lib64/libsgx_tcrypto.a(l9_pcprijkeysca.c.o)
 .rodata.cst32  0x000000000002e3d4       0x60 /home/alocin-local/tdx-pq-attestation/tdx_tests/sgxsdk/lib64/libsgx_tcrypto.a(l9_pcprijkeysca.c.o)
 .rodata.cst8   0x000000000002e3d4        0x8 /home/alocin-local/tdx-pq-attestation/tdx_tests/sgxsdk/lib64/libsgx_tcrypto.a(k1_pcpaes_cmacupdate.c.o)
 .rodata.cst8   0x000000000002e3d4       0x10 /home/alocin-local/tdx-pq-attestation/tdx_tests/sgxsdk/lib64/libsgx_tcrypto.a(k1_pcpaes_randomnoise.c.o)
 *fill*         0x000000000002e3d4        0x4 
 .rodata        0x000000000002e3d8       0x1c /home/alocin-local/tdx-pq-attestation/tdx_tests/sgxsdk/lib64/libsgx_tcrypto.a(k1_pcpaesminitca.c.o)
 *fill*         0x000000000002e3f4        0xc 
 .rodata        0x000000000002e400      0x100 /home/alocin-local/tdx-pq-attestation/tdx_tests/sgxsdk/lib64/libsgx_tcrypto.a(k1_pcphashmethod_sha256_tt.c.o)
 .rodata.cst32  0x000000000002e500       0x20 /home/alocin-local/tdx-pq-attestation/tdx_tests/sgxsdk/lib64/libsgx_tcrypto.a(k1_pcphashmethod_sha256_tt.c.o)
 .rodata        0x000000000002e500       0x74 /home/alocin-local/tdx-pq-attestation/tdx_tests/sgxsdk/lib64/libsgx_tcrypto.a(k1_pcprijkeysca.c.o)
 .rodata.cst32  0x000000000002e574      0x100 /home/alocin-local/tdx-pq-attestation/tdx_tests/sgxsdk/lib64/libsgx_tcrypto.a(k1_pcprijkeysca.c.o)
 *fill*         0x000000000002e574        0xc 
 .rodata        0x000000000002e580      0x8a8 /home/alocin-local/tdx-pq-attestation/tdx_tests/sgxsdk/lib64/libsgx_tcrypto.a(m7_pcphashcnt.c.o)
                0x000000000002e580                cpHashAlgAttr
                0x000000000002e6c0                SM3_cnt
                0x000000000002e7c0                MD5_cnt
                0x000000000002e8c0                SHA512_cnt
                0x000000000002eb40                SHA256_cnt
                0x000000000002ec40                SHA1_cnt
                0x000000000002ec60                SHA512_256_IV
                0x000000000002eca0                SHA512_224_IV
                0x000000000002ece0                SM3_IV
                0x000000000002ed00                MD5_IV
                0x000000000002ed20                SHA384_IV
                0x000000000002ed60                SHA512_IV
                0x000000000002eda0                SHA224_IV
                0x000000000002edc0                SHA256_IV
                0x000000000002ede0                SHA1_IV
                0x000000000002edf4                UnknownHash_IV
                0x000000000002ee00                cpEnabledHashAlgID
 *fill*         0x000000000002ee28       0x18 
 .rodata        0x000000000002ee40      0x100 /home/alocin-local/tdx-pq-attestation/tdx_tests/sgxsdk/lib64/libsgx_tcrypto.a(m7_pcprijencsboxca.c.o)
                0x000000000002ee40                RijEncSbox
 .rodata        0x000000000002ef40        0xc /home/alocin-local/tdx-pq-attestation/tdx_tests/sgxsdk/lib64/libsgx_tcrypto.a(y8_pcpaes_internal_func.c.o)
 *fill*         0x000000000002ef4c        0x4 
 .rodata        0x000000000002ef50      0x100 /home/alocin-local/tdx-pq-attestation/tdx_tests/sgxsdk/lib64/libsgx_tcrypto.a(y8_pcphashmethod_sha256.c.o)
 .rodata.cst16  0x000000000002f050       0x20 /home/alocin-local/tdx-pq-attestation/tdx_tests/sgxsdk/lib64/libsgx_tcrypto.a(y8_pcphashmethod_sha256.c.o)
 .rodata        0x000000000002f050      0x280 /home/alocin-local/tdx-pq-attestation/tdx_tests/sgxsdk/lib64/libsgx_tcrypto.a(y8_pcphashmethod_sha512.c.o)
 .rodata.cst16  0x000000000002f2d0       0x40 /home/alocin-local/tdx-pq-attestation/tdx_tests/sgxsdk/lib64/libsgx_tcrypto.a(y8_pcphashmethod_sha512.c.o)
 .rodata        0x000000000002f2d0        0xc /home/alocin-local/tdx-pq-attestation/tdx_tests/sgxsdk/lib64/libsgx_tcrypto.a(l9_pcpaes_internal_func.c.o)
 *fill*         0x000000000002f2dc        0x4 
 .rodata        0x000000000002f2e0      0x100 /home/alocin-local/tdx-pq-attestation/tdx_tests/sgxsdk/lib64/libsgx_tcrypto.a(l9_pcphashmethod_sha256.c.o)
 .rodata.cst32  0x000000000002f3e0       0x20 /home/alocin-local/tdx-pq-attestation/tdx_tests/sgxsdk/lib64/libsgx_tcrypto.a(l9_pcphashmethod_sha256.c.o)
 .rodata        0x000000000002f3e0      0x280 /home/alocin-local/tdx-pq-attestation/tdx_tests/sgxsdk/lib64/libsgx_tcrypto.a(l9_pcphashmethod_sha512.c.o)
 .rodata.cst32  0x000000000002f660       0x40 /home/alocin-local/tdx-pq-attestation/tdx_tests/sgxsdk/lib64/libsgx_tcrypto.a(l9_pcphashmethod_sha512.c.o)
 .rodata        0x000000000002f660        0xc /home/alocin-local/tdx-pq-attestation/tdx_tests/sgxsdk/lib64/libsgx_tcrypto.a(k1_pcpaes_internal_func.c.o)
 *fill*         0x000000000002f66c        0x4 
 .rodata        0x000000000002f670      0x100 /home/alocin-local/tdx-pq-attestation/tdx_tests/sgxsdk/lib64/libsgx_tcrypto.a(k1_pcphashmethod_sha256.c.o)
 .rodata.cst32  0x000000000002f770       0x20 /home/alocin-local/tdx-pq-attestation/tdx_tests/sgxsdk/lib64/libsgx_tcrypto.a(k1_pcphashmethod_sha256.c.o)
 .rodata        0x000000000002f770      0x280 /home/alocin-local/tdx-pq-attestation/tdx_tests/sgxsdk/lib64/libsgx_tcrypto.a(k1_pcphashmethod_sha512.c.o)
 .rodata.cst32  0x000000000002f9f0       0xe0 /home/alocin-local/tdx-pq-attestation/tdx_tests/sgxsdk/lib64/libsgx_tcrypto.a(l9_pcpbnu_getoctstr.c.o)
 .rodata.cst32  0x000000000002f9f0      0x100 /home/alocin-local/tdx-pq-attestation/tdx_tests/sgxsdk/lib64/libsgx_tcrypto.a(k1_pcpbnu_getoctstr.c.o)

.niprod         0x000000000002fa00      0x240
 .niprod        0x000000000002fa00      0x240 /home/alocin-local/tdx-pq-attestation/tdx_tests/sgxsdk/lib64/libsgx_trts_sim.a(trts_xsave.o)
                0x000000000002fa00                SYNTHETIC_STATE

.rodata1
 *(.rodata1)

.eh_frame_hdr   0x000000000002fc40      0x994
 *(.eh_frame_hdr)
 .eh_frame_hdr  0x000000000002fc40      0x994 id_enclave.o
                0x000000000002fc40                __GNU_EH_FRAME_HDR
 *(.eh_frame_entry .eh_frame_entry.*)

.eh_frame       0x00000000000305d8     0x2e90
 *(.eh_frame)
 .eh_frame      0x00000000000305d8      0x118 id_enclave.o
                                        0x138 (size before relaxing)
 .eh_frame      0x00000000000306f0       0x28 id_enclave.o
                                         0x40 (size before relaxing)
 .eh_frame      0x0000000000030718       0x18 id_enclave.o
                                         0x30 (size before relaxing)
 .eh_frame      0x0000000000030730       0x78 /home/alocin-local/tdx-pq-attestation/tdx_tests/sgxsdk/lib64/libsgx_trts_sim.a(init_enclave.o)
                                         0x90 (size before relaxing)
 .eh_frame      0x00000000000307a8       0xc0 /home/alocin-local/tdx-pq-attestation/tdx_tests/sgxsdk/lib64/libsgx_trts_sim.a(trts.o)
                                        0x128 (size before relaxing)
 .eh_frame      0x0000000000030868      0x1c0 /home/alocin-local/tdx-pq-attestation/tdx_tests/sgxsdk/lib64/libsgx_trts_sim.a(trts_ecall.o)
                                        0x1d8 (size before relaxing)
 .eh_frame      0x0000000000030a28       0x40 /home/alocin-local/tdx-pq-attestation/tdx_tests/sgxsdk/lib64/libsgx_trts_sim.a(trts_ocall.o)
                                         0x70 (size before relaxing)
 .eh_frame      0x0000000000030a68      0x138 /home/alocin-local/tdx-pq-attestation/tdx_tests/sgxsdk/lib64/libsgx_trts_sim.a(trts_util.o)
                                        0x1d8 (size before relaxing)
 .eh_frame      0x0000000000030ba0       0x70 /home/alocin-local/tdx-pq-attestation/tdx_tests/sgxsdk/lib64/libsgx_trts_sim.a(trts_veh.o)
                                        0x100 (size before relaxing)
 .eh_frame      0x0000000000030c10       0x18 /home/alocin-local/tdx-pq-attestation/tdx_tests/sgxsdk/lib64/libsgx_trts_sim.a(trts_xsave.o)
                                         0x30 (size before relaxing)
 .eh_frame      0x0000000000030c28       0x40 /home/alocin-local/tdx-pq-attestation/tdx_tests/sgxsdk/lib64/libsgx_trts_sim.a(init_optimized_lib.o)
                                         0x58 (size before relaxing)
 .eh_frame      0x0000000000030c68       0x18 /home/alocin-local/tdx-pq-attestation/tdx_tests/sgxsdk/lib64/libsgx_trts_sim.a(trts_add_trim.o)
                                         0x30 (size before relaxing)
 .eh_frame      0x0000000000030c80       0x28 /home/alocin-local/tdx-pq-attestation/tdx_tests/sgxsdk/lib64/libsgx_trts_sim.a(trts_emm_sim.o)
                                         0x58 (size before relaxing)
 .eh_frame      0x0000000000030ca8       0x60 /home/alocin-local/tdx-pq-attestation/tdx_tests/sgxsdk/lib64/libsgx_trts_sim.a(trts_nsp.o)
                                         0x78 (size before relaxing)
 .eh_frame      0x0000000000030d08       0x80 /home/alocin-local/tdx-pq-attestation/tdx_tests/sgxsdk/lib64/libsgx_trts_sim.a(t_instructions.o)
                                         0x98 (size before relaxing)
 .eh_frame      0x0000000000030d88       0x68 /home/alocin-local/tdx-pq-attestation/tdx_tests/sgxsdk/lib64/libsgx_trts_sim.a(deriv.o)
                                         0x80 (size before relaxing)
 .eh_frame      0x0000000000030df0       0x28 /home/alocin-local/tdx-pq-attestation/tdx_tests/sgxsdk/lib64/libsgx_trts_sim.a(lowlib.o)
                                         0x40 (size before relaxing)
 .eh_frame      0x0000000000030e18        0x0 /home/alocin-local/tdx-pq-attestation/tdx_tests/sgxsdk/lib64/libsgx_trts_sim.a(get_tcs.o)
                                         0x30 (size before relaxing)
 .eh_frame      0x0000000000030e18       0x18 /home/alocin-local/tdx-pq-attestation/tdx_tests/sgxsdk/lib64/libsgx_trts_sim.a(restore_tls.o)
                                         0x30 (size before relaxing)
 .eh_frame      0x0000000000030e30      0x1a0 /home/alocin-local/tdx-pq-attestation/tdx_tests/sgxsdk/lib64/libsgx_trts_sim.a(trts_pic.o)
                                        0x1b8 (size before relaxing)