Archive member included to satisfy reference by file (symbol)

/home/alocin-local/tdx-pq-attestation/tdx_tests/sgxsdk/lib64/cve_2020_0551_load/libsgx_trts.a(ctd.o)
                              (--whole-archive)
/home/alocin-local/tdx-pq-attestation/tdx_tests/sgxsdk/lib64/cve_2020_0551_load/libsgx_trts.a(ema_init.o)
                              (--whole-archive)
/home/alocin-local/tdx-pq-attestation/tdx_tests/sgxsdk/lib64/cve_2020_0551_load/libsgx_trts.a(ema_rt.o)
                              (--whole-archive)
/home/alocin-local/tdx-pq-attestation/tdx_tests/sgxsdk/lib64/cve_2020_0551_load/libsgx_trts.a(init_enclave.o)
                              (--whole-archive)
/home/alocin-local/tdx-pq-attestation/tdx_tests/sgxsdk/lib64/cve_2020_0551_load/libsgx_trts.a(init_optimized_lib.o)
                              (--whole-archive)
/home/alocin-local/tdx-pq-attestation/tdx_tests/sgxsdk/lib64/cve_2020_0551_load/libsgx_trts.a(trts.o)
                              (--whole-archive)
/home/alocin-local/tdx-pq-attestation/tdx_tests/sgxsdk/lib64/cve_2020_0551_load/libsgx_trts.a(trts_add_trim.o)
                              (--whole-archive)
/home/alocin-local/tdx-pq-attestation/tdx_tests/sgxsdk/lib64/cve_2020_0551_load/libsgx_trts.a(trts_aex.o)
                              (--whole-archive)
/home/alocin-local/tdx-pq-attestation/tdx_tests/sgxsdk/lib64/cve_2020_0551_load/libsgx_trts.a(trts_ecall.o)
                              (--whole-archive)
/home/alocin-local/tdx-pq-attestation/tdx_tests/sgxsdk/lib64/cve_2020_0551_load/libsgx_trts.a(trts_nsp.o)
                              (--whole-archive)
/home/alocin-local/tdx-pq-attestation/tdx_tests/sgxsdk/lib64/cve_2020_0551_load/libsgx_trts.a(trts_ocall.o)
                              (--whole-archive)
/home/alocin-local/tdx-pq-attestation/tdx_tests/sgxsdk/lib64/cve_2020_0551_load/libsgx_trts.a(trts_util.o)
                              (--whole-archive)
/home/alocin-local/tdx-pq-attestation/tdx_tests/sgxsdk/lib64/cve_2020_0551_load/libsgx_trts.a(trts_veh.o)
                              (--whole-archive)
/home/alocin-local/tdx-pq-attestation/tdx_tests/sgxsdk/lib64/cve_2020_0551_load/libsgx_trts.a(trts_version.o)
                              (--whole-archive)
/home/alocin-local/tdx-pq-attestation/tdx_tests/sgxsdk/lib64/cve_2020_0551_load/libsgx_trts.a(trts_xsave.o)
                              (--whole-archive)
/home/alocin-local/tdx-pq-attestation/tdx_tests/sgxsdk/lib64/cve_2020_0551_load/libsgx_trts.a(xsave_gnu.o)
                              (--whole-archive)
/home/alocin-local/tdx-pq-attestation/tdx_tests/sgxsdk/lib64/cve_2020_0551_load/libsgx_trts.a(elf_parser.o)
                              (--whole-archive)
/home/alocin-local/tdx-pq-attestation/tdx_tests/sgxsdk/lib64/cve_2020_0551_load/libsgx_trts.a(global_init.o)
                              (--whole-archive)
/home/alocin-local/tdx-pq-attestation/tdx_tests/sgxsdk/lib64/cve_2020_0551_load/libsgx_trts.a(metadata_sec.o)
                              (--whole-archive)
/home/alocin-local/tdx-pq-attestation/tdx_tests/sgxsdk/lib64/cve_2020_0551_load/libsgx_trts.a(thunk.o)
                              (--whole-archive)
/home/alocin-local/tdx-pq-attestation/tdx_tests/sgxsdk/lib64/cve_2020_0551_load/libsgx_trts.a(tls_support.o)
                              (--whole-archive)
/home/alocin-local/tdx-pq-attestation/tdx_tests/sgxsdk/lib64/cve_2020_0551_load/libsgx_trts.a(trts_mitigation.o)
                              (--whole-archive)
/home/alocin-local/tdx-pq-attestation/tdx_tests/sgxsdk/lib64/cve_2020_0551_load/libsgx_trts.a(trts_pic.o)
                              (--whole-archive)
/home/alocin-local/tdx-pq-attestation/tdx_tests/sgxsdk/lib64/cve_2020_0551_load/libsgx_trts.a(bit_array.o)
                              (--whole-archive)
/home/alocin-local/tdx-pq-attestation/tdx_tests/sgxsdk/lib64/cve_2020_0551_load/libsgx_trts.a(ema.o)
                              (--whole-archive)
/home/alocin-local/tdx-pq-attestation/tdx_tests/sgxsdk/lib64/cve_2020_0551_load/libsgx_trts.a(emalloc.o)
                              (--whole-archive)
/home/alocin-local/tdx-pq-attestation/tdx_tests/sgxsdk/lib64/cve_2020_0551_load/libsgx_trts.a(emm_private.o)
                              (--whole-archive)
/home/alocin-local/tdx-pq-attestation/tdx_tests/sgxsdk/lib64/cve_2020_0551_load/libsgx_trts.a(sgx_mm.o)
                              (--whole-archive)
/home/alocin-local/tdx-pq-attestation/tdx_tests/sgxsdk/lib64/cve_2020_0551_load/libsgx_tstdc.a(alloca.o)
                              /home/alocin-local/tdx-pq-attestation/tdx_tests/sgxsdk/lib64/cve_2020_0551_load/libsgx_trts.a(trts_veh.o) (alloca)
/home/alocin-local/tdx-pq-attestation/tdx_tests/sgxsdk/lib64/cve_2020_0551_load/libsgx_tstdc.a(sbrk.o)
                              /home/alocin-local/tdx-pq-attestation/tdx_tests/sgxsdk/lib64/cve_2020_0551_load/libsgx_trts.a(init_enclave.o) (heap_init)
[...]
Memory Configuration

Name             Origin             Length             Attributes
*default*        0x0000000000000000 0xffffffffffffffff

Linker script and memory map

LOAD id_enclave.o
LOAD version.o
LOAD /home/alocin-local/tdx-pq-attestation/tdx_tests/sgxsdk/lib64/cve_2020_0551_load/libsgx_trts.a
START GROUP
LOAD /home/alocin-local/tdx-pq-attestation/tdx_tests/sgxsdk/lib64/cve_2020_0551_load/libsgx_tstdc.a
LOAD /home/alocin-local/tdx-pq-attestation/tdx_tests/sgxsdk/lib64/cve_2020_0551_load/libsgx_tservice.a
LOAD /home/alocin-local/tdx-pq-attestation/tdx_tests/sgxsdk/lib64/cve_2020_0551_load/libsgx_tcxx.a
LOAD /home/alocin-local/tdx-pq-attestation/tdx_tests/sgxsdk/lib64/cve_2020_0551_load/libsgx_tcrypto.a
END GROUP
                0x0000000000000000                __ImageBase = 0x0
                [!provide]                        PROVIDE (__executable_start = SEGMENT_START ("text-segment", 0x0))
                0x00000000000002a8                . = (SEGMENT_START ("text-segment", 0x0) + SIZEOF_HEADERS)

.interp         0x00000000000002a8       0x1c
 *(.interp)
 .interp        0x00000000000002a8       0x1c id_enclave.o

.note.gnu.build-id
                0x00000000000002c4       0x24
 *(.note.gnu.build-id)
 .note.gnu.build-id
                0x00000000000002c4       0x24 id_enclave.o

.hash
 *(.hash)

.gnu.hash       0x00000000000002e8       0x30
 *(.gnu.hash)
 .gnu.hash      0x00000000000002e8       0x30 id_enclave.o

.dynsym         0x0000000000000318       0x78
 *(.dynsym)
 .dynsym        0x0000000000000318       0x78 id_enclave.o

.dynstr         0x0000000000000390       0x5d
 *(.dynstr)
 .dynstr        0x0000000000000390       0x5d id_enclave.o

.gnu.version    0x00000000000003ee        0x0
 *(.gnu.version)
 .gnu.version   0x00000000000003ee        0x0 id_enclave.o

.gnu.version_d  0x00000000000003f0        0x0
 *(.gnu.version_d)
 .gnu.version_d
                0x00000000000003f0        0x0 id_enclave.o

.gnu.version_r  0x00000000000003f0        0x0
 *(.gnu.version_r)
 .gnu.version_r
                0x00000000000003f0        0x0 id_enclave.o

.rela.dyn       0x00000000000003f0      0x7f8
 *(.rela.init)
 *(.rela.text .rela.text.* .rela.gnu.linkonce.t.*)
 .rela.text._ZL10trts_ecalljPv
                0x00000000000003f0        0x0 id_enclave.o
 *(.rela.fini)
 *(.rela.rodata .rela.rodata.* .rela.gnu.linkonce.r.*)
 *(.rela.data .rela.data.* .rela.gnu.linkonce.d.*)
 .rela.data.rel.ro
                0x00000000000003f0        0x0 id_enclave.o
 .rela.data.rel.ro.local.g_ecall_table
                0x00000000000003f0       0x30 id_enclave.o
 .rela.data.rel.local.g_user_ema_root
                0x0000000000000420       0x18 id_enclave.o
 .rela.data.rel.local.user_ema_guard
                0x0000000000000438       0x30 id_enclave.o
 .rela.data.rel.local.g_rts_ema_root
                0x0000000000000468       0x18 id_enclave.o
 .rela.data.rel.local.rts_ema_guard
                0x0000000000000480       0x30 id_enclave.o
 .rela.data.rel.ro.__memset_vp
                0x00000000000004b0       0x18 id_enclave.o
 .rela.data.rel.ro.local
                0x00000000000004c8      0x408 id_enclave.o
 .rela.data.rel.local
                0x00000000000008d0      0x1c8 id_enclave.o
 *(.rela.tdata .rela.tdata.* .rela.gnu.linkonce.td.*)
 *(.rela.tbss .rela.tbss.* .rela.gnu.linkonce.tb.*)
 *(.rela.ctors)
 *(.rela.dtors)
 *(.rela.got)
 .rela.got      0x0000000000000a98       0xd8 id_enclave.o
 *(.rela.bss .rela.bss.* .rela.gnu.linkonce.b.*)
 .rela.bss      0x0000000000000b70        0x0 id_enclave.o
 *(.rela.ldata .rela.ldata.* .rela.gnu.linkonce.l.*)
 *(.rela.lbss .rela.lbss.* .rela.gnu.linkonce.lb.*)
 *(.rela.lrodata .rela.lrodata.* .rela.gnu.linkonce.lr.*)
 *(.rela.ifunc)
 .rela.ifunc    0x0000000000000b70        0x0 id_enclave.o
 .rela.fini_array
                0x0000000000000b70       0x78 id_enclave.o
 .rela.nipx     0x0000000000000be8        0x0 id_enclave.o

.rela.plt       0x0000000000000be8        0x0
 *(.rela.plt)
 .rela.plt      0x0000000000000be8        0x0 id_enclave.o
 *(.rela.iplt)

.relr.dyn
 *(.relr.dyn)
                0x0000000000001000                . = ALIGN (CONSTANT (MAXPAGESIZE))

.init
 *(SORT_NONE(.init))

.plt            0x0000000000001000        0x0
 *(.plt)
 .plt           0x0000000000001000        0x0 id_enclave.o
 *(.iplt)

.plt.got        0x0000000000001000        0x0
 *(.plt.got)
 .plt.got       0x0000000000001000        0x0 id_enclave.o

.plt.sec
 *(.plt.sec)

.text           0x0000000000001000    0x3586c
 *(.text.unlikely .text.*_unlikely .text.unlikely.*)
 *(.text.exit .text.exit.*)
 .text.exit.trts_access_version_dummy1
                0x0000000000001000       0x12 /home/alocin-local/tdx-pq-attestation/tdx_tests/sgxsdk/lib64/cve_2020_0551_load/libsgx_trts.a(trts.o)
                0x0000000000001000                trts_access_version_dummy1
 *fill*         0x0000000000001012        0xe 
 .text.exit.tstdc_access_version_dummy1
                0x0000000000001020       0x13 /home/alocin-local/tdx-pq-attestation/tdx_tests/sgxsdk/lib64/cve_2020_0551_load/libsgx_tstdc.a(se_string_init.o)
                0x0000000000001020                tstdc_access_version_dummy1
 *fill*         0x0000000000001033        0xd 
 .text.exit.tservice_access_version_dummy1
                0x0000000000001040       0x13 /home/alocin-local/tdx-pq-attestation/tdx_tests/sgxsdk/lib64/cve_2020_0551_load/libsgx_tservice.a(sgx_create_report.o)
                0x0000000000001040                tservice_access_version_dummy1
 *fill*         0x0000000000001053        0xd 
 .text.exit.tservice_access_version_dummy2
                0x0000000000001060       0x13 /home/alocin-local/tdx-pq-attestation/tdx_tests/sgxsdk/lib64/cve_2020_0551_load/libsgx_tservice.a(sgx_get_key.o)
                0x0000000000001060                tservice_access_version_dummy2
 *fill*         0x0000000000001073        0xd 
 .text.exit.tcrypto_access_version_dummy1
                0x0000000000001080       0x13 /home/alocin-local/tdx-pq-attestation/tdx_tests/sgxsdk/lib64/cve_2020_0551_load/libsgx_tcrypto.a(init_tcrypto_lib.o)
                0x0000000000001080                tcrypto_access_version_dummy1
 *(.text.startup .text.startup.*)
 *(.text.hot .text.hot.*)
 *(SORT_BY_NAME(.text.sorted.*))
 *(.text .stub .text.* .gnu.linkonce.t.*)
 *fill*         0x0000000000001093        0xd 
 .text.ide_get_id.part.0
                0x00000000000010a0      0x167 id_enclave.o
 *fill*         0x0000000000001207        0x9 
 .text._ZL14sgx_ide_get_idPv
                0x0000000000001210      0x20e id_enclave.o
 *fill*         0x000000000000141e        0x2 
 .text.ide_get_pce_encrypt_key
                0x0000000000001420      0x27e id_enclave.o
                0x0000000000001420                ide_get_pce_encrypt_key
 *fill*         0x000000000000169e        0x2 
 .text._ZL27sgx_ide_get_pce_encrypt_keyPv
                0x00000000000016a0      0x6a5 id_enclave.o
 *fill*         0x0000000000001d45        0xb 
 .text.register_value_select
                0x0000000000001d50       0x94 /home/alocin-local/tdx-pq-attestation/tdx_tests/sgxsdk/lib64/cve_2020_0551_load/libsgx_trts.a(ctd.o)
 *fill*         0x0000000000001de4        0xc 
 .text.ct_decode
                0x0000000000001df0     0x10d0 /home/alocin-local/tdx-pq-attestation/tdx_tests/sgxsdk/lib64/cve_2020_0551_load/libsgx_trts.a(ctd.o)
                0x0000000000001df0                ct_decode
 .text._ZL22init_rts_contexts_emasP9_layout_tS0_m
                0x0000000000002ec0      0x247 /home/alocin-local/tdx-pq-attestation/tdx_tests/sgxsdk/lib64/cve_2020_0551_load/libsgx_trts.a(ema_init.o)
 *fill*         0x0000000000003107        0x9 
 .text.init_rts_emas
                0x0000000000003110       0x49 /home/alocin-local/tdx-pq-attestation/tdx_tests/sgxsdk/lib64/cve_2020_0551_load/libsgx_trts.a(ema_init.o)
                0x0000000000003110                init_rts_emas
 *fill*         0x0000000000003159        0x7 
 .text.sgx_mm_alloc_ocall
                0x0000000000003160       0xcf /home/alocin-local/tdx-pq-attestation/tdx_tests/sgxsdk/lib64/cve_2020_0551_load/libsgx_trts.a(ema_rt.o)
                0x0000000000003160                sgx_mm_alloc_ocall
 *fill*         0x000000000000322f        0x1 
 .text.sgx_mm_modify_ocall
                0x0000000000003230       0xcf /home/alocin-local/tdx-pq-attestation/tdx_tests/sgxsdk/lib64/cve_2020_0551_load/libsgx_trts.a(ema_rt.o)
                0x0000000000003230                sgx_mm_modify_ocall
 *fill*         0x00000000000032ff        0x1 
 .text.sgx_mm_register_pfhandler
                0x0000000000003300       0x29 /home/alocin-local/tdx-pq-attestation/tdx_tests/sgxsdk/lib64/cve_2020_0551_load/libsgx_trts.a(ema_rt.o)
                0x0000000000003300                sgx_mm_register_pfhandler
 *fill*         0x0000000000003329        0x7 
 .text.sgx_mm_mutex_create
                0x0000000000003330       0x39 /home/alocin-local/tdx-pq-attestation/tdx_tests/sgxsdk/lib64/cve_2020_0551_load/libsgx_trts.a(ema_rt.o)
                0x0000000000003330                sgx_mm_mutex_create
 *fill*         0x0000000000003369        0x7 
 .text.sgx_mm_mutex_lock
                0x0000000000003370       0x32 /home/alocin-local/tdx-pq-attestation/tdx_tests/sgxsdk/lib64/cve_2020_0551_load/libsgx_trts.a(ema_rt.o)
                0x0000000000003370                sgx_mm_mutex_lock
 *fill*         0x00000000000033a2        0xe 
 .text.sgx_mm_mutex_unlock
                0x00000000000033b0        0xc /home/alocin-local/tdx-pq-attestation/tdx_tests/sgxsdk/lib64/cve_2020_0551_load/libsgx_trts.a(ema_rt.o)
                0x00000000000033b0                sgx_mm_mutex_unlock
 *fill*         0x00000000000033bc        0x4 
 .text.sgx_mm_is_within_enclave
                0x00000000000033c0       0x1e /home/alocin-local/tdx-pq-attestation/tdx_tests/sgxsdk/lib64/cve_2020_0551_load/libsgx_trts.a(ema_rt.o)
                0x00000000000033c0                sgx_mm_is_within_enclave
 *fill*         0x00000000000033de        0x2 
 .text.init_optimized_libs
                0x00000000000033e0      0x168 /home/alocin-local/tdx-pq-attestation/tdx_tests/sgxsdk/lib64/cve_2020_0551_load/libsgx_trts.a(init_optimized_lib.o)
                0x00000000000033e0                init_optimized_libs
 *fill*         0x0000000000003548        0x8 
 .text.sgx_is_within_enclave
                0x0000000000003550       0x62 /home/alocin-local/tdx-pq-attestation/tdx_tests/sgxsdk/lib64/cve_2020_0551_load/libsgx_trts.a(trts.o)
                0x0000000000003550                sgx_is_within_enclave
 *fill*         0x00000000000035b2        0xe 
 .text.sgx_is_outside_enclave
                0x00000000000035c0       0x63 /home/alocin-local/tdx-pq-attestation/tdx_tests/sgxsdk/lib64/cve_2020_0551_load/libsgx_trts.a(trts.o)
                0x00000000000035c0                sgx_is_outside_enclave
 *fill*         0x0000000000003623        0xd 
 .text.sgx_ocalloc
                0x0000000000003630      0x102 /home/alocin-local/tdx-pq-attestation/tdx_tests/sgxsdk/lib64/cve_2020_0551_load/libsgx_trts.a(trts.o)
                0x0000000000003630                sgx_ocalloc
 *fill*         0x0000000000003732        0xe 
 .text.sgx_ocfree
                0x0000000000003740       0x80 /home/alocin-local/tdx-pq-attestation/tdx_tests/sgxsdk/lib64/cve_2020_0551_load/libsgx_trts.a(trts.o)
                0x0000000000003740                sgx_ocfree
 .text.sgx_read_rand
                0x00000000000037c0      0x176 /home/alocin-local/tdx-pq-attestation/tdx_tests/sgxsdk/lib64/cve_2020_0551_load/libsgx_trts.a(trts.o)
                0x00000000000037c0                sgx_read_rand
 *fill*         0x0000000000003936        0xa 
 .text.check_static_stack_canary
                0x0000000000003940       0x27 /home/alocin-local/tdx-pq-attestation/tdx_tests/sgxsdk/lib64/cve_2020_0551_load/libsgx_trts.a(trts.o)
                0x0000000000003940                check_static_stack_canary
 *fill*         0x0000000000003967        0x9 
 .text.sgx_wrpkru
                0x0000000000003970       0x2c /home/alocin-local/tdx-pq-attestation/tdx_tests/sgxsdk/lib64/cve_2020_0551_load/libsgx_trts.a(trts.o)
                0x0000000000003970                sgx_wrpkru
 *fill*         0x000000000000399c        0x4 
 .text._ZL25check_dynamic_entry_rangePvmtmP24dynamic_flags_attributes.constprop.0
                0x00000000000039a0       0xef /home/alocin-local/tdx-pq-attestation/tdx_tests/sgxsdk/lib64/cve_2020_0551_load/libsgx_trts.a(trts_add_trim.o)
 *fill*         0x0000000000003a8f        0x1 
 .text._ZL19check_dynamic_rangePvmPmP24dynamic_flags_attributes.constprop.0
                0x0000000000003a90      0x242 /home/alocin-local/tdx-pq-attestation/tdx_tests/sgxsdk/lib64/cve_2020_0551_load/libsgx_trts.a(trts_add_trim.o)
 *fill*         0x0000000000003cd2        0xe 
 .text.is_dynamic_thread
                0x0000000000003ce0       0x6e /home/alocin-local/tdx-pq-attestation/tdx_tests/sgxsdk/lib64/cve_2020_0551_load/libsgx_trts.a(trts_add_trim.o)
                0x0000000000003ce0                is_dynamic_thread
 *fill*         0x0000000000003d4e        0x2 
 .text.is_dynamic_thread_exist
                0x0000000000003d50       0x77 /home/alocin-local/tdx-pq-attestation/tdx_tests/sgxsdk/lib64/cve_2020_0551_load/libsgx_trts.a(trts_add_trim.o)
                0x0000000000003d50                is_dynamic_thread_exist
 *fill*         0x0000000000003dc7        0x9 
 .text.get_dynamic_stack_max_page
                0x0000000000003dd0       0x67 /home/alocin-local/tdx-pq-attestation/tdx_tests/sgxsdk/lib64/cve_2020_0551_load/libsgx_trts.a(trts_add_trim.o)
                0x0000000000003dd0                get_dynamic_stack_max_page
 *fill*         0x0000000000003e37        0x9 
 .text.do_add_thread
                0x0000000000003e40      0x229 /home/alocin-local/tdx-pq-attestation/tdx_tests/sgxsdk/lib64/cve_2020_0551_load/libsgx_trts.a(trts_add_trim.o)
                0x0000000000003e40                do_add_thread
 *fill*         0x0000000000004069        0x7 
 .text.sgx_set_ssa_aexnotify
                0x0000000000004070       0x86 /home/alocin-local/tdx-pq-attestation/tdx_tests/sgxsdk/lib64/cve_2020_0551_load/libsgx_trts.a(trts_aex.o)
                0x0000000000004070                sgx_set_ssa_aexnotify
 *fill*         0x00000000000040f6        0xa 
 .text.sgx_apply_mitigations
                0x0000000000004100       0x59 /home/alocin-local/tdx-pq-attestation/tdx_tests/sgxsdk/lib64/cve_2020_0551_load/libsgx_trts.a(trts_aex.o)
                0x0000000000004100                sgx_apply_mitigations
 *fill*         0x0000000000004159        0x7 
 .text._pthread_thread_run
                0x0000000000004160        0x7 /home/alocin-local/tdx-pq-attestation/tdx_tests/sgxsdk/lib64/cve_2020_0551_load/libsgx_trts.a(trts_ecall.o)
                0x0000000000004160                _pthread_thread_run
 *fill*         0x0000000000004167        0x9 
 .text._ZL11do_save_tcsPv
                0x0000000000004170      0x101 /home/alocin-local/tdx-pq-attestation/tdx_tests/sgxsdk/lib64/cve_2020_0551_load/libsgx_trts.a(trts_ecall.o)
 *fill*         0x0000000000004271        0xf 
 .text._ZL18add_static_threadsPVK9_layout_tS1_m
                0x0000000000004280      0x127 /home/alocin-local/tdx-pq-attestation/tdx_tests/sgxsdk/lib64/cve_2020_0551_load/libsgx_trts.a(trts_ecall.o)
 *fill*         0x00000000000043a7        0x9 
 .text._ZL10trts_ecalljPv
                0x00000000000043b0      0x280 /home/alocin-local/tdx-pq-attestation/tdx_tests/sgxsdk/lib64/cve_2020_0551_load/libsgx_trts.a(trts_ecall.o)
 .text._Z30_random_stack_noinline_wrapperI9_status_tJjPvEJRiRS1_EET_PFS4_DpT0_EDpOT1_.constprop.0.isra.0
                0x0000000000004630        0x5 /home/alocin-local/tdx-pq-attestation/tdx_tests/sgxsdk/lib64/cve_2020_0551_load/libsgx_trts.a(trts_ecall.o)
 *fill*         0x0000000000004635        0xb 
 .text._Z16_pthread_enabledv
                0x0000000000004640        0x7 /home/alocin-local/tdx-pq-attestation/tdx_tests/sgxsdk/lib64/cve_2020_0551_load/libsgx_trts.a(trts_ecall.o)
                0x0000000000004640                _pthread_enabled()
 *fill*         0x0000000000004647        0x9 
 .text._Z24_pthread_tls_store_state9_status_t
                0x0000000000004650        0x5 /home/alocin-local/tdx-pq-attestation/tdx_tests/sgxsdk/lib64/cve_2020_0551_load/libsgx_trts.a(trts_ecall.o)
                0x0000000000004650                _pthread_tls_store_state(_status_t)
 *fill*         0x0000000000004655        0xb 
 .text._Z22_pthread_tls_get_statev
                0x0000000000004660        0x7 /home/alocin-local/tdx-pq-attestation/tdx_tests/sgxsdk/lib64/cve_2020_0551_load/libsgx_trts.a(trts_ecall.o)
                0x0000000000004660                _pthread_tls_get_state()
 *fill*         0x0000000000004667        0x9 
 .text._Z26_pthread_tls_store_contextPv
                0x0000000000004670        0x5 /home/alocin-local/tdx-pq-attestation/tdx_tests/sgxsdk/lib64/cve_2020_0551_load/libsgx_trts.a(trts_ecall.o)
                0x0000000000004670                _pthread_tls_store_context(void*)
 *fill*         0x0000000000004675        0xb 
 .text._Z20_pthread_wakeup_joinPv
                0x0000000000004680        0x5 /home/alocin-local/tdx-pq-attestation/tdx_tests/sgxsdk/lib64/cve_2020_0551_load/libsgx_trts.a(trts_ecall.o)
                0x0000000000004680                _pthread_wakeup_join(void*)
 *fill*         0x0000000000004685        0xb 
 .text._Z24_pthread_tls_destructorsv
                0x0000000000004690        0x5 /home/alocin-local/tdx-pq-attestation/tdx_tests/sgxsdk/lib64/cve_2020_0551_load/libsgx_trts.a(trts_ecall.o)
                0x0000000000004690                _pthread_tls_destructors()
 *fill*         0x0000000000004695        0xb 
 .text.tc_set_idle
                0x00000000000046a0        0x5 /home/alocin-local/tdx-pq-attestation/tdx_tests/sgxsdk/lib64/cve_2020_0551_load/libsgx_trts.a(trts_ecall.o)
                0x00000000000046a0                tc_set_idle
 *fill*         0x00000000000046a5        0xb 
 .text.do_init_thread
                0x00000000000046b0      0x2f6 /home/alocin-local/tdx-pq-attestation/tdx_tests/sgxsdk/lib64/cve_2020_0551_load/libsgx_trts.a(trts_ecall.o)
                0x00000000000046b0                do_init_thread
 *fill*         0x00000000000049a6        0xa 
 .text.do_ecall
                0x00000000000049b0      0x2ed /home/alocin-local/tdx-pq-attestation/tdx_tests/sgxsdk/lib64/cve_2020_0551_load/libsgx_trts.a(trts_ecall.o)
                0x00000000000049b0                do_ecall
 *fill*         0x0000000000004c9d        0x3 
 .text.do_ecall_add_thread
                0x0000000000004ca0      0x129 /home/alocin-local/tdx-pq-attestation/tdx_tests/sgxsdk/lib64/cve_2020_0551_load/libsgx_trts.a(trts_ecall.o)
                0x0000000000004ca0                do_ecall_add_thread
 *fill*         0x0000000000004dc9        0x7 
 .text.do_uninit_enclave
                0x0000000000004dd0      0x151 /home/alocin-local/tdx-pq-attestation/tdx_tests/sgxsdk/lib64/cve_2020_0551_load/libsgx_trts.a(trts_ecall.o)
                0x0000000000004dd0                do_uninit_enclave
 *fill*         0x0000000000004f21        0xf 
 .text.sgx_ocall
                0x0000000000004f30       0x3a /home/alocin-local/tdx-pq-attestation/tdx_tests/sgxsdk/lib64/cve_2020_0551_load/libsgx_trts.a(trts_ocall.o)
                0x0000000000004f30                sgx_ocall
 *fill*         0x0000000000004f6a        0x6 
 .text.update_ocall_lastsp
                0x0000000000004f70       0x4e /home/alocin-local/tdx-pq-attestation/tdx_tests/sgxsdk/lib64/cve_2020_0551_load/libsgx_trts.a(trts_ocall.o)
                0x0000000000004f70                update_ocall_lastsp
 *fill*         0x0000000000004fbe        0x2 
 .text.do_oret  0x0000000000004fc0       0xfa /home/alocin-local/tdx-pq-attestation/tdx_tests/sgxsdk/lib64/cve_2020_0551_load/libsgx_trts.a(trts_ocall.o)
                0x0000000000004fc0                do_oret
 *fill*         0x00000000000050ba        0x6 
 .text.get_heap_base
                0x00000000000050c0       0x2d /home/alocin-local/tdx-pq-attestation/tdx_tests/sgxsdk/lib64/cve_2020_0551_load/libsgx_trts.a(trts_util.o)
                0x00000000000050c0                get_heap_base
 *fill*         0x00000000000050ed        0x3 
 .text.get_heap_size
                0x00000000000050f0       0x76 /home/alocin-local/tdx-pq-attestation/tdx_tests/sgxsdk/lib64/cve_2020_0551_load/libsgx_trts.a(trts_util.o)
                0x00000000000050f0                get_heap_size
 *fill*         0x0000000000005166        0xa 
 .text.get_heap_min_size
                0x0000000000005170       0x67 /home/alocin-local/tdx-pq-attestation/tdx_tests/sgxsdk/lib64/cve_2020_0551_load/libsgx_trts.a(trts_util.o)
                0x0000000000005170                get_heap_min_size
 *fill*         0x00000000000051d7        0x9 
 .text.get_rsrv_base
                0x00000000000051e0       0x2d /home/alocin-local/tdx-pq-attestation/tdx_tests/sgxsdk/lib64/cve_2020_0551_load/libsgx_trts.a(trts_util.o)
                0x00000000000051e0                get_rsrv_base
 *fill*         0x000000000000520d        0x3 
 .text.get_rsrv_size
                0x0000000000005210       0x76 /home/alocin-local/tdx-pq-attestation/tdx_tests/sgxsdk/lib64/cve_2020_0551_load/libsgx_trts.a(trts_util.o)
                0x0000000000005210                get_rsrv_size
 *fill*         0x0000000000005286        0xa 
 .text.get_rsrv_min_size
                0x0000000000005290       0x67 /home/alocin-local/tdx-pq-attestation/tdx_tests/sgxsdk/lib64/cve_2020_0551_load/libsgx_trts.a(trts_util.o)
                0x0000000000005290                get_rsrv_min_size
 *fill*         0x00000000000052f7        0x9 
 .text.get_errno_addr
                0x0000000000005300       0x1d /home/alocin-local/tdx-pq-attestation/tdx_tests/sgxsdk/lib64/cve_2020_0551_load/libsgx_trts.a(trts_util.o)
                0x0000000000005300                get_errno_addr
 *fill*         0x000000000000531d        0x3 
 .text.feature_supported
                0x0000000000005320       0x4f /home/alocin-local/tdx-pq-attestation/tdx_tests/sgxsdk/lib64/cve_2020_0551_load/libsgx_trts.a(trts_util.o)
                0x0000000000005320                feature_supported
 *fill*         0x000000000000536f        0x1 
 .text.is_stack_addr
                0x0000000000005370       0x52 /home/alocin-local/tdx-pq-attestation/tdx_tests/sgxsdk/lib64/cve_2020_0551_load/libsgx_trts.a(trts_util.o)
                0x0000000000005370                is_stack_addr
 *fill*         0x00000000000053c2        0xe 
 .text.is_valid_sp
                0x00000000000053d0       0x42 /home/alocin-local/tdx-pq-attestation/tdx_tests/sgxsdk/lib64/cve_2020_0551_load/libsgx_trts.a(trts_util.o)
                0x00000000000053d0                is_valid_sp
 *fill*         0x0000000000005412        0xe 
 .text.is_utility_thread
                0x0000000000005420       0x2c /home/alocin-local/tdx-pq-attestation/tdx_tests/sgxsdk/lib64/cve_2020_0551_load/libsgx_trts.a(trts_util.o)
                0x0000000000005420                is_utility_thread
 *fill*         0x000000000000544c        0x4 
 .text.is_pkru_enabled
                0x0000000000005450       0x20 /home/alocin-local/tdx-pq-attestation/tdx_tests/sgxsdk/lib64/cve_2020_0551_load/libsgx_trts.a(trts_util.o)
                0x0000000000005450                is_pkru_enabled
 .text.get_xsave_size
                0x0000000000005470       0x19 /home/alocin-local/tdx-pq-attestation/tdx_tests/sgxsdk/lib64/cve_2020_0551_load/libsgx_trts.a(trts_util.o)
                0x0000000000005470                get_xsave_size
 *fill*         0x0000000000005489        0x7 
 .text.get_ssa_aexnotify
                0x0000000000005490       0x43 /home/alocin-local/tdx-pq-attestation/tdx_tests/sgxsdk/lib64/cve_2020_0551_load/libsgx_trts.a(trts_util.o)
                0x0000000000005490                get_ssa_aexnotify
 *fill*         0x00000000000054d3        0xd 
 .text.internal_handle_exception
                0x00000000000054e0      0x53b /home/alocin-local/tdx-pq-attestation/tdx_tests/sgxsdk/lib64/cve_2020_0551_load/libsgx_trts.a(trts_veh.o)
                0x00000000000054e0                internal_handle_exception
 *fill*         0x0000000000005a1b        0x5 
 .text.trts_handle_exception
                0x0000000000005a20      0x4b5 /home/alocin-local/tdx-pq-attestation/tdx_tests/sgxsdk/lib64/cve_2020_0551_load/libsgx_trts.a(trts_veh.o)
                0x0000000000005a20                trts_handle_exception
 *fill*         0x0000000000005ed5        0xb 
 .text.get_xfeature_state
                0x0000000000005ee0       0x2f /home/alocin-local/tdx-pq-attestation/tdx_tests/sgxsdk/lib64/cve_2020_0551_load/libsgx_trts.a(trts_xsave.o)
                0x0000000000005ee0                get_xfeature_state
 *fill*         0x0000000000005f0f        0x1 
 .text.has_text_relo
                0x0000000000005f10       0x82 /home/alocin-local/tdx-pq-attestation/tdx_tests/sgxsdk/lib64/cve_2020_0551_load/libsgx_trts.a(elf_parser.o)
 *fill*         0x0000000000005f92        0xe 
 .text.do_relocs
                0x0000000000005fa0      0x238 /home/alocin-local/tdx-pq-attestation/tdx_tests/sgxsdk/lib64/cve_2020_0551_load/libsgx_trts.a(elf_parser.o)
 *fill*         0x00000000000061d8        0x8 
 .text.relocate_enclave
                0x00000000000061e0      0x277 /home/alocin-local/tdx-pq-attestation/tdx_tests/sgxsdk/lib64/cve_2020_0551_load/libsgx_trts.a(elf_parser.o)
                0x00000000000061e0                relocate_enclave
 *fill*         0x0000000000006457        0x9 
 .text.get_aligned_enclave_segments_size
                0x0000000000006460       0xcc /home/alocin-local/tdx-pq-attestation/tdx_tests/sgxsdk/lib64/cve_2020_0551_load/libsgx_trts.a(elf_parser.o)
                0x0000000000006460                get_aligned_enclave_segments_size
 *fill*         0x000000000000652c        0x4 
 .text.elf_tls_info
                0x0000000000006530       0xc3 /home/alocin-local/tdx-pq-attestation/tdx_tests/sgxsdk/lib64/cve_2020_0551_load/libsgx_trts.a(elf_parser.o)
                0x0000000000006530                elf_tls_info
 *fill*         0x00000000000065f3        0xd 
 .text.elf_get_init_array
                0x0000000000006600      0x114 /home/alocin-local/tdx-pq-attestation/tdx_tests/sgxsdk/lib64/cve_2020_0551_load/libsgx_trts.a(elf_parser.o)
                0x0000000000006600                elf_get_init_array
 *fill*         0x0000000000006714        0xc 
 .text.elf_get_uninit_array
                0x0000000000006720      0x114 /home/alocin-local/tdx-pq-attestation/tdx_tests/sgxsdk/lib64/cve_2020_0551_load/libsgx_trts.a(elf_parser.o)
                0x0000000000006720                elf_get_uninit_array
 *fill*         0x0000000000006834        0xc 
 .text.is_shared_object
                0x0000000000006840       0x35 /home/alocin-local/tdx-pq-attestation/tdx_tests/sgxsdk/lib64/cve_2020_0551_load/libsgx_trts.a(elf_parser.o)
                0x0000000000006840                is_shared_object
 *fill*         0x0000000000006875        0xb 
 .text.__relocate_fips_module
                0x0000000000006880        0x7 /home/alocin-local/tdx-pq-attestation/tdx_tests/sgxsdk/lib64/cve_2020_0551_load/libsgx_trts.a(elf_parser.o)
                0x0000000000006880                relocate_fips_module
                0x0000000000006880                __relocate_fips_module
 *fill*         0x0000000000006887        0x9 
 .text.change_protection
                0x0000000000006890      0x258 /home/alocin-local/tdx-pq-attestation/tdx_tests/sgxsdk/lib64/cve_2020_0551_load/libsgx_trts.a(elf_parser.o)
                0x0000000000006890                change_protection
 *fill*         0x0000000000006ae8        0x8 
 .text.init_segment_emas
                0x0000000000006af0      0x147 /home/alocin-local/tdx-pq-attestation/tdx_tests/sgxsdk/lib64/cve_2020_0551_load/libsgx_trts.a(elf_parser.o)
                0x0000000000006af0                init_segment_emas
 *fill*         0x0000000000006c37        0x9 
 .text.do_ctors_aux
                0x0000000000006c40       0xbc /home/alocin-local/tdx-pq-attestation/tdx_tests/sgxsdk/lib64/cve_2020_0551_load/libsgx_trts.a(global_init.o)
 *fill*         0x0000000000006cfc        0x4 
 .text.do_dtors_aux
                0x0000000000006d00       0xa4 /home/alocin-local/tdx-pq-attestation/tdx_tests/sgxsdk/lib64/cve_2020_0551_load/libsgx_trts.a(global_init.o)
 *fill*         0x0000000000006da4        0xc 
 .text.do_atexit_aux
                0x0000000000006db0       0x6e /home/alocin-local/tdx-pq-attestation/tdx_tests/sgxsdk/lib64/cve_2020_0551_load/libsgx_trts.a(global_init.o)
                0x0000000000006db0                do_atexit_aux
 *fill*         0x0000000000006e1e        0x2 
 .text.init_global_object
                0x0000000000006e20       0x5c /home/alocin-local/tdx-pq-attestation/tdx_tests/sgxsdk/lib64/cve_2020_0551_load/libsgx_trts.a(global_init.o)
                0x0000000000006e20                init_global_object
 *fill*         0x0000000000006e7c        0x4 
 .text.uninit_global_object
                0x0000000000006e80       0x74 /home/alocin-local/tdx-pq-attestation/tdx_tests/sgxsdk/lib64/cve_2020_0551_load/libsgx_trts.a(global_init.o)
                0x0000000000006e80                uninit_global_object
 *fill*         0x0000000000006ef4        0xc 
 .text.bit_array_new
                0x0000000000006f00       0x94 /home/alocin-local/tdx-pq-attestation/tdx_tests/sgxsdk/lib64/cve_2020_0551_load/libsgx_trts.a(bit_array.o)
                0x0000000000006f00                bit_array_new
 *fill*         0x0000000000006f94        0xc 
 .text.bit_array_new_set
                0x0000000000006fa0       0x38 /home/alocin-local/tdx-pq-attestation/tdx_tests/sgxsdk/lib64/cve_2020_0551_load/libsgx_trts.a(bit_array.o)
                0x0000000000006fa0                bit_array_new_set
 *fill*         0x0000000000006fd8        0x8 
 .text.bit_array_new_reset
                0x0000000000006fe0       0x35 /home/alocin-local/tdx-pq-attestation/tdx_tests/sgxsdk/lib64/cve_2020_0551_load/libsgx_trts.a(bit_array.o)
                0x0000000000006fe0                bit_array_new_reset
 *fill*         0x0000000000007015        0xb 
 .text.bit_array_delete
                0x0000000000007020       0x30 /home/alocin-local/tdx-pq-attestation/tdx_tests/sgxsdk/lib64/cve_2020_0551_load/libsgx_trts.a(bit_array.o)
                0x0000000000007020                bit_array_delete
 .text.bit_array_test
                0x0000000000007050       0x29 /home/alocin-local/tdx-pq-attestation/tdx_tests/sgxsdk/lib64/cve_2020_0551_load/libsgx_trts.a(bit_array.o)
                0x0000000000007050                bit_array_test
 *fill*         0x0000000000007079        0x7 
 .text.bit_array_test_range
                0x0000000000007080       0xd3 /home/alocin-local/tdx-pq-attestation/tdx_tests/sgxsdk/lib64/cve_2020_0551_load/libsgx_trts.a(bit_array.o)
                0x0000000000007080                bit_array_test_range
 *fill*         0x0000000000007153        0xd 
 .text.bit_array_set
                0x0000000000007160       0x25 /home/alocin-local/tdx-pq-attestation/tdx_tests/sgxsdk/lib64/cve_2020_0551_load/libsgx_trts.a(bit_array.o)
                0x0000000000007160                bit_array_set
 *fill*         0x0000000000007185        0xb 
 .text.bit_array_set_all
                0x0000000000007190       0x1e /home/alocin-local/tdx-pq-attestation/tdx_tests/sgxsdk/lib64/cve_2020_0551_load/libsgx_trts.a(bit_array.o)
                0x0000000000007190                bit_array_set_all
 *fill*         0x00000000000071ae        0x2 
 .text.bit_array_reset_range
                0x00000000000071b0       0xc5 /home/alocin-local/tdx-pq-attestation/tdx_tests/sgxsdk/lib64/cve_2020_0551_load/libsgx_trts.a(bit_array.o)
                0x00000000000071b0                bit_array_reset_range
 *fill*         0x0000000000007275        0xb 
 .text.bit_array_reset_all
                0x0000000000007280       0x1b /home/alocin-local/tdx-pq-attestation/tdx_tests/sgxsdk/lib64/cve_2020_0551_load/libsgx_trts.a(bit_array.o)
                0x0000000000007280                bit_array_reset_all
 *fill*         0x000000000000729b        0x5 
 .text.bit_array_split
                0x00000000000072a0      0x2a0 /home/alocin-local/tdx-pq-attestation/tdx_tests/sgxsdk/lib64/cve_2020_0551_load/libsgx_trts.a(bit_array.o)
                0x00000000000072a0                bit_array_split
 .text.ema_do_uncommit_real
                0x0000000000007540      0x279 /home/alocin-local/tdx-pq-attestation/tdx_tests/sgxsdk/lib64/cve_2020_0551_load/libsgx_trts.a(ema.o)
 *fill*         0x00000000000077b9        0x7 
 .text.get_ema_alloc_flags
                0x00000000000077c0        0xb /home/alocin-local/tdx-pq-attestation/tdx_tests/sgxsdk/lib64/cve_2020_0551_load/libsgx_trts.a(ema.o)
                0x00000000000077c0                get_ema_alloc_flags
 *fill*         0x00000000000077cb        0x5 
 .text.get_ema_si_flags
                0x00000000000077d0        0xc /home/alocin-local/tdx-pq-attestation/tdx_tests/sgxsdk/lib64/cve_2020_0551_load/libsgx_trts.a(ema.o)
                0x00000000000077d0                get_ema_si_flags
 *fill*         0x00000000000077dc        0x4 
 .text.ema_fault_handler
                0x00000000000077e0       0x1b /home/alocin-local/tdx-pq-attestation/tdx_tests/sgxsdk/lib64/cve_2020_0551_load/libsgx_trts.a(ema.o)
                0x00000000000077e0                ema_fault_handler
 *fill*         0x00000000000077fb        0x5 
 .text.ema_set_eaccept_full
                0x0000000000007800       0x5e /home/alocin-local/tdx-pq-attestation/tdx_tests/sgxsdk/lib64/cve_2020_0551_load/libsgx_trts.a(ema.o)
                0x0000000000007800                ema_set_eaccept_full
 *fill*         0x000000000000785e        0x2 
 .text.ema_page_committed
                0x0000000000007860       0x2f /home/alocin-local/tdx-pq-attestation/tdx_tests/sgxsdk/lib64/cve_2020_0551_load/libsgx_trts.a(ema.o)
                0x0000000000007860                ema_page_committed
 *fill*         0x000000000000788f        0x1 
 .text.search_ema
                0x0000000000007890       0x3c /home/alocin-local/tdx-pq-attestation/tdx_tests/sgxsdk/lib64/cve_2020_0551_load/libsgx_trts.a(ema.o)
                0x0000000000007890                search_ema
 *fill*         0x00000000000078cc        0x4 
 .text.search_ema_range
                0x00000000000078d0       0x90 /home/alocin-local/tdx-pq-attestation/tdx_tests/sgxsdk/lib64/cve_2020_0551_load/libsgx_trts.a(ema.o)
                0x00000000000078d0                search_ema_range
 .text.ema_split
                0x0000000000007960      0x1d6 /home/alocin-local/tdx-pq-attestation/tdx_tests/sgxsdk/lib64/cve_2020_0551_load/libsgx_trts.a(ema.o)
                0x0000000000007960                ema_split
 *fill*         0x0000000000007b36        0xa 
 .text.ema_split_ex
                0x0000000000007b40       0xef /home/alocin-local/tdx-pq-attestation/tdx_tests/sgxsdk/lib64/cve_2020_0551_load/libsgx_trts.a(ema.o)
                0x0000000000007b40                ema_split_ex
 *fill*         0x0000000000007c2f        0x1 
 .text.find_free_region
                0x0000000000007c30      0x3b2 /home/alocin-local/tdx-pq-attestation/tdx_tests/sgxsdk/lib64/cve_2020_0551_load/libsgx_trts.a(ema.o)
                0x0000000000007c30                find_free_region
 *fill*         0x0000000000007fe2        0xe 
 .text.find_free_region_at
                0x0000000000007ff0      0x119 /home/alocin-local/tdx-pq-attestation/tdx_tests/sgxsdk/lib64/cve_2020_0551_load/libsgx_trts.a(ema.o)
                0x0000000000007ff0                find_free_region_at
 *fill*         0x0000000000008109        0x7 
 .text.ema_new  0x0000000000008110      0x154 /home/alocin-local/tdx-pq-attestation/tdx_tests/sgxsdk/lib64/cve_2020_0551_load/libsgx_trts.a(ema.o)
                0x0000000000008110                ema_new
 *fill*         0x0000000000008264        0xc 
 .text.ema_destroy
                0x0000000000008270       0x68 /home/alocin-local/tdx-pq-attestation/tdx_tests/sgxsdk/lib64/cve_2020_0551_load/libsgx_trts.a(ema.o)
                0x0000000000008270                ema_destroy
 *fill*         0x00000000000082d8        0x8 
 .text.do_commit
                0x00000000000082e0      0x10b /home/alocin-local/tdx-pq-attestation/tdx_tests/sgxsdk/lib64/cve_2020_0551_load/libsgx_trts.a(ema.o)
                0x00000000000082e0                do_commit
 *fill*         0x00000000000083eb        0x5 
 .text.ema_do_commit
                0x00000000000083f0      0x14e /home/alocin-local/tdx-pq-attestation/tdx_tests/sgxsdk/lib64/cve_2020_0551_load/libsgx_trts.a(ema.o)
                0x00000000000083f0                ema_do_commit
 *fill*         0x000000000000853e        0x2 
 .text.ema_do_commit_loop
                0x0000000000008540      0x10d /home/alocin-local/tdx-pq-attestation/tdx_tests/sgxsdk/lib64/cve_2020_0551_load/libsgx_trts.a(ema.o)
                0x0000000000008540                ema_do_commit_loop
 *fill*         0x000000000000864d        0x3 
 .text.ema_change_to_tcs
                0x0000000000008650      0x1b2 /home/alocin-local/tdx-pq-attestation/tdx_tests/sgxsdk/lib64/cve_2020_0551_load/libsgx_trts.a(ema.o)
                0x0000000000008650                ema_change_to_tcs
 *fill*         0x0000000000008802        0xe 
 .text.ema_modify_permissions
                0x0000000000008810      0x2bf /home/alocin-local/tdx-pq-attestation/tdx_tests/sgxsdk/lib64/cve_2020_0551_load/libsgx_trts.a(ema.o)
                0x0000000000008810                ema_modify_permissions
 *fill*         0x0000000000008acf        0x1 
 .text.ema_do_dealloc
                0x0000000000008ad0      0x132 /home/alocin-local/tdx-pq-attestation/tdx_tests/sgxsdk/lib64/cve_2020_0551_load/libsgx_trts.a(ema.o)
                0x0000000000008ad0                ema_do_dealloc
 *fill*         0x0000000000008c02        0xe 
 .text.ema_do_dealloc_loop
                0x0000000000008c10       0x53 /home/alocin-local/tdx-pq-attestation/tdx_tests/sgxsdk/lib64/cve_2020_0551_load/libsgx_trts.a(ema.o)
                0x0000000000008c10                ema_do_dealloc_loop
 *fill*         0x0000000000008c63        0xd 
 .text.ema_do_uncommit_loop
                0x0000000000008c70      0x17c /home/alocin-local/tdx-pq-attestation/tdx_tests/sgxsdk/lib64/cve_2020_0551_load/libsgx_trts.a(ema.o)
                0x0000000000008c70                ema_do_uncommit_loop
 *fill*         0x0000000000008dec        0x4 
 .text.ema_modify_permissions_loop
                0x0000000000008df0      0x18c /home/alocin-local/tdx-pq-attestation/tdx_tests/sgxsdk/lib64/cve_2020_0551_load/libsgx_trts.a(ema.o)
                0x0000000000008df0                ema_modify_permissions_loop
 *fill*         0x0000000000008f7c        0x4 
 .text.ema_realloc_from_reserve_range
                0x0000000000008f80      0x1da /home/alocin-local/tdx-pq-attestation/tdx_tests/sgxsdk/lib64/cve_2020_0551_load/libsgx_trts.a(ema.o)
                0x0000000000008f80                ema_realloc_from_reserve_range
 *fill*         0x000000000000915a        0x6 
 .text.ema_do_alloc
                0x0000000000009160      0x137 /home/alocin-local/tdx-pq-attestation/tdx_tests/sgxsdk/lib64/cve_2020_0551_load/libsgx_trts.a(ema.o)
                0x0000000000009160                ema_do_alloc
 *fill*         0x0000000000009297        0x9 
 .text.add_reserve
                0x00000000000092a0      0x18f /home/alocin-local/tdx-pq-attestation/tdx_tests/sgxsdk/lib64/cve_2020_0551_load/libsgx_trts.a(emalloc.o)
 *fill*         0x000000000000942f        0x1 
 .text.remove_from_list
                0x0000000000009430       0x92 /home/alocin-local/tdx-pq-attestation/tdx_tests/sgxsdk/lib64/cve_2020_0551_load/libsgx_trts.a(emalloc.o)
 *fill*         0x00000000000094c2        0xe 
 .text.put_free_block
                0x00000000000094d0       0x95 /home/alocin-local/tdx-pq-attestation/tdx_tests/sgxsdk/lib64/cve_2020_0551_load/libsgx_trts.a(emalloc.o)
 *fill*         0x0000000000009565        0xb 
 .text.neighbor_right
                0x0000000000009570       0xb1 /home/alocin-local/tdx-pq-attestation/tdx_tests/sgxsdk/lib64/cve_2020_0551_load/libsgx_trts.a(emalloc.o)
 *fill*         0x0000000000009621        0xf 
 .text.emalloc_init_with_reserved_mem
                0x0000000000009630       0x36 /home/alocin-local/tdx-pq-attestation/tdx_tests/sgxsdk/lib64/cve_2020_0551_load/libsgx_trts.a(emalloc.o)
                0x0000000000009630                emalloc_init_with_reserved_mem
 *fill*         0x0000000000009666        0xa 
 .text.emalloc  0x0000000000009670      0x298 /home/alocin-local/tdx-pq-attestation/tdx_tests/sgxsdk/lib64/cve_2020_0551_load/libsgx_trts.a(emalloc.o)
                0x0000000000009670                emalloc
 *fill*         0x0000000000009908        0x8 
 .text.can_erealloc
                0x0000000000009910       0x4f /home/alocin-local/tdx-pq-attestation/tdx_tests/sgxsdk/lib64/cve_2020_0551_load/libsgx_trts.a(emalloc.o)
                0x0000000000009910                can_erealloc
 *fill*         0x000000000000995f        0x1 
 .text.efree    0x0000000000009960      0x264 /home/alocin-local/tdx-pq-attestation/tdx_tests/sgxsdk/lib64/cve_2020_0551_load/libsgx_trts.a(emalloc.o)
                0x0000000000009960                efree
 *fill*         0x0000000000009bc4        0xc 
 .text.mm_init_ema
                0x0000000000009bd0      0x143 /home/alocin-local/tdx-pq-attestation/tdx_tests/sgxsdk/lib64/cve_2020_0551_load/libsgx_trts.a(emm_private.o)
                0x0000000000009bd0                mm_init_ema
 *fill*         0x0000000000009d13        0xd 
 .text.mm_alloc
                0x0000000000009d20       0x21 /home/alocin-local/tdx-pq-attestation/tdx_tests/sgxsdk/lib64/cve_2020_0551_load/libsgx_trts.a(emm_private.o)
                0x0000000000009d20                mm_alloc
 *fill*         0x0000000000009d41        0xf 
 .text.mm_commit
                0x0000000000009d50       0x13 /home/alocin-local/tdx-pq-attestation/tdx_tests/sgxsdk/lib64/cve_2020_0551_load/libsgx_trts.a(emm_private.o)
                0x0000000000009d50                mm_commit
 *fill*         0x0000000000009d63        0xd 
 .text.mm_uncommit
                0x0000000000009d70       0x13 /home/alocin-local/tdx-pq-attestation/tdx_tests/sgxsdk/lib64/cve_2020_0551_load/libsgx_trts.a(emm_private.o)
                0x0000000000009d70                mm_uncommit
 *fill*         0x0000000000009d83        0xd 
 .text.mm_dealloc
                0x0000000000009d90       0x13 /home/alocin-local/tdx-pq-attestation/tdx_tests/sgxsdk/lib64/cve_2020_0551_load/libsgx_trts.a(emm_private.o)
                0x0000000000009d90                mm_dealloc
 *fill*         0x0000000000009da3        0xd 
 .text.mm_modify_type
                0x0000000000009db0       0x13 /home/alocin-local/tdx-pq-attestation/tdx_tests/sgxsdk/lib64/cve_2020_0551_load/libsgx_trts.a(emm_private.o)
                0x0000000000009db0                mm_modify_type
 *fill*         0x0000000000009dc3        0xd 
 .text.mm_modify_permissions
                0x0000000000009dd0       0x13 /home/alocin-local/tdx-pq-attestation/tdx_tests/sgxsdk/lib64/cve_2020_0551_load/libsgx_trts.a(emm_private.o)
                0x0000000000009dd0                mm_modify_permissions
 *fill*         0x0000000000009de3        0xd 
 .text.sgx_mm_enclave_pfhandler
                0x0000000000009df0      0x279 /home/alocin-local/tdx-pq-attestation/tdx_tests/sgxsdk/lib64/cve_2020_0551_load/libsgx_trts.a(sgx_mm.o)
                0x0000000000009df0                sgx_mm_enclave_pfhandler
 *fill*         0x000000000000a069        0x7 
 .text.mm_alloc_internal
                0x000000000000a070      0x3b8 /home/alocin-local/tdx-pq-attestation/tdx_tests/sgxsdk/lib64/cve_2020_0551_load/libsgx_trts.a(sgx_mm.o)
                0x000000000000a070                mm_alloc_internal
 *fill*         0x000000000000a428        0x8 
 .text.sgx_mm_alloc
                0x000000000000a430       0x2a /home/alocin-local/tdx-pq-attestation/tdx_tests/sgxsdk/lib64/cve_2020_0551_load/libsgx_trts.a(sgx_mm.o)
                0x000000000000a430                sgx_mm_alloc
 *fill*         0x000000000000a45a        0x6 
 .text.mm_commit_internal
                0x000000000000a460       0xff /home/alocin-local/tdx-pq-attestation/tdx_tests/sgxsdk/lib64/cve_2020_0551_load/libsgx_trts.a(sgx_mm.o)
                0x000000000000a460                mm_commit_internal
 *fill*         0x000000000000a55f        0x1 
 .text.sgx_mm_commit
                0x000000000000a560        0xc /home/alocin-local/tdx-pq-attestation/tdx_tests/sgxsdk/lib64/cve_2020_0551_load/libsgx_trts.a(sgx_mm.o)
                0x000000000000a560                sgx_mm_commit
 *fill*         0x000000000000a56c        0x4 
 .text.mm_uncommit_internal
                0x000000000000a570       0xff /home/alocin-local/tdx-pq-attestation/tdx_tests/sgxsdk/lib64/cve_2020_0551_load/libsgx_trts.a(sgx_mm.o)
                0x000000000000a570                mm_uncommit_internal
 *fill*         0x000000000000a66f        0x1 
 .text.mm_dealloc_internal
                0x000000000000a670       0xff /home/alocin-local/tdx-pq-attestation/tdx_tests/sgxsdk/lib64/cve_2020_0551_load/libsgx_trts.a(sgx_mm.o)
                0x000000000000a670                mm_dealloc_internal
 *fill*         0x000000000000a76f        0x1 
 .text.mm_modify_type_internal
                0x000000000000a770      0x123 /home/alocin-local/tdx-pq-attestation/tdx_tests/sgxsdk/lib64/cve_2020_0551_load/libsgx_trts.a(sgx_mm.o)
                0x000000000000a770                mm_modify_type_internal
 *fill*         0x000000000000a893        0xd 
 .text.mm_modify_permissions_internal
                0x000000000000a8a0      0x135 /home/alocin-local/tdx-pq-attestation/tdx_tests/sgxsdk/lib64/cve_2020_0551_load/libsgx_trts.a(sgx_mm.o)
                0x000000000000a8a0                mm_modify_permissions_internal
 *fill*         0x000000000000a9d5        0xb 
 .text.sgx_mm_init
                0x000000000000a9e0       0x76 /home/alocin-local/tdx-pq-attestation/tdx_tests/sgxsdk/lib64/cve_2020_0551_load/libsgx_trts.a(sgx_mm.o)
                0x000000000000a9e0                sgx_mm_init
 *fill*         0x000000000000aa56        0xa 
 .text          0x000000000000aa60       0x17 /home/alocin-local/tdx-pq-attestation/tdx_tests/sgxsdk/lib64/cve_2020_0551_load/libsgx_tstdc.a(alloca.o)
                0x000000000000aa60                alloca
 *fill*         0x000000000000aa77        0x9 
 .text.heap_init
                0x000000000000aa80       0x6b /home/alocin-local/tdx-pq-attestation/tdx_tests/sgxsdk/lib64/cve_2020_0551_load/libsgx_tstdc.a(sbrk.o)
                0x000000000000aa80                heap_init
 *fill*         0x000000000000aaeb        0x5 
 .text.sbrk     0x000000000000aaf0      0x14c /home/alocin-local/tdx-pq-attestation/tdx_tests/sgxsdk/lib64/cve_2020_0551_load/libsgx_tstdc.a(sbrk.o)
                0x000000000000aaf0                sbrk
 *fill*         0x000000000000ac3c        0x4 
 .text.sgx_spin_lock
                0x000000000000ac40       0xb0 /home/alocin-local/tdx-pq-attestation/tdx_tests/sgxsdk/lib64/cve_2020_0551_load/libsgx_tstdc.a(spinlock.o)
                0x000000000000ac40                sgx_spin_lock
 .text.sgx_spin_unlock
                0x000000000000acf0        0xd /home/alocin-local/tdx-pq-attestation/tdx_tests/sgxsdk/lib64/cve_2020_0551_load/libsgx_tstdc.a(spinlock.o)
                0x000000000000acf0                sgx_spin_unlock
 *fill*         0x000000000000acfd        0x3 
 .text.init_mparams.isra.0
                0x000000000000ad00      0x11d /home/alocin-local/tdx-pq-attestation/tdx_tests/sgxsdk/lib64/cve_2020_0551_load/libsgx_tstdc.a(malloc.o)
 *fill*         0x000000000000ae1d        0x3 
 .text.dlmalloc
                0x000000000000ae20     0x1e96 /home/alocin-local/tdx-pq-attestation/tdx_tests/sgxsdk/lib64/cve_2020_0551_load/libsgx_tstdc.a(malloc.o)
                0x000000000000ae20                malloc
                0x000000000000ae20                dlmalloc
 *fill*         0x000000000000ccb6        0xa 
 .text.dlfree   0x000000000000ccc0      0xc46 /home/alocin-local/tdx-pq-attestation/tdx_tests/sgxsdk/lib64/cve_2020_0551_load/libsgx_tstdc.a(malloc.o)
                0x000000000000ccc0                dlfree
                0x000000000000ccc0                free
 *fill*         0x000000000000d906        0xa 
 .text.__memcpy.part.0
                0x000000000000d910       0xd6 /home/alocin-local/tdx-pq-attestation/tdx_tests/sgxsdk/lib64/cve_2020_0551_load/libsgx_tstdc.a(memcpy.o)
 *fill*         0x000000000000d9e6        0xa 
 .text.memcpy_verw
                0x000000000000d9f0       0xe5 /home/alocin-local/tdx-pq-attestation/tdx_tests/sgxsdk/lib64/cve_2020_0551_load/libsgx_tstdc.a(memcpy.o)
                0x000000000000d9f0                memcpy_verw
 *fill*         0x000000000000dad5        0xb 
 .text.copy_external_memory
                0x000000000000dae0      0x13e /home/alocin-local/tdx-pq-attestation/tdx_tests/sgxsdk/lib64/cve_2020_0551_load/libsgx_tstdc.a(memcpy.o)
 *fill*         0x000000000000dc1e        0x2 
 .text.memcpy   0x000000000000dc20      0x15f /home/alocin-local/tdx-pq-attestation/tdx_tests/sgxsdk/lib64/cve_2020_0551_load/libsgx_tstdc.a(memcpy.o)
                0x000000000000dc20                memcpy
 *fill*         0x000000000000dd7f        0x1 
 .text.memset_verw
                0x000000000000dd80      0x12c /home/alocin-local/tdx-pq-attestation/tdx_tests/sgxsdk/lib64/cve_2020_0551_load/libsgx_tstdc.a(memset.o)
                0x000000000000dd80                memset_verw
 *fill*         0x000000000000deac        0x4 
 .text.memset   0x000000000000deb0        0xc /home/alocin-local/tdx-pq-attestation/tdx_tests/sgxsdk/lib64/cve_2020_0551_load/libsgx_tstdc.a(memset.o)
                0x000000000000deb0                memset
 *fill*         0x000000000000debc        0x4 
 .text.memset_s
                0x000000000000dec0       0x67 /home/alocin-local/tdx-pq-attestation/tdx_tests/sgxsdk/lib64/cve_2020_0551_load/libsgx_tstdc.a(memset_s.o)
                0x000000000000dec0                memset_s
 *fill*         0x000000000000df27        0x9 
 .text.sgx_init_string_lib
                0x000000000000df30        0x7 /home/alocin-local/tdx-pq-attestation/tdx_tests/sgxsdk/lib64/cve_2020_0551_load/libsgx_tstdc.a(se_string_init.o)
                0x000000000000df30                sgx_init_string_lib
 *fill*         0x000000000000df37        0x9 
 .text.__stack_chk_fail
                0x000000000000df40       0x15 /home/alocin-local/tdx-pq-attestation/tdx_tests/sgxsdk/lib64/cve_2020_0551_load/libsgx_tstdc.a(stack_chk.o)
                0x000000000000df40                __stack_chk_fail
 *fill*         0x000000000000df55        0xb 
 .text.sgx_thread_spin_trylock
                0x000000000000df60       0xea /home/alocin-local/tdx-pq-attestation/tdx_tests/sgxsdk/lib64/cve_2020_0551_load/libsgx_tstdc.a(sethread_spinlock.o)
                0x000000000000df60                sgx_thread_spin_trylock
 *fill*         0x000000000000e04a        0x6 
 .text.sgx_thread_spin_unlock
                0x000000000000e050       0xfa /home/alocin-local/tdx-pq-attestation/tdx_tests/sgxsdk/lib64/cve_2020_0551_load/libsgx_tstdc.a(sethread_spinlock.o)
                0x000000000000e050                sgx_thread_spin_unlock
 *fill*         0x000000000000e14a        0x6 
 .text.memcpy_s
                0x000000000000e150       0xaa /home/alocin-local/tdx-pq-attestation/tdx_tests/sgxsdk/lib64/cve_2020_0551_load/libsgx_tstdc.a(memcpy_s.o)
                0x000000000000e150                memcpy_s
 *fill*         0x000000000000e1fa        0x6 
 .text.memcpy_verw_s
                0x000000000000e200       0xaa /home/alocin-local/tdx-pq-attestation/tdx_tests/sgxsdk/lib64/cve_2020_0551_load/libsgx_tstdc.a(memcpy_s.o)
                0x000000000000e200                memcpy_verw_s
 .text          0x000000000000e2aa      0x1d7 /home/alocin-local/tdx-pq-attestation/tdx_tests/sgxsdk/lib64/cve_2020_0551_load/libsgx_tstdc.a(_setjmp.o)
                0x000000000000e2aa                setjmp
                0x000000000000e2aa                _setjmp
                0x000000000000e384                longjmp
                0x000000000000e384                _longjmp
 *fill*         0x000000000000e481        0xf 
 .text.rsrv_mem_init
                0x000000000000e490       0x64 /home/alocin-local/tdx-pq-attestation/tdx_tests/sgxsdk/lib64/cve_2020_0551_load/libsgx_tstdc.a(sgx_rsrv_mem_init.o)
                0x000000000000e490                rsrv_mem_init
 *fill*         0x000000000000e4f4        0xc 
 .text.__errno  0x000000000000e500        0xc /home/alocin-local/tdx-pq-attestation/tdx_tests/sgxsdk/lib64/cve_2020_0551_load/libsgx_tstdc.a(errno.o)
                0x000000000000e500                __errno
                0x000000000000e500                __errno_location
 *fill*         0x000000000000e50c        0x4 
 .text          0x000000000000e510       0x45 /home/alocin-local/tdx-pq-attestation/tdx_tests/sgxsdk/lib64/cve_2020_0551_load/libsgx_tstdc.a(memcpy_verw.o)
                0x000000000000e510                _libc___memcpy_verw
                0x000000000000e510                __memcpy_verw
                0x000000000000e540                __memcpy_8a
                0x000000000000e540                _libc___memcpy_8a
 *fill*         0x000000000000e555        0xb 
 .text          0x000000000000e560       0x5c /home/alocin-local/tdx-pq-attestation/tdx_tests/sgxsdk/lib64/cve_2020_0551_load/libsgx_tstdc.a(memset.o)
                0x000000000000e560                _libc___memset
                0x000000000000e560                __memset
 *fill*         0x000000000000e5bc        0x4 
 .text.sgx_create_report
                0x000000000000e5c0      0x1ef /home/alocin-local/tdx-pq-attestation/tdx_tests/sgxsdk/lib64/cve_2020_0551_load/libsgx_tservice.a(sgx_create_report.o)
                0x000000000000e5c0                sgx_create_report
 *fill*         0x000000000000e7af        0x1 
 .text.sgx_self_report
                0x000000000000e7b0       0x8e /home/alocin-local/tdx-pq-attestation/tdx_tests/sgxsdk/lib64/cve_2020_0551_load/libsgx_tservice.a(sgx_create_report.o)
                0x000000000000e7b0                sgx_self_report
 *fill*         0x000000000000e83e        0x2 
 .text.sgx_get_key
                0x000000000000e840      0x223 /home/alocin-local/tdx-pq-attestation/tdx_tests/sgxsdk/lib64/cve_2020_0551_load/libsgx_tservice.a(sgx_get_key.o)
                0x000000000000e840                sgx_get_key
 *fill*         0x000000000000ea63        0xd 
 .text.sgx_init_crypto_lib
                0x000000000000ea70        0xc /home/alocin-local/tdx-pq-attestation/tdx_tests/sgxsdk/lib64/cve_2020_0551_load/libsgx_tcrypto.a(init_tcrypto_lib.o)
                0x000000000000ea70                sgx_init_crypto_lib
 *fill*         0x000000000000ea7c        0x4 
 .text._ZL22fips_self_test_cmac128v.part.0
                0x000000000000ea80       0xde /home/alocin-local/tdx-pq-attestation/tdx_tests/sgxsdk/lib64/cve_2020_0551_load/libsgx_tcrypto.a(sgx_cmac128.o)
 *fill*         0x000000000000eb5e        0x2 
 .text.sgx_rijndael128_cmac_msg
                0x000000000000eb60      0x286 /home/alocin-local/tdx-pq-attestation/tdx_tests/sgxsdk/lib64/cve_2020_0551_load/libsgx_tcrypto.a(sgx_cmac128.o)
                0x000000000000eb60                sgx_rijndael128_cmac_msg
 *fill*         0x000000000000ede6        0xa 
 .text._Z22fips_self_test_hash256v.part.0
                0x000000000000edf0       0xf7 /home/alocin-local/tdx-pq-attestation/tdx_tests/sgxsdk/lib64/cve_2020_0551_load/libsgx_tcrypto.a(sgx_sha256.o)
 *fill*         0x000000000000eee7        0x9 
 .text.sgx_sha256_init
                0x000000000000eef0      0x156 /home/alocin-local/tdx-pq-attestation/tdx_tests/sgxsdk/lib64/cve_2020_0551_load/libsgx_tcrypto.a(sgx_sha256.o)
                0x000000000000eef0                sgx_sha256_init
 *fill*         0x000000000000f046        0xa 
 .text.sgx_sha256_update
                0x000000000000f050       0xba /home/alocin-local/tdx-pq-attestation/tdx_tests/sgxsdk/lib64/cve_2020_0551_load/libsgx_tcrypto.a(sgx_sha256.o)
                0x000000000000f050                sgx_sha256_update
 *fill*         0x000000000000f10a        0x6 
 .text.sgx_sha256_get_hash
                0x000000000000f110       0xaa /home/alocin-local/tdx-pq-attestation/tdx_tests/sgxsdk/lib64/cve_2020_0551_load/libsgx_tcrypto.a(sgx_sha256.o)
                0x000000000000f110                sgx_sha256_get_hash
 *fill*         0x000000000000f1ba        0x6 
 .text.sgx_sha256_close
                0x000000000000f1c0       0x2a /home/alocin-local/tdx-pq-attestation/tdx_tests/sgxsdk/lib64/cve_2020_0551_load/libsgx_tcrypto.a(sgx_sha256.o)
                0x000000000000f1c0                sgx_sha256_close
 *fill*         0x000000000000f1ea        0x6 
 .text.init_ipp_cpuid
                0x000000000000f1f0      0x249 /home/alocin-local/tdx-pq-attestation/tdx_tests/sgxsdk/lib64/cve_2020_0551_load/libsgx_tcrypto.a(sgx_common_init_ipp.o)
                0x000000000000f1f0                init_ipp_cpuid
 *fill*         0x000000000000f439        0x7 
 .text.sgx_disp_ippsAES_CMACFinal
                0x000000000000f440       0xc7 /home/alocin-local/tdx-pq-attestation/tdx_tests/sgxsdk/lib64/cve_2020_0551_load/libsgx_tcrypto.a(ippsAES_CMACFinal.o)
                0x000000000000f440                sgx_disp_ippsAES_CMACFinal
 *fill*         0x000000000000f507        0x9 
 .text.sgx_disp_ippsAES_CMACGetSize
                0x000000000000f510       0x86 /home/alocin-local/tdx-pq-attestation/tdx_tests/sgxsdk/lib64/cve_2020_0551_load/libsgx_tcrypto.a(ippsAES_CMACGetSize.o)
                0x000000000000f510                sgx_disp_ippsAES_CMACGetSize
 *fill*         0x000000000000f596        0xa 
 .text.sgx_disp_ippsAES_CMACInit
                0x000000000000f5a0       0xf0 /home/alocin-local/tdx-pq-attestation/tdx_tests/sgxsdk/lib64/cve_2020_0551_load/libsgx_tcrypto.a(ippsAES_CMACInit.o)
                0x000000000000f5a0                sgx_disp_ippsAES_CMACInit
 .text.sgx_disp_ippsAES_CMACSetupNoise
                0x000000000000f690       0xae /home/alocin-local/tdx-pq-attestation/tdx_tests/sgxsdk/lib64/cve_2020_0551_load/libsgx_tcrypto.a(ippsAES_CMACSetupNoise.o)
                0x000000000000f690                sgx_disp_ippsAES_CMACSetupNoise
 *fill*         0x000000000000f73e        0x2 
 .text.sgx_disp_ippsAES_CMACUpdate
                0x000000000000f740       0xc7 /home/alocin-local/tdx-pq-attestation/tdx_tests/sgxsdk/lib64/cve_2020_0551_load/libsgx_tcrypto.a(ippsAES_CMACUpdate.o)
                0x000000000000f740                sgx_disp_ippsAES_CMACUpdate
 *fill*         0x000000000000f807        0x9 
 .text.sgx_disp_ippsHashGetSize_rmf
                0x000000000000f810       0x86 /home/alocin-local/tdx-pq-attestation/tdx_tests/sgxsdk/lib64/cve_2020_0551_load/libsgx_tcrypto.a(ippsHashGetSize_rmf.o)
                0x000000000000f810                sgx_disp_ippsHashGetSize_rmf
 *fill*         0x000000000000f896        0xa 
 .text.sgx_disp_ippsHashGetTag_rmf
                0x000000000000f8a0       0xc7 /home/alocin-local/tdx-pq-attestation/tdx_tests/sgxsdk/lib64/cve_2020_0551_load/libsgx_tcrypto.a(ippsHashGetTag_rmf.o)
                0x000000000000f8a0                sgx_disp_ippsHashGetTag_rmf
 *fill*         0x000000000000f967        0x9 
 .text.sgx_disp_ippsHashInit_rmf
                0x000000000000f970       0xb6 /home/alocin-local/tdx-pq-attestation/tdx_tests/sgxsdk/lib64/cve_2020_0551_load/libsgx_tcrypto.a(ippsHashInit_rmf.o)
                0x000000000000f970                sgx_disp_ippsHashInit_rmf
 *fill*         0x000000000000fa26        0xa 
 .text.sgx_disp_ippsHashMethod_SHA256_TT
                0x000000000000fa30       0x70 /home/alocin-local/tdx-pq-attestation/tdx_tests/sgxsdk/lib64/cve_2020_0551_load/libsgx_tcrypto.a(ippsHashMethod_SHA256_TT.o)
                0x000000000000fa30                sgx_disp_ippsHashMethod_SHA256_TT
 .text.sgx_disp_ippsHashUpdate_rmf
                0x000000000000faa0       0xc7 /home/alocin-local/tdx-pq-attestation/tdx_tests/sgxsdk/lib64/cve_2020_0551_load/libsgx_tcrypto.a(ippsHashUpdate_rmf.o)
                0x000000000000faa0                sgx_disp_ippsHashUpdate_rmf
 *fill*         0x000000000000fb67       0x19 
 .text          0x000000000000fb80     0x1150 /home/alocin-local/tdx-pq-attestation/tdx_tests/sgxsdk/lib64/cve_2020_0551_load/libsgx_tcrypto.a(m7_cpinit.c.o)
                0x000000000000ffa0                ippcpGetEnabledCpuFeatures
                0x000000000000ffc0                ippcpGetCpuFeatures
                0x0000000000010020                cpGetFeature
                0x0000000000010080                ippcpGetEnabledNumThreads
                0x00000000000100a0                owncpFeaturesToIdx
                0x0000000000010380                ippcpSetNumThreads
                0x00000000000103a0                ippcpGetNumThreads
                0x00000000000103e0                ippcpInit
                0x00000000000106a0                ippcpSetCpuFeatures
                0x0000000000010940                owncpSetCpuFeaturesAndIdx
                0x0000000000010c60                ippcpGetStatusString
                0x0000000000010cc0                ippcpGetCpuClocks
 *fill*         0x0000000000010cd0       0x10 
 .text          0x0000000000010ce0      0x218 /home/alocin-local/tdx-pq-attestation/tdx_tests/sgxsdk/lib64/cve_2020_0551_load/libsgx_tcrypto.a(selftest_aes_upd_cmac.c.o)
                0x0000000000010ce0                fips_selftest_ippsAES_CMAC_get_size
                0x0000000000010d60                fips_selftest_ippsAES_CMACUpdate
 *fill*         0x0000000000010ef8        0x8 
 .text          0x0000000000010f00      0x39a /home/alocin-local/tdx-pq-attestation/tdx_tests/sgxsdk/lib64/cve_2020_0551_load/libsgx_tcrypto.a(selftest_hash_msg_upd_sha.c.o)
                0x0000000000010f00                fips_selftest_ippsHash_rmf_get_size
                0x0000000000010f80                fips_selftest_ippsHashUpdate_rmf
                0x0000000000011180                fips_selftest_ippsHashMessage_rmf
 *fill*         0x000000000001129a        0x6 
 .text          0x00000000000112a0      0x1fa /home/alocin-local/tdx-pq-attestation/tdx_tests/sgxsdk/lib64/cve_2020_0551_load/libsgx_tcrypto.a(y8_pcpaes_cmacfinal.c.o)
                0x00000000000112a0                y8_ippsAES_CMACFinal
 *fill*         0x000000000001149a        0x6 
 .text          0x00000000000114a0       0x20 /home/alocin-local/tdx-pq-attestation/tdx_tests/sgxsdk/lib64/cve_2020_0551_load/libsgx_tcrypto.a(y8_pcpaes_cmacgetsize.c.o)
                0x00000000000114a0                y8_ippsAES_CMACGetSize
 .text          0x00000000000114c0      0x41d /home/alocin-local/tdx-pq-attestation/tdx_tests/sgxsdk/lib64/cve_2020_0551_load/libsgx_tcrypto.a(y8_pcpaes_cmacgettag.c.o)
                0x00000000000114c0                y8_ippsAES_CMACGetTag
 *fill*         0x00000000000118dd        0x3 
 .text          0x00000000000118e0      0x317 /home/alocin-local/tdx-pq-attestation/tdx_tests/sgxsdk/lib64/cve_2020_0551_load/libsgx_tcrypto.a(y8_pcpaes_cmacinit.c.o)
                0x00000000000118e0                y8_ippsAES_CMACInit
 *fill*         0x0000000000011bf7        0x9 
 .text          0x0000000000011c00      0x6fa /home/alocin-local/tdx-pq-attestation/tdx_tests/sgxsdk/lib64/cve_2020_0551_load/libsgx_tcrypto.a(y8_pcpaes_cmacupdate.c.o)
                0x0000000000011d00                y8_ippsAES_CMACUpdate
 *fill*         0x00000000000122fa        0x6 
 .text          0x0000000000012300      0x1c6 /home/alocin-local/tdx-pq-attestation/tdx_tests/sgxsdk/lib64/cve_2020_0551_load/libsgx_tcrypto.a(y8_pcpaes_randomnoise.c.o)
                0x0000000000012300                y8_cpAESRandomNoise
 *fill*         0x00000000000124c6       0x1a 
 .text          0x00000000000124e0       0x5c /home/alocin-local/tdx-pq-attestation/tdx_tests/sgxsdk/lib64/cve_2020_0551_load/libsgx_tcrypto.a(y8_pcpaescmac_setupnoise.c.o)
                0x00000000000124e0                y8_ippsAES_CMACSetupNoise
 *fill*         0x000000000001253c        0x4 
 .text          0x0000000000012540      0x236 /home/alocin-local/tdx-pq-attestation/tdx_tests/sgxsdk/lib64/cve_2020_0551_load/libsgx_tcrypto.a(y8_pcpaesminitca.c.o)
                0x0000000000012540                y8_ippsAESInit
 *fill*         0x0000000000012776        0xa 
 .text          0x0000000000012780       0x20 /home/alocin-local/tdx-pq-attestation/tdx_tests/sgxsdk/lib64/cve_2020_0551_load/libsgx_tcrypto.a(y8_pcphashgetsize_rmf.c.o)
                0x0000000000012780                y8_ippsHashGetSize_rmf
 .text          0x00000000000127a0      0x10d /home/alocin-local/tdx-pq-attestation/tdx_tests/sgxsdk/lib64/cve_2020_0551_load/libsgx_tcrypto.a(y8_pcphashgettag_rmf.c.o)
                0x00000000000127a0                y8_ippsHashGetTag_rmf
 *fill*         0x00000000000128ad       0x13 
 .text          0x00000000000128c0       0x9b /home/alocin-local/tdx-pq-attestation/tdx_tests/sgxsdk/lib64/cve_2020_0551_load/libsgx_tcrypto.a(y8_pcphashinit_rmf.c.o)
                0x00000000000128c0                y8_ippsHashInit_rmf
 *fill*         0x000000000001295b        0x5 
 .text          0x0000000000012960      0x1bd /home/alocin-local/tdx-pq-attestation/tdx_tests/sgxsdk/lib64/cve_2020_0551_load/libsgx_tcrypto.a(y8_pcphashmethod_sha256_tt.c.o)
                0x0000000000012aa0                y8_ippsHashMethod_SHA256_TT
 *fill*         0x0000000000012b1d        0x3 
 .text          0x0000000000012b20      0x63c /home/alocin-local/tdx-pq-attestation/tdx_tests/sgxsdk/lib64/cve_2020_0551_load/libsgx_tcrypto.a(y8_pcphashupdate_rmf.c.o)
                0x0000000000012b20                y8_ippsHashUpdate_rmf
 *fill*         0x000000000001315c        0x4 
 .text          0x0000000000013160       0x91 /home/alocin-local/tdx-pq-attestation/tdx_tests/sgxsdk/lib64/cve_2020_0551_load/libsgx_tcrypto.a(y8_pcpprngenca.c.o)
                0x0000000000013160                y8_ippsPRNGen
 *fill*         0x00000000000131f1        0xf 
 .text          0x0000000000013200       0x2a /home/alocin-local/tdx-pq-attestation/tdx_tests/sgxsdk/lib64/cve_2020_0551_load/libsgx_tcrypto.a(y8_pcpprngenhwca.c.o)
                0x0000000000013200                y8_ippsPRNGenRDRAND
 *fill*         0x000000000001322a       0x16 
 .text          0x0000000000013240      0x16c /home/alocin-local/tdx-pq-attestation/tdx_tests/sgxsdk/lib64/cve_2020_0551_load/libsgx_tcrypto.a(y8_pcpprnginitca.c.o)
                0x0000000000013240                y8_ippsPRNGInit
 *fill*         0x00000000000133ac       0x14 
 .text          0x00000000000133c0      0xeca /home/alocin-local/tdx-pq-attestation/tdx_tests/sgxsdk/lib64/cve_2020_0551_load/libsgx_tcrypto.a(y8_pcprijkeysca.c.o)
                0x00000000000133c0                y8_ExpandRijndaelKey
 *fill*         0x000000000001428a       0x16 
 .text          0x00000000000142a0       0x5d /home/alocin-local/tdx-pq-attestation/tdx_tests/sgxsdk/lib64/cve_2020_0551_load/libsgx_tcrypto.a(y8_pcptool.c.o)
                0x00000000000142a0                y8_XorBlock16
                0x00000000000142e0                y8_CopyBlock16
 *fill*         0x00000000000142fd        0x3 
 .text          0x0000000000014300       0x17 /home/alocin-local/tdx-pq-attestation/tdx_tests/sgxsdk/lib64/cve_2020_0551_load/libsgx_tcrypto.a(y8_pcpdelay.asm.o)
                0x0000000000014300                y8__ippcpDelay
 *fill*         0x0000000000014317        0x9 
 .text          0x0000000000014320       0x77 /home/alocin-local/tdx-pq-attestation/tdx_tests/sgxsdk/lib64/cve_2020_0551_load/libsgx_tcrypto.a(y8_pcprij128cmace9as.asm.o)
                0x0000000000014320                y8_cpAESCMAC_Update_AES_NI
 *fill*         0x0000000000014397        0x9 
 .text          0x00000000000143a0      0x3ad /home/alocin-local/tdx-pq-attestation/tdx_tests/sgxsdk/lib64/cve_2020_0551_load/libsgx_tcrypto.a(y8_pcprij128safeencu8as.asm.o)
                0x00000000000143a0                y8_TransformNative2Composite
                0x0000000000014400                y8_SafeEncrypt_RIJ128
 *fill*         0x000000000001474d        0x3 
 .text          0x0000000000014750      0x381 /home/alocin-local/tdx-pq-attestation/tdx_tests/sgxsdk/lib64/cve_2020_0551_load/libsgx_tcrypto.a(y8_pcpsha256nias.asm.o)
                0x0000000000014750                y8_UpdateSHA256ni
 *fill*         0x0000000000014ad1        0xf 
 .text          0x0000000000014ae0     0x24db /home/alocin-local/tdx-pq-attestation/tdx_tests/sgxsdk/lib64/cve_2020_0551_load/libsgx_tcrypto.a(y8_pcpsha256u8as.asm.o)
                0x0000000000014ae0                y8_UpdateSHA256
 *fill*         0x0000000000016fbb        0x5 
 .text          0x0000000000016fc0      0x304 /home/alocin-local/tdx-pq-attestation/tdx_tests/sgxsdk/lib64/cve_2020_0551_load/libsgx_tcrypto.a(e9_cpinitas.asm.o)
                0x0000000000016fc0                cpGetReg
                0x0000000000017000                cp_is_avx_extension
                0x0000000000017040                cp_is_avx512_extension
                0x00000000000170a0                cp_issue_avx512_instruction
                0x00000000000170c0                ippcpSafeInit
                0x0000000000017100                cp_get_pentium_counter
                0x0000000000017120                cpStartTscp
                0x0000000000017160                cpStopTscp
                0x00000000000171a0                cpStartTsc
                0x00000000000171c0                cpStopTsc
                0x0000000000017200                cpGetCacheSize
 *fill*         0x00000000000172c4       0x1c 
 .text          0x00000000000172e0       0xf6 /home/alocin-local/tdx-pq-attestation/tdx_tests/sgxsdk/lib64/cve_2020_0551_load/libsgx_tcrypto.a(l9_pcpaes_cmacfinal.c.o)
                0x00000000000172e0                l9_ippsAES_CMACFinal
 *fill*         0x00000000000173d6        0xa 
 .text          0x00000000000173e0       0x20 /home/alocin-local/tdx-pq-attestation/tdx_tests/sgxsdk/lib64/cve_2020_0551_load/libsgx_tcrypto.a(l9_pcpaes_cmacgetsize.c.o)
                0x00000000000173e0                l9_ippsAES_CMACGetSize
 .text          0x0000000000017400      0x220 /home/alocin-local/tdx-pq-attestation/tdx_tests/sgxsdk/lib64/cve_2020_0551_load/libsgx_tcrypto.a(l9_pcpaes_cmacgettag.c.o)
                0x0000000000017400                l9_ippsAES_CMACGetTag
 .text          0x0000000000017620      0x318 /home/alocin-local/tdx-pq-attestation/tdx_tests/sgxsdk/lib64/cve_2020_0551_load/libsgx_tcrypto.a(l9_pcpaes_cmacinit.c.o)
                0x0000000000017620                l9_ippsAES_CMACInit
 *fill*         0x0000000000017938        0x8 
 .text          0x0000000000017940      0x5da /home/alocin-local/tdx-pq-attestation/tdx_tests/sgxsdk/lib64/cve_2020_0551_load/libsgx_tcrypto.a(l9_pcpaes_cmacupdate.c.o)
                0x0000000000017a40                l9_ippsAES_CMACUpdate
 *fill*         0x0000000000017f1a        0x6 
 .text          0x0000000000017f20      0x1c6 /home/alocin-local/tdx-pq-attestation/tdx_tests/sgxsdk/lib64/cve_2020_0551_load/libsgx_tcrypto.a(l9_pcpaes_randomnoise.c.o)
                0x0000000000017f20                l9_cpAESRandomNoise
 *fill*         0x00000000000180e6       0x1a 
 .text          0x0000000000018100       0x5c /home/alocin-local/tdx-pq-attestation/tdx_tests/sgxsdk/lib64/cve_2020_0551_load/libsgx_tcrypto.a(l9_pcpaescmac_setupnoise.c.o)
                0x0000000000018100                l9_ippsAES_CMACSetupNoise
 *fill*         0x000000000001815c        0x4 
 .text          0x0000000000018160      0x25c /home/alocin-local/tdx-pq-attestation/tdx_tests/sgxsdk/lib64/cve_2020_0551_load/libsgx_tcrypto.a(l9_pcpaesminitca.c.o)
                0x0000000000018160                l9_ippsAESInit
 *fill*         0x00000000000183bc        0x4 
 .text          0x00000000000183c0       0x20 /home/alocin-local/tdx-pq-attestation/tdx_tests/sgxsdk/lib64/cve_2020_0551_load/libsgx_tcrypto.a(l9_pcphashgetsize_rmf.c.o)
                0x00000000000183c0                l9_ippsHashGetSize_rmf
 .text          0x00000000000183e0      0x107 /home/alocin-local/tdx-pq-attestation/tdx_tests/sgxsdk/lib64/cve_2020_0551_load/libsgx_tcrypto.a(l9_pcphashgettag_rmf.c.o)
                0x00000000000183e0                l9_ippsHashGetTag_rmf
 *fill*         0x00000000000184e7       0x19 
 .text          0x0000000000018500       0x83 /home/alocin-local/tdx-pq-attestation/tdx_tests/sgxsdk/lib64/cve_2020_0551_load/libsgx_tcrypto.a(l9_pcphashinit_rmf.c.o)
                0x0000000000018500                l9_ippsHashInit_rmf
 *fill*         0x0000000000018583       0x1d 
 .text          0x00000000000185a0      0x1df /home/alocin-local/tdx-pq-attestation/tdx_tests/sgxsdk/lib64/cve_2020_0551_load/libsgx_tcrypto.a(l9_pcphashmethod_sha256_tt.c.o)
                0x0000000000018700                l9_ippsHashMethod_SHA256_TT
 *fill*         0x000000000001877f        0x1 
 .text          0x0000000000018780      0x39a /home/alocin-local/tdx-pq-attestation/tdx_tests/sgxsdk/lib64/cve_2020_0551_load/libsgx_tcrypto.a(l9_pcphashupdate_rmf.c.o)
                0x0000000000018780                l9_ippsHashUpdate_rmf
 *fill*         0x0000000000018b1a        0x6 
 .text          0x0000000000018b20       0x91 /home/alocin-local/tdx-pq-attestation/tdx_tests/sgxsdk/lib64/cve_2020_0551_load/libsgx_tcrypto.a(l9_pcpprngenca.c.o)
                0x0000000000018b20                l9_ippsPRNGen
 *fill*         0x0000000000018bb1        0xf 
 .text          0x0000000000018bc0      0x161 /home/alocin-local/tdx-pq-attestation/tdx_tests/sgxsdk/lib64/cve_2020_0551_load/libsgx_tcrypto.a(l9_pcpprngenhwca.c.o)
                0x0000000000018bc0                l9_ippsPRNGenRDRAND
 *fill*         0x0000000000018d21       0x1f 
 .text          0x0000000000018d40      0x172 /home/alocin-local/tdx-pq-attestation/tdx_tests/sgxsdk/lib64/cve_2020_0551_load/libsgx_tcrypto.a(l9_pcpprnginitca.c.o)
                0x0000000000018d40                l9_ippsPRNGInit
 *fill*         0x0000000000018eb2        0xe 
 .text          0x0000000000018ec0      0xfa9 /home/alocin-local/tdx-pq-attestation/tdx_tests/sgxsdk/lib64/cve_2020_0551_load/libsgx_tcrypto.a(l9_pcprijkeysca.c.o)
                0x0000000000018ec0                l9_ExpandRijndaelKey
 *fill*         0x0000000000019e69       0x17 
 .text          0x0000000000019e80       0x5d /home/alocin-local/tdx-pq-attestation/tdx_tests/sgxsdk/lib64/cve_2020_0551_load/libsgx_tcrypto.a(l9_pcptool.c.o)
                0x0000000000019e80                l9_XorBlock16
                0x0000000000019ec0                l9_CopyBlock16
 *fill*         0x0000000000019edd        0x3 
 .text          0x0000000000019ee0       0x17 /home/alocin-local/tdx-pq-attestation/tdx_tests/sgxsdk/lib64/cve_2020_0551_load/libsgx_tcrypto.a(l9_pcpdelay.asm.o)
                0x0000000000019ee0                l9__ippcpDelay
 *fill*         0x0000000000019ef7        0x9 
 .text          0x0000000000019f00       0x9a /home/alocin-local/tdx-pq-attestation/tdx_tests/sgxsdk/lib64/cve_2020_0551_load/libsgx_tcrypto.a(l9_pcprij128cmace9as.asm.o)
                0x0000000000019f00                l9_cpAESCMAC_Update_AES_NI
 *fill*         0x0000000000019f9a        0x6 
 .text          0x0000000000019fa0      0x3b0 /home/alocin-local/tdx-pq-attestation/tdx_tests/sgxsdk/lib64/cve_2020_0551_load/libsgx_tcrypto.a(l9_pcprij128safeencu8as.asm.o)
                0x0000000000019fa0                l9_TransformNative2Composite
                0x000000000001a000                l9_SafeEncrypt_RIJ128
 *fill*         0x000000000001a350       0x10 
 .text          0x000000000001a360     0x141c /home/alocin-local/tdx-pq-attestation/tdx_tests/sgxsdk/lib64/cve_2020_0551_load/libsgx_tcrypto.a(l9_pcpsha256l9as.asm.o)
                0x000000000001a360                l9_UpdateSHA256
 *fill*         0x000000000001b77c        0x4 
 .text          0x000000000001b780      0x384 /home/alocin-local/tdx-pq-attestation/tdx_tests/sgxsdk/lib64/cve_2020_0551_load/libsgx_tcrypto.a(l9_pcpsha256nias.asm.o)
                0x000000000001b780                l9_UpdateSHA256ni
 *fill*         0x000000000001bb04       0x1c 
 .text          0x000000000001bb20       0xf6 /home/alocin-local/tdx-pq-attestation/tdx_tests/sgxsdk/lib64/cve_2020_0551_load/libsgx_tcrypto.a(k1_pcpaes_cmacfinal.c.o)
                0x000000000001bb20                k1_ippsAES_CMACFinal
 *fill*         0x000000000001bc16        0xa 
 .text          0x000000000001bc20       0x20 /home/alocin-local/tdx-pq-attestation/tdx_tests/sgxsdk/lib64/cve_2020_0551_load/libsgx_tcrypto.a(k1_pcpaes_cmacgetsize.c.o)
                0x000000000001bc20                k1_ippsAES_CMACGetSize
 .text          0x000000000001bc40      0x267 /home/alocin-local/tdx-pq-attestation/tdx_tests/sgxsdk/lib64/cve_2020_0551_load/libsgx_tcrypto.a(k1_pcpaes_cmacgettag.c.o)
                0x000000000001bc40                k1_ippsAES_CMACGetTag
 *fill*         0x000000000001bea7       0x19 
 .text          0x000000000001bec0      0x328 /home/alocin-local/tdx-pq-attestation/tdx_tests/sgxsdk/lib64/cve_2020_0551_load/libsgx_tcrypto.a(k1_pcpaes_cmacinit.c.o)
                0x000000000001bec0                k1_ippsAES_CMACInit
 *fill*         0x000000000001c1e8       0x18 
 .text          0x000000000001c200      0x5f2 /home/alocin-local/tdx-pq-attestation/tdx_tests/sgxsdk/lib64/cve_2020_0551_load/libsgx_tcrypto.a(k1_pcpaes_cmacupdate.c.o)
                0x000000000001c300                k1_ippsAES_CMACUpdate
 *fill*         0x000000000001c7f2        0xe 
 .text          0x000000000001c800      0x1b6 /home/alocin-local/tdx-pq-attestation/tdx_tests/sgxsdk/lib64/cve_2020_0551_load/libsgx_tcrypto.a(k1_pcpaes_randomnoise.c.o)
                0x000000000001c800                k1_cpAESRandomNoise
 *fill*         0x000000000001c9b6        0xa 
 .text          0x000000000001c9c0       0x5c /home/alocin-local/tdx-pq-attestation/tdx_tests/sgxsdk/lib64/cve_2020_0551_load/libsgx_tcrypto.a(k1_pcpaescmac_setupnoise.c.o)
                0x000000000001c9c0                k1_ippsAES_CMACSetupNoise
 *fill*         0x000000000001ca1c        0x4 
 .text          0x000000000001ca20      0x27b /home/alocin-local/tdx-pq-attestation/tdx_tests/sgxsdk/lib64/cve_2020_0551_load/libsgx_tcrypto.a(k1_pcpaesminitca.c.o)
                0x000000000001ca20                k1_ippsAESInit
 *fill*         0x000000000001cc9b        0x5 
 .text          0x000000000001cca0       0x20 /home/alocin-local/tdx-pq-attestation/tdx_tests/sgxsdk/lib64/cve_2020_0551_load/libsgx_tcrypto.a(k1_pcphashgetsize_rmf.c.o)
                0x000000000001cca0                k1_ippsHashGetSize_rmf
 .text          0x000000000001ccc0      0x1a1 /home/alocin-local/tdx-pq-attestation/tdx_tests/sgxsdk/lib64/cve_2020_0551_load/libsgx_tcrypto.a(k1_pcphashgettag_rmf.c.o)
                0x000000000001ccc0                k1_ippsHashGetTag_rmf
 *fill*         0x000000000001ce61       0x1f 
 .text          0x000000000001ce80       0x86 /home/alocin-local/tdx-pq-attestation/tdx_tests/sgxsdk/lib64/cve_2020_0551_load/libsgx_tcrypto.a(k1_pcphashinit_rmf.c.o)
                0x000000000001ce80                k1_ippsHashInit_rmf
 *fill*         0x000000000001cf06       0x1a 
 .text          0x000000000001cf20      0x1d3 /home/alocin-local/tdx-pq-attestation/tdx_tests/sgxsdk/lib64/cve_2020_0551_load/libsgx_tcrypto.a(k1_pcphashmethod_sha256_tt.c.o)
                0x000000000001d080                k1_ippsHashMethod_SHA256_TT
 *fill*         0x000000000001d0f3        0xd 
 .text          0x000000000001d100      0x39b /home/alocin-local/tdx-pq-attestation/tdx_tests/sgxsdk/lib64/cve_2020_0551_load/libsgx_tcrypto.a(k1_pcphashupdate_rmf.c.o)
                0x000000000001d100                k1_ippsHashUpdate_rmf
 *fill*         0x000000000001d49b        0x5 
 .text          0x000000000001d4a0       0x91 /home/alocin-local/tdx-pq-attestation/tdx_tests/sgxsdk/lib64/cve_2020_0551_load/libsgx_tcrypto.a(k1_pcpprngenca.c.o)
                0x000000000001d4a0                k1_ippsPRNGen
 *fill*         0x000000000001d531        0xf 
 .text          0x000000000001d540      0x161 /home/alocin-local/tdx-pq-attestation/tdx_tests/sgxsdk/lib64/cve_2020_0551_load/libsgx_tcrypto.a(k1_pcpprngenhwca.c.o)
                0x000000000001d540                k1_ippsPRNGenRDRAND
 *fill*         0x000000000001d6a1       0x1f 
 .text          0x000000000001d6c0      0x1b2 /home/alocin-local/tdx-pq-attestation/tdx_tests/sgxsdk/lib64/cve_2020_0551_load/libsgx_tcrypto.a(k1_pcpprnginitca.c.o)
                0x000000000001d6c0                k1_ippsPRNGInit
 *fill*         0x000000000001d872        0xe 
 .text          0x000000000001d880     0x2ea4 /home/alocin-local/tdx-pq-attestation/tdx_tests/sgxsdk/lib64/cve_2020_0551_load/libsgx_tcrypto.a(k1_pcprijkeysca.c.o)
                0x000000000001d880                k1_ExpandRijndaelKey
 *fill*         0x0000000000020724       0x1c 
 .text          0x0000000000020740       0x5d /home/alocin-local/tdx-pq-attestation/tdx_tests/sgxsdk/lib64/cve_2020_0551_load/libsgx_tcrypto.a(k1_pcptool.c.o)
                0x0000000000020740                k1_XorBlock16
                0x0000000000020780                k1_CopyBlock16
 *fill*         0x000000000002079d       0x23 
 .text          0x00000000000207c0       0x17 /home/alocin-local/tdx-pq-attestation/tdx_tests/sgxsdk/lib64/cve_2020_0551_load/libsgx_tcrypto.a(k1_pcpdelay.asm.o)
                0x00000000000207c0                k1__ippcpDelay
 *fill*         0x00000000000207d7       0x29 
 .text          0x0000000000020800       0xba /home/alocin-local/tdx-pq-attestation/tdx_tests/sgxsdk/lib64/cve_2020_0551_load/libsgx_tcrypto.a(k1_pcprij128cmace9as.asm.o)
                0x0000000000020800                k1_cpAESCMAC_Update_AES_NI
 *fill*         0x00000000000208ba        0x6 
 .text          0x00000000000208c0      0x3d0 /home/alocin-local/tdx-pq-attestation/tdx_tests/sgxsdk/lib64/cve_2020_0551_load/libsgx_tcrypto.a(k1_pcprij128safeencu8as.asm.o)
                0x00000000000208c0                k1_TransformNative2Composite
                0x0000000000020940                k1_SafeEncrypt_RIJ128
 *fill*         0x0000000000020c90       0x30 
 .text          0x0000000000020cc0     0x147c /home/alocin-local/tdx-pq-attestation/tdx_tests/sgxsdk/lib64/cve_2020_0551_load/libsgx_tcrypto.a(k1_pcpsha256l9as.asm.o)
                0x0000000000020cc0                k1_UpdateSHA256
 *fill*         0x000000000002213c        0x4 
 .text          0x0000000000022140      0x384 /home/alocin-local/tdx-pq-attestation/tdx_tests/sgxsdk/lib64/cve_2020_0551_load/libsgx_tcrypto.a(k1_pcpsha256nias.asm.o)
                0x0000000000022140                k1_UpdateSHA256ni
 *fill*         0x00000000000224c4        0xc 
 .text.sgx_disp_ippsAES_CMACGetTag
                0x00000000000224d0       0xc7 /home/alocin-local/tdx-pq-attestation/tdx_tests/sgxsdk/lib64/cve_2020_0551_load/libsgx_tcrypto.a(ippsAES_CMACGetTag.o)
                0x00000000000224d0                sgx_disp_ippsAES_CMACGetTag
 *fill*         0x0000000000022597        0x9 
 .text.sgx_disp_ippsHashFinal_rmf
                0x00000000000225a0       0xb6 /home/alocin-local/tdx-pq-attestation/tdx_tests/sgxsdk/lib64/cve_2020_0551_load/libsgx_tcrypto.a(ippsHashFinal_rmf.o)
                0x00000000000225a0                sgx_disp_ippsHashFinal_rmf
 *fill*         0x0000000000022656        0xa 
 .text.sgx_disp_ippsHashMessage_rmf
                0x0000000000022660       0xf0 /home/alocin-local/tdx-pq-attestation/tdx_tests/sgxsdk/lib64/cve_2020_0551_load/libsgx_tcrypto.a(ippsHashMessage_rmf.o)
                0x0000000000022660                sgx_disp_ippsHashMessage_rmf
 .text.sgx_disp_ippsHashMethod_SHA256
                0x0000000000022750       0x70 /home/alocin-local/tdx-pq-attestation/tdx_tests/sgxsdk/lib64/cve_2020_0551_load/libsgx_tcrypto.a(ippsHashMethod_SHA256.o)
                0x0000000000022750                sgx_disp_ippsHashMethod_SHA256
 .text.sgx_disp_ippsHashMethod_SHA512
                0x00000000000227c0       0x70 /home/alocin-local/tdx-pq-attestation/tdx_tests/sgxsdk/lib64/cve_2020_0551_load/libsgx_tcrypto.a(ippsHashMethod_SHA512.o)
                0x00000000000227c0                sgx_disp_ippsHashMethod_SHA512
 *fill*         0x0000000000022830       0x10 
 .text          0x0000000000022840       0x5f /home/alocin-local/tdx-pq-attestation/tdx_tests/sgxsdk/lib64/cve_2020_0551_load/libsgx_tcrypto.a(common.c.o)
                0x0000000000022840                ippcp_is_fips_approved_func
                0x0000000000022860                m7_ippcp_is_mem_eq
 *fill*         0x000000000002289f        0x1 
 .text          0x00000000000228a0       0x8c /home/alocin-local/tdx-pq-attestation/tdx_tests/sgxsdk/lib64/cve_2020_0551_load/libsgx_tcrypto.a(y8_pcpaes_expandkey_ni.c.o)
                0x00000000000228a0                y8_cpExpandAesKey_NI
 *fill*         0x000000000002292c       0x14 
 .text          0x0000000000022940       0xbf /home/alocin-local/tdx-pq-attestation/tdx_tests/sgxsdk/lib64/cve_2020_0551_load/libsgx_tcrypto.a(y8_pcpaes_internal_func.c.o)
                0x0000000000022940                y8_cpAes_setup_ptrs_and_methods
 *fill*         0x00000000000229ff        0x1 
 .text          0x0000000000022a00      0x41e /home/alocin-local/tdx-pq-attestation/tdx_tests/sgxsdk/lib64/cve_2020_0551_load/libsgx_tcrypto.a(y8_pcphashca_rmf.c.o)
                0x0000000000022a00                y8_cpFinalize_rmf
 *fill*         0x0000000000022e1e        0x2 
 .text          0x0000000000022e20       0xd8 /home/alocin-local/tdx-pq-attestation/tdx_tests/sgxsdk/lib64/cve_2020_0551_load/libsgx_tcrypto.a(y8_pcphashfinal_rmf.c.o)
                0x0000000000022e20                y8_ippsHashFinal_rmf
 *fill*         0x0000000000022ef8        0x8 
 .text          0x0000000000022f00      0x100 /home/alocin-local/tdx-pq-attestation/tdx_tests/sgxsdk/lib64/cve_2020_0551_load/libsgx_tcrypto.a(y8_pcphashmessage_rmf.c.o)
                0x0000000000022f00                y8_ippsHashMessage_rmf
 .text          0x0000000000023000      0x172 /home/alocin-local/tdx-pq-attestation/tdx_tests/sgxsdk/lib64/cve_2020_0551_load/libsgx_tcrypto.a(y8_pcphashmethod_sha256.c.o)
                0x0000000000023120                y8_ippsHashMethod_SHA256
 *fill*         0x0000000000023172        0xe 
 .text          0x0000000000023180      0x192 /home/alocin-local/tdx-pq-attestation/tdx_tests/sgxsdk/lib64/cve_2020_0551_load/libsgx_tcrypto.a(y8_pcphashmethod_sha512.c.o)
                0x00000000000232c0                y8_ippsHashMethod_SHA512
 *fill*         0x0000000000023312        0xe 
 .text          0x0000000000023320      0x6dc /home/alocin-local/tdx-pq-attestation/tdx_tests/sgxsdk/lib64/cve_2020_0551_load/libsgx_tcrypto.a(y8_pcpprng_gen.c.o)
                0x0000000000023320                y8_cpPRNGen
 *fill*         0x00000000000239fc        0x4 
 .text          0x0000000000023a00      0x3e9 /home/alocin-local/tdx-pq-attestation/tdx_tests/sgxsdk/lib64/cve_2020_0551_load/libsgx_tcrypto.a(y8_pcpbnuaddm7as.asm.o)
                0x0000000000023a00                y8_cpAdd_BNU
 *fill*         0x0000000000023de9        0x7 
 .text          0x0000000000023df0      0x401 /home/alocin-local/tdx-pq-attestation/tdx_tests/sgxsdk/lib64/cve_2020_0551_load/libsgx_tcrypto.a(y8_pcpbnudivm7as.asm.o)
                0x0000000000023df0                y8_cpDiv_BNU32
 *fill*         0x00000000000241f1        0xf 
 .text          0x0000000000024200      0x100 /home/alocin-local/tdx-pq-attestation/tdx_tests/sgxsdk/lib64/cve_2020_0551_load/libsgx_tcrypto.a(y8_pcpbnuincm7as.asm.o)
                0x0000000000024200                y8_cpInc_BNU
                0x0000000000024280                y8_cpDec_BNU
 .text          0x0000000000024300       0xc7 /home/alocin-local/tdx-pq-attestation/tdx_tests/sgxsdk/lib64/cve_2020_0551_load/libsgx_tcrypto.a(y8_pcprij128decrypte9as.asm.o)
                0x0000000000024300                y8_Decrypt_RIJ128_AES_NI
 *fill*         0x00000000000243c7        0x9 
 .text          0x00000000000243d0       0xba /home/alocin-local/tdx-pq-attestation/tdx_tests/sgxsdk/lib64/cve_2020_0551_load/libsgx_tcrypto.a(y8_pcprij128encrypte9as.asm.o)
                0x00000000000243d0                y8_Encrypt_RIJ128_AES_NI
 *fill*         0x000000000002448a        0x6 
 .text          0x0000000000024490      0x3e7 /home/alocin-local/tdx-pq-attestation/tdx_tests/sgxsdk/lib64/cve_2020_0551_load/libsgx_tcrypto.a(y8_pcprij128safedecu8as.asm.o)
                0x0000000000024490                y8_SafeDecrypt_RIJ128
 *fill*         0x0000000000024877        0x9 
 .text          0x0000000000024880      0x27e /home/alocin-local/tdx-pq-attestation/tdx_tests/sgxsdk/lib64/cve_2020_0551_load/libsgx_tcrypto.a(y8_pcpsha1nias.asm.o)
                0x0000000000024880                y8_UpdateSHA1ni
 *fill*         0x0000000000024afe        0x2 
 .text          0x0000000000024b00     0x110b /home/alocin-local/tdx-pq-attestation/tdx_tests/sgxsdk/lib64/cve_2020_0551_load/libsgx_tcrypto.a(y8_pcpsha1u8as.asm.o)
                0x0000000000024b00                y8_UpdateSHA1
 *fill*         0x0000000000025c0b        0x5 
 .text          0x0000000000025c10     0x3fa6 /home/alocin-local/tdx-pq-attestation/tdx_tests/sgxsdk/lib64/cve_2020_0551_load/libsgx_tcrypto.a(y8_pcpsha512m7as.asm.o)
                0x0000000000025c10                y8_UpdateSHA512
 *fill*         0x0000000000029bb6        0xa 
 .text          0x0000000000029bc0       0x8c /home/alocin-local/tdx-pq-attestation/tdx_tests/sgxsdk/lib64/cve_2020_0551_load/libsgx_tcrypto.a(l9_pcpaes_expandkey_ni.c.o)
                0x0000000000029bc0                l9_cpExpandAesKey_NI
 *fill*         0x0000000000029c4c       0x14 
 .text          0x0000000000029c60       0xbf /home/alocin-local/tdx-pq-attestation/tdx_tests/sgxsdk/lib64/cve_2020_0551_load/libsgx_tcrypto.a(l9_pcpaes_internal_func.c.o)
                0x0000000000029c60                l9_cpAes_setup_ptrs_and_methods
 *fill*         0x0000000000029d1f        0x1 
 .text          0x0000000000029d20      0x1d2 /home/alocin-local/tdx-pq-attestation/tdx_tests/sgxsdk/lib64/cve_2020_0551_load/libsgx_tcrypto.a(l9_pcphashca_rmf.c.o)
                0x0000000000029d20                l9_cpFinalize_rmf
 *fill*         0x0000000000029ef2        0xe 
 .text          0x0000000000029f00       0xe0 /home/alocin-local/tdx-pq-attestation/tdx_tests/sgxsdk/lib64/cve_2020_0551_load/libsgx_tcrypto.a(l9_pcphashfinal_rmf.c.o)
                0x0000000000029f00                l9_ippsHashFinal_rmf
 .text          0x0000000000029fe0      0x107 /home/alocin-local/tdx-pq-attestation/tdx_tests/sgxsdk/lib64/cve_2020_0551_load/libsgx_tcrypto.a(l9_pcphashmessage_rmf.c.o)
                0x0000000000029fe0                l9_ippsHashMessage_rmf
 *fill*         0x000000000002a0e7       0x19 
 .text          0x000000000002a100      0x193 /home/alocin-local/tdx-pq-attestation/tdx_tests/sgxsdk/lib64/cve_2020_0551_load/libsgx_tcrypto.a(l9_pcphashmethod_sha256.c.o)
                0x000000000002a240                l9_ippsHashMethod_SHA256
 *fill*         0x000000000002a293        0xd 
 .text          0x000000000002a2a0      0x173 /home/alocin-local/tdx-pq-attestation/tdx_tests/sgxsdk/lib64/cve_2020_0551_load/libsgx_tcrypto.a(l9_pcphashmethod_sha512.c.o)
                0x000000000002a3c0                l9_ippsHashMethod_SHA512
 *fill*         0x000000000002a413        0xd 
 .text          0x000000000002a420      0x65d /home/alocin-local/tdx-pq-attestation/tdx_tests/sgxsdk/lib64/cve_2020_0551_load/libsgx_tcrypto.a(l9_pcpprng_gen.c.o)
                0x000000000002a420                l9_cpPRNGen
 *fill*         0x000000000002aa7d        0x3 
 .text          0x000000000002aa80      0x3ec /home/alocin-local/tdx-pq-attestation/tdx_tests/sgxsdk/lib64/cve_2020_0551_load/libsgx_tcrypto.a(l9_pcpbnuaddm7as.asm.o)
                0x000000000002aa80                l9_cpAdd_BNU
 *fill*         0x000000000002ae6c       0x14 
 .text          0x000000000002ae80      0x40a /home/alocin-local/tdx-pq-attestation/tdx_tests/sgxsdk/lib64/cve_2020_0551_load/libsgx_tcrypto.a(l9_pcpbnudivm7as.asm.o)
                0x000000000002ae80                l9_cpDiv_BNU32
 *fill*         0x000000000002b28a       0x16 
 .text          0x000000000002b2a0      0x123 /home/alocin-local/tdx-pq-attestation/tdx_tests/sgxsdk/lib64/cve_2020_0551_load/libsgx_tcrypto.a(l9_pcpbnuincm7as.asm.o)
                0x000000000002b2a0                l9_cpInc_BNU
                0x000000000002b340                l9_cpDec_BNU
 *fill*         0x000000000002b3c3       0x1d 
 .text          0x000000000002b3e0       0xca /home/alocin-local/tdx-pq-attestation/tdx_tests/sgxsdk/lib64/cve_2020_0551_load/libsgx_tcrypto.a(l9_pcprij128decrypte9as.asm.o)
                0x000000000002b3e0                l9_Decrypt_RIJ128_AES_NI
 *fill*         0x000000000002b4aa       0x16 
 .text          0x000000000002b4c0       0xbd /home/alocin-local/tdx-pq-attestation/tdx_tests/sgxsdk/lib64/cve_2020_0551_load/libsgx_tcrypto.a(l9_pcprij128encrypte9as.asm.o)
                0x000000000002b4c0                l9_Encrypt_RIJ128_AES_NI
 *fill*         0x000000000002b57d        0x3 
 .text          0x000000000002b580      0x3ea /home/alocin-local/tdx-pq-attestation/tdx_tests/sgxsdk/lib64/cve_2020_0551_load/libsgx_tcrypto.a(l9_pcprij128safedecu8as.asm.o)
                0x000000000002b580                l9_SafeDecrypt_RIJ128
 *fill*         0x000000000002b96a       0x16 
 .text          0x000000000002b980     0x19f9 /home/alocin-local/tdx-pq-attestation/tdx_tests/sgxsdk/lib64/cve_2020_0551_load/libsgx_tcrypto.a(l9_pcpsha1l9as.asm.o)
                0x000000000002b980                l9_UpdateSHA1
 *fill*         0x000000000002d379        0x7 
 .text          0x000000000002d380      0x281 /home/alocin-local/tdx-pq-attestation/tdx_tests/sgxsdk/lib64/cve_2020_0551_load/libsgx_tcrypto.a(l9_pcpsha1nias.asm.o)
                0x000000000002d380                l9_UpdateSHA1ni
 *fill*         0x000000000002d601       0x1f 
 .text          0x000000000002d620     0x1733 /home/alocin-local/tdx-pq-attestation/tdx_tests/sgxsdk/lib64/cve_2020_0551_load/libsgx_tcrypto.a(l9_pcpsha512l9as.asm.o)
                0x000000000002d620                l9_UpdateSHA512
 *fill*         0x000000000002ed53        0xd 